bash-5.0# export CHANNEL_NAME=marketplace
bash-5.0# export CHAINCODE_NAME=foodcontrol
bash-5.0# export CHAINCODE_VERSION=1
bash-5.0# export CC_RUNTIME_LANGUAGE=golang
bash-5.0# export CC_SRC_PATH="../../../chaincode/$CHAINCODE_NAME"
bash-5.0# export ORDERER_CA=./crypto/ordererOrganizations/convergenciax.com/orderers/orderer.convergenciax.com/msp/tlscacerts/tlsca.convergenciax.com-cert.pem
bash-5.0# export VERBOSE=true
bash-5.0#
bash-5.0#
bash-5.0# echo $CHANNEL_NAME
marketplace
bash-5.0# echo $CHAINCODE_NAME
foodcontrol
bash-5.0# echo $CHAINCODE_VERSION
1
bash-5.0# echo $CC_RUNTIME_LANGUAGE
golang
bash-5.0# echo $CC_SRC_PATH
../../../chaincode/foodcontrol
bash-5.0# echo $ORDERER_CA
./crypto/ordererOrganizations/convergenciax.com/orderers/orderer.convergenciax.com/msp/tlscacerts/tlsca.convergenciax.com-cert.pem
bash-5.0#
bash-5.0# ls  -las $CC_RC_PATH
total 28
     4 drwxr-xr-x    2 1000     1000          4096 Jun 20 01:55 .
     4 drwxr-xr-x    4 1000     1000          4096 Jun 19 20:00 ..
     4 -rw-rw-r--    1 1000     1000          2102 Jun 20 01:54 foodcontrol.go
     4 -rw-------    1 1000     1000           145 Jun 20 01:39 go.mod
    12 -rw-------    1 1000     1000         11407 Jun 20 01:55 go.sum
bash-5.0# ls  -las $ORDERER_CA
     4 -rw-rw-r--    1 1000     1000           879 Jun 14 23:11 ./crypto/ordererOrganizations/convergenciax.com/orderers/orderer.convergenciax.com/msp/tlscacerts/tlsca.convergenciax.com-cert.pem
bash-5.0#



bash-5.0# peer lifecycle chaincode package ${CHAINCODE_NAME}.tar.gz --path ${CC_SRC_PATH} --lang ${CC_RUNTIME_LANGUAGE} --label ${CHAINCODE_NAME}_${CHAINCODE_VERSION} >> log_instalar_${CHAINCODE_NAME}_${CHAINCODE_VERSION}.txt
2023-06-20 15:54:23.131 UTC [bccsp] GetDefault -> DEBU 001 Before using BCCSP, please call InitFactories(). Falling back to bootBCCSP.
2023-06-20 15:54:23.226 UTC [bccsp] GetDefault -> DEBU 002 Before using BCCSP, please call InitFactories(). Falling back to bootBCCSP.
2023-06-20 15:54:23.229 UTC [main] InitCmd -> DEBU 003 peer lifecycle chaincode package does not need to init crypto
2023-06-20 15:54:42.467 UTC [chaincode.platform.util] WriteFileToPackage -> DEBU 004 Writing file to tarball: src/foodcontrol.go
2023-06-20 15:54:42.468 UTC [chaincode.platform.util] WriteFileToPackage -> DEBU 005 Writing file to tarball: src/go.mod
2023-06-20 15:54:42.468 UTC [chaincode.platform.util] WriteFileToPackage -> DEBU 006 Writing file to tarball: src/go.sum
bash-5.0# ls -alsrt
total 52
     4 drwxr-xr-x    4 1000     1000          4096 Jun 14 23:11 crypto
     4 drwxr-x---    2 1000     1000          4096 Jun 14 23:11 channel-artifacts
     4 drwxr-xr-x    3 root     root          4096 Jun 15 00:09 ..
    28 -rw-r--r--    1 root     root         27424 Jun 15 00:10 marketplace.block
     0 -rw-r--r--    1 root     root             0 Jun 20 15:43 log_instalar_foodcontrol_1.txt
     8 -rw-------    1 root     root          6711 Jun 20 15:54 foodcontrol.tar.gz
     4 drwxr-xr-x    4 root     root          4096 Jun 20 15:54 .


#########
## PASO 2 - Instalando  foodcontrol en organizacion 1
###########

#########
## Instalando  foodcontrol en organizacion 1
###########


bash-5.0# peer lifecycle chaincode package ${CHAINCODE_NAME}.tar.gz --path ${CC_SRC_PATH} --lang ${CC_RUNTIME_LANGUAGE} --label ${CHAINCODE_NAME}_${CHAINCODE_VERSION} >> log_instalar_${CHAINCODE_NAME}_${CHAINCODE_VERSION}.txt
2023-06-20 17:40:52.159 UTC [bccsp] GetDefault -> DEBU 001 Before using BCCSP, please call InitFactories(). Falling back to bootBCCSP.
2023-06-20 17:40:52.202 UTC [bccsp] GetDefault -> DEBU 002 Before using BCCSP, please call InitFactories(). Falling back to bootBCCSP.
2023-06-20 17:40:52.209 UTC [main] InitCmd -> DEBU 003 peer lifecycle chaincode package does not need to init crypto
2023-06-20 17:40:53.451 UTC [chaincode.platform.util] WriteFileToPackage -> DEBU 004 Writing file to tarball: src/foodcontrol.go
2023-06-20 17:40:53.454 UTC [chaincode.platform.util] WriteFileToPackage -> DEBU 005 Writing file to tarball: src/go.mod
2023-06-20 17:40:53.456 UTC [chaincode.platform.util] WriteFileToPackage -> DEBU 006 Writing file to tarball: src/go.sum
bash-5.0# peer lifecycle chaincode install foodcontrol.tar.gz
2023-06-20 17:41:06.575 UTC [bccsp] GetDefault -> DEBU 001 Before using BCCSP, please call InitFactories(). Falling back to bootBCCSP.
2023-06-20 17:41:06.609 UTC [bccsp] GetDefault -> DEBU 002 Before using BCCSP, please call InitFactories(). Falling back to bootBCCSP.
2023-06-20 17:41:06.611 UTC [bccsp_sw] openKeyStore -> DEBU 003 KeyStore opened at [/opt/gopath/src/github.com/hyperledger/fabric/peer/crypto/peerOrganizations/org1.convergenciax.com/users/Admin@org1.convergenciax.com/msp/keystore]...done
2023-06-20 17:41:06.612 UTC [msp] getPemMaterialFromDir -> DEBU 004 Reading directory /opt/gopath/src/github.com/hyperledger/fabric/peer/crypto/peerOrganizations/org1.convergenciax.com/users/Admin@org1.convergenciax.com/msp/signcerts
2023-06-20 17:41:06.613 UTC [msp] getPemMaterialFromDir -> DEBU 005 Inspecting file /opt/gopath/src/github.com/hyperledger/fabric/peer/crypto/peerOrganizations/org1.convergenciax.com/users/Admin@org1.convergenciax.com/msp/signcerts/Admin@org1.convergenciax.com-cert.pem
2023-06-20 17:41:06.614 UTC [msp] getPemMaterialFromDir -> DEBU 006 Reading directory /opt/gopath/src/github.com/hyperledger/fabric/peer/crypto/peerOrganizations/org1.convergenciax.com/users/Admin@org1.convergenciax.com/msp/cacerts
2023-06-20 17:41:06.614 UTC [msp] getPemMaterialFromDir -> DEBU 007 Inspecting file /opt/gopath/src/github.com/hyperledger/fabric/peer/crypto/peerOrganizations/org1.convergenciax.com/users/Admin@org1.convergenciax.com/msp/cacerts/ca.org1.convergenciax.com-cert.pem
2023-06-20 17:41:06.614 UTC [msp] getPemMaterialFromDir -> DEBU 008 Reading directory /opt/gopath/src/github.com/hyperledger/fabric/peer/crypto/peerOrganizations/org1.convergenciax.com/users/Admin@org1.convergenciax.com/msp/admincerts
2023-06-20 17:41:06.614 UTC [msp] getPemMaterialFromDir -> DEBU 009 Reading directory /opt/gopath/src/github.com/hyperledger/fabric/peer/crypto/peerOrganizations/org1.convergenciax.com/users/Admin@org1.convergenciax.com/msp/intermediatecerts
2023-06-20 17:41:06.614 UTC [msp] getMspConfig -> DEBU 00a Intermediate certs folder not found at [/opt/gopath/src/github.com/hyperledger/fabric/peer/crypto/peerOrganizations/org1.convergenciax.com/users/Admin@org1.convergenciax.com/msp/intermediatecerts]. Skipping. [stat /opt/gopath/src/github.com/hyperledger/fabric/peer/crypto/peerOrganizations/org1.convergenciax.com/users/Admin@org1.convergenciax.com/msp/intermediatecerts: no such file or directory]
2023-06-20 17:41:06.614 UTC [msp] getPemMaterialFromDir -> DEBU 00b Reading directory /opt/gopath/src/github.com/hyperledger/fabric/peer/crypto/peerOrganizations/org1.convergenciax.com/users/Admin@org1.convergenciax.com/msp/tlscacerts
2023-06-20 17:41:06.614 UTC [msp] getPemMaterialFromDir -> DEBU 00c Inspecting file /opt/gopath/src/github.com/hyperledger/fabric/peer/crypto/peerOrganizations/org1.convergenciax.com/users/Admin@org1.convergenciax.com/msp/tlscacerts/tlsca.org1.convergenciax.com-cert.pem
2023-06-20 17:41:06.614 UTC [msp] getPemMaterialFromDir -> DEBU 00d Reading directory /opt/gopath/src/github.com/hyperledger/fabric/peer/crypto/peerOrganizations/org1.convergenciax.com/users/Admin@org1.convergenciax.com/msp/tlsintermediatecerts
2023-06-20 17:41:06.614 UTC [msp] getMspConfig -> DEBU 00e TLS intermediate certs folder not found at [/opt/gopath/src/github.com/hyperledger/fabric/peer/crypto/peerOrganizations/org1.convergenciax.com/users/Admin@org1.convergenciax.com/msp/tlsintermediatecerts]. Skipping. [stat /opt/gopath/src/github.com/hyperledger/fabric/peer/crypto/peerOrganizations/org1.convergenciax.com/users/Admin@org1.convergenciax.com/msp/tlsintermediatecerts: no such file or directory]
2023-06-20 17:41:06.614 UTC [msp] getPemMaterialFromDir -> DEBU 00f Reading directory /opt/gopath/src/github.com/hyperledger/fabric/peer/crypto/peerOrganizations/org1.convergenciax.com/users/Admin@org1.convergenciax.com/msp/crls
2023-06-20 17:41:06.614 UTC [msp] getMspConfig -> DEBU 010 crls folder not found at [/opt/gopath/src/github.com/hyperledger/fabric/peer/crypto/peerOrganizations/org1.convergenciax.com/users/Admin@org1.convergenciax.com/msp/crls]. Skipping. [stat /opt/gopath/src/github.com/hyperledger/fabric/peer/crypto/peerOrganizations/org1.convergenciax.com/users/Admin@org1.convergenciax.com/msp/crls: no such file or directory]
2023-06-20 17:41:06.618 UTC [msp] getMspConfig -> DEBU 011 Loading NodeOUs
2023-06-20 17:41:06.622 UTC [msp] newBccspMsp -> DEBU 012 Creating BCCSP-based MSP instance
2023-06-20 17:41:06.622 UTC [msp] New -> DEBU 013 Creating Cache-MSP instance
2023-06-20 17:41:06.622 UTC [msp] loadLocalMSP -> DEBU 014 Created new local MSP
2023-06-20 17:41:06.624 UTC [msp] Setup -> DEBU 015 Setting up MSP instance Org1MSP
2023-06-20 17:41:06.643 UTC [msp.identity] newIdentity -> DEBU 016 Creating identity instance for cert -----BEGIN CERTIFICATE-----
MIICaTCCAhCgAwIBAgIRAOzC4yV44YgFvCbhw3BWSDowCgYIKoZIzj0EAwIwfzEL
MAkGA1UEBhMCVVMxEzARBgNVBAgTCkNhbGlmb3JuaWExFjAUBgNVBAcTDVNhbiBG
cmFuY2lzY28xHzAdBgNVBAoTFm9yZzEuY29udmVyZ2VuY2lheC5jb20xIjAgBgNV
BAMTGWNhLm9yZzEuY29udmVyZ2VuY2lheC5jb20wHhcNMjMwNjE0MjMwNjAwWhcN
MzMwNjExMjMwNjAwWjB/MQswCQYDVQQGEwJVUzETMBEGA1UECBMKQ2FsaWZvcm5p
YTEWMBQGA1UEBxMNU2FuIEZyYW5jaXNjbzEfMB0GA1UEChMWb3JnMS5jb252ZXJn
ZW5jaWF4LmNvbTEiMCAGA1UEAxMZY2Eub3JnMS5jb252ZXJnZW5jaWF4LmNvbTBZ
MBMGByqGSM49AgEGCCqGSM49AwEHA0IABARBe3B18CjT8nOoNlBLd8sR3wvS3Dla
wALfytCj8sU8biPV80h9jjp19NloWf2DklSk7hENdwAuqTREdLoupU+jbTBrMA4G
A1UdDwEB/wQEAwIBpjAdBgNVHSUEFjAUBggrBgEFBQcDAgYIKwYBBQUHAwEwDwYD
VR0TAQH/BAUwAwEB/zApBgNVHQ4EIgQgrWqzlxzccus8wvM+jzx7eQs2mOh1TRau
yG8ZoCVD1f4wCgYIKoZIzj0EAwIDRwAwRAIgdfwSva2nWb3zqeE1TgxOSyo7z9GA
Uy0Nir6E4q6JSH8CIGCdqcGQX3r3ZaCt84NXc4lK16ndqjOoe9Qj33tEYuxP
-----END CERTIFICATE-----
2023-06-20 17:41:06.643 UTC [msp.identity] newIdentity -> DEBU 017 Creating identity instance for cert -----BEGIN CERTIFICATE-----
MIICOzCCAeGgAwIBAgIQYPv3GjB1ISR+1Y1MoIk/NzAKBggqhkjOPQQDAjB/MQsw
CQYDVQQGEwJVUzETMBEGA1UECBMKQ2FsaWZvcm5pYTEWMBQGA1UEBxMNU2FuIEZy
YW5jaXNjbzEfMB0GA1UEChMWb3JnMS5jb252ZXJnZW5jaWF4LmNvbTEiMCAGA1UE
AxMZY2Eub3JnMS5jb252ZXJnZW5jaWF4LmNvbTAeFw0yMzA2MTQyMzA2MDBaFw0z
MzA2MTEyMzA2MDBaMHExCzAJBgNVBAYTAlVTMRMwEQYDVQQIEwpDYWxpZm9ybmlh
MRYwFAYDVQQHEw1TYW4gRnJhbmNpc2NvMQ4wDAYDVQQLEwVhZG1pbjElMCMGA1UE
AwwcQWRtaW5Ab3JnMS5jb252ZXJnZW5jaWF4LmNvbTBZMBMGByqGSM49AgEGCCqG
SM49AwEHA0IABLzo0u4CKrU22cTNJaqj/xG3XWUDaw84giGYpmOFxxTO7FqsGK3g
MU4U1xNPfmfSnL2GFziV78IKgxYEmU96ux6jTTBLMA4GA1UdDwEB/wQEAwIHgDAM
BgNVHRMBAf8EAjAAMCsGA1UdIwQkMCKAIK1qs5cc3HLrPMLzPo88e3kLNpjodU0W
rshvGaAlQ9X+MAoGCCqGSM49BAMCA0gAMEUCIQDhHav6v2EuV7/VAFlegMAzYHD6
+koDuvcpHMFPSCVMHwIgbgKmpbHLK9m5x9DzRQIp25R3cSGi0p7K0YfEJOJTJ1Y=
-----END CERTIFICATE-----
2023-06-20 17:41:06.682 UTC [msp.identity] newIdentity -> DEBU 018 Creating identity instance for cert -----BEGIN CERTIFICATE-----
MIICOzCCAeGgAwIBAgIQYPv3GjB1ISR+1Y1MoIk/NzAKBggqhkjOPQQDAjB/MQsw
CQYDVQQGEwJVUzETMBEGA1UECBMKQ2FsaWZvcm5pYTEWMBQGA1UEBxMNU2FuIEZy
YW5jaXNjbzEfMB0GA1UEChMWb3JnMS5jb252ZXJnZW5jaWF4LmNvbTEiMCAGA1UE
AxMZY2Eub3JnMS5jb252ZXJnZW5jaWF4LmNvbTAeFw0yMzA2MTQyMzA2MDBaFw0z
MzA2MTEyMzA2MDBaMHExCzAJBgNVBAYTAlVTMRMwEQYDVQQIEwpDYWxpZm9ybmlh
MRYwFAYDVQQHEw1TYW4gRnJhbmNpc2NvMQ4wDAYDVQQLEwVhZG1pbjElMCMGA1UE
AwwcQWRtaW5Ab3JnMS5jb252ZXJnZW5jaWF4LmNvbTBZMBMGByqGSM49AgEGCCqG
SM49AwEHA0IABLzo0u4CKrU22cTNJaqj/xG3XWUDaw84giGYpmOFxxTO7FqsGK3g
MU4U1xNPfmfSnL2GFziV78IKgxYEmU96ux6jTTBLMA4GA1UdDwEB/wQEAwIHgDAM
BgNVHRMBAf8EAjAAMCsGA1UdIwQkMCKAIK1qs5cc3HLrPMLzPo88e3kLNpjodU0W
rshvGaAlQ9X+MAoGCCqGSM49BAMCA0gAMEUCIQDhHav6v2EuV7/VAFlegMAzYHD6
+koDuvcpHMFPSCVMHwIgbgKmpbHLK9m5x9DzRQIp25R3cSGi0p7K0YfEJOJTJ1Y=
-----END CERTIFICATE-----
2023-06-20 17:41:06.686 UTC [msp] setupSigningIdentity -> DEBU 019 Signing identity expires at 2033-06-11 23:06:00 +0000 UTC
2023-06-20 17:41:06.695 UTC [msp] GetDefaultSigningIdentity -> DEBU 01a Obtaining default signing identity
2023-06-20 17:41:06.696 UTC [grpc] Infof -> DEBU 01b parsed scheme: ""
2023-06-20 17:41:06.698 UTC [grpc] Infof -> DEBU 01c scheme "" not registered, fallback to default scheme
2023-06-20 17:41:06.698 UTC [grpc] Infof -> DEBU 01d ccResolverWrapper: sending update to cc: {[{peer0.org1.convergenciax.com:7051  <nil> 0 <nil>}] <nil> <nil>}
2023-06-20 17:41:06.698 UTC [grpc] Infof -> DEBU 01e ClientConn switching balancer to "pick_first"
2023-06-20 17:41:06.698 UTC [grpc] Infof -> DEBU 01f Channel switches to new LB policy "pick_first"
2023-06-20 17:41:06.699 UTC [grpc] Infof -> DEBU 020 Subchannel Connectivity change to CONNECTING
2023-06-20 17:41:06.700 UTC [grpc] Infof -> DEBU 021 Subchannel picks a new address "peer0.org1.convergenciax.com:7051" to connect
2023-06-20 17:41:06.700 UTC [grpc] UpdateSubConnState -> DEBU 022 pickfirstBalancer: HandleSubConnStateChange: 0xc000121680, {CONNECTING <nil>}
2023-06-20 17:41:06.700 UTC [grpc] Infof -> DEBU 023 Channel Connectivity change to CONNECTING
2023-06-20 17:41:06.721 UTC [grpc] Infof -> DEBU 024 Subchannel Connectivity change to READY
2023-06-20 17:41:06.721 UTC [grpc] UpdateSubConnState -> DEBU 025 pickfirstBalancer: HandleSubConnStateChange: 0xc000121680, {READY <nil>}
2023-06-20 17:41:06.721 UTC [grpc] Infof -> DEBU 026 Channel Connectivity change to READY
2023-06-20 17:41:06.723 UTC [grpc] Infof -> DEBU 027 parsed scheme: ""
2023-06-20 17:41:06.723 UTC [grpc] Infof -> DEBU 028 scheme "" not registered, fallback to default scheme
2023-06-20 17:41:06.723 UTC [grpc] Infof -> DEBU 029 ccResolverWrapper: sending update to cc: {[{peer0.org1.convergenciax.com:7051  <nil> 0 <nil>}] <nil> <nil>}
2023-06-20 17:41:06.723 UTC [grpc] Infof -> DEBU 02a ClientConn switching balancer to "pick_first"
2023-06-20 17:41:06.723 UTC [grpc] Infof -> DEBU 02b Channel switches to new LB policy "pick_first"
2023-06-20 17:41:06.723 UTC [grpc] Infof -> DEBU 02c Subchannel Connectivity change to CONNECTING
2023-06-20 17:41:06.723 UTC [grpc] Infof -> DEBU 02d Subchannel picks a new address "peer0.org1.convergenciax.com:7051" to connect
2023-06-20 17:41:06.724 UTC [grpc] UpdateSubConnState -> DEBU 02e pickfirstBalancer: HandleSubConnStateChange: 0xc0004a6cd0, {CONNECTING <nil>}
2023-06-20 17:41:06.724 UTC [grpc] Infof -> DEBU 02f Channel Connectivity change to CONNECTING
2023-06-20 17:41:06.731 UTC [grpc] Infof -> DEBU 030 Subchannel Connectivity change to READY
2023-06-20 17:41:06.735 UTC [grpc] UpdateSubConnState -> DEBU 031 pickfirstBalancer: HandleSubConnStateChange: 0xc0004a6cd0, {READY <nil>}
2023-06-20 17:41:06.736 UTC [grpc] Infof -> DEBU 032 Channel Connectivity change to READY
2023-06-20 17:41:06.740 UTC [msp.identity] Sign -> DEBU 033 Sign: plaintext: 0AD2070A6208031A0C08B2C9C7A40610...DFCDFF080000FFFF931A65F800280000
2023-06-20 17:41:06.740 UTC [msp.identity] Sign -> DEBU 034 Sign: digest: 2D1E60D31D831736D6678F5EA4092F010DF89ACD290C41E7CC0257826C8C8168
2023-06-20 17:41:29.781 UTC [cli.lifecycle.chaincode] submitInstallProposal -> INFO 035 Installed remotely: response:<status:200 payload:"\nNfoodcontrol_1:8979aeeac8c436127011c73ee54042a2c1c4d4354626fe590f8b2838288f2f7f\022\rfoodcontrol_1" >
2023-06-20 17:41:29.781 UTC [cli.lifecycle.chaincode] submitInstallProposal -> INFO 036 Chaincode code package identifier: foodcontrol_1:8979aeeac8c436127011c73ee54042a2c1c4d4354626fe590f8b2838288f2f7f
bash-5.0#

### Instalando organizacion 2
###########

bash-5.0#
bash-5.0#
bash-5.0# export CORE_PEER_MSPCONFIGPATH=/opt/gopath/src/github.com/hyperledger/fabric/peer/crypto/peerOrganizations/org2.convergenciax.com/users/Admin@org2.convergenciax.com/msp
bash-5.0# export CORE_PEER_ADDRESS=peer0.org2.convergenciax.com:7051
bash-5.0# export CORE_PEER_LOCALMSPID="Org2MSP"
bash-5.0# export CORE_PEER_TLS_ROOTCERT_FILE=/opt/gopath/src/github.com/hyperledger/fabric/peer/crypto/peerOrganizations/org2.convergenciax.com/peers/peer0.org2.convergenciax.com/tls/ca.crt
bash-5.0#
bash-5.0# peer lifecycle chaincode install ${CHAINCODE_NAME}.tar.gz
2023-06-20 18:44:42.224 UTC [bccsp] GetDefault -> DEBU 001 Before using BCCSP, please call InitFactories(). Falling back to bootBCCSP.
2023-06-20 18:44:42.286 UTC [bccsp] GetDefault -> DEBU 002 Before using BCCSP, please call InitFactories(). Falling back to bootBCCSP.
2023-06-20 18:44:42.292 UTC [bccsp_sw] openKeyStore -> DEBU 003 KeyStore opened at [/opt/gopath/src/github.com/hyperledger/fabric/peer/crypto/peerOrganizations/org2.convergenciax.com/users/Admin@org2.convergenciax.com/msp/keystore]...done
2023-06-20 18:44:42.295 UTC [msp] getPemMaterialFromDir -> DEBU 004 Reading directory /opt/gopath/src/github.com/hyperledger/fabric/peer/crypto/peerOrganizations/org2.convergenciax.com/users/Admin@org2.convergenciax.com/msp/signcerts
2023-06-20 18:44:42.295 UTC [msp] getPemMaterialFromDir -> DEBU 005 Inspecting file /opt/gopath/src/github.com/hyperledger/fabric/peer/crypto/peerOrganizations/org2.convergenciax.com/users/Admin@org2.convergenciax.com/msp/signcerts/Admin@org2.convergenciax.com-cert.pem
2023-06-20 18:44:42.317 UTC [msp] getPemMaterialFromDir -> DEBU 006 Reading directory /opt/gopath/src/github.com/hyperledger/fabric/peer/crypto/peerOrganizations/org2.convergenciax.com/users/Admin@org2.convergenciax.com/msp/cacerts
2023-06-20 18:44:42.318 UTC [msp] getPemMaterialFromDir -> DEBU 007 Inspecting file /opt/gopath/src/github.com/hyperledger/fabric/peer/crypto/peerOrganizations/org2.convergenciax.com/users/Admin@org2.convergenciax.com/msp/cacerts/ca.org2.convergenciax.com-cert.pem
2023-06-20 18:44:42.320 UTC [msp] getPemMaterialFromDir -> DEBU 008 Reading directory /opt/gopath/src/github.com/hyperledger/fabric/peer/crypto/peerOrganizations/org2.convergenciax.com/users/Admin@org2.convergenciax.com/msp/admincerts
2023-06-20 18:44:42.320 UTC [msp] getPemMaterialFromDir -> DEBU 009 Reading directory /opt/gopath/src/github.com/hyperledger/fabric/peer/crypto/peerOrganizations/org2.convergenciax.com/users/Admin@org2.convergenciax.com/msp/intermediatecerts
2023-06-20 18:44:42.320 UTC [msp] getMspConfig -> DEBU 00a Intermediate certs folder not found at [/opt/gopath/src/github.com/hyperledger/fabric/peer/crypto/peerOrganizations/org2.convergenciax.com/users/Admin@org2.convergenciax.com/msp/intermediatecerts]. Skipping. [stat /opt/gopath/src/github.com/hyperledger/fabric/peer/crypto/peerOrganizations/org2.convergenciax.com/users/Admin@org2.convergenciax.com/msp/intermediatecerts: no such file or directory]
2023-06-20 18:44:42.320 UTC [msp] getPemMaterialFromDir -> DEBU 00b Reading directory /opt/gopath/src/github.com/hyperledger/fabric/peer/crypto/peerOrganizations/org2.convergenciax.com/users/Admin@org2.convergenciax.com/msp/tlscacerts
2023-06-20 18:44:42.320 UTC [msp] getPemMaterialFromDir -> DEBU 00c Inspecting file /opt/gopath/src/github.com/hyperledger/fabric/peer/crypto/peerOrganizations/org2.convergenciax.com/users/Admin@org2.convergenciax.com/msp/tlscacerts/tlsca.org2.convergenciax.com-cert.pem
2023-06-20 18:44:42.322 UTC [msp] getPemMaterialFromDir -> DEBU 00d Reading directory /opt/gopath/src/github.com/hyperledger/fabric/peer/crypto/peerOrganizations/org2.convergenciax.com/users/Admin@org2.convergenciax.com/msp/tlsintermediatecerts
2023-06-20 18:44:42.322 UTC [msp] getMspConfig -> DEBU 00e TLS intermediate certs folder not found at [/opt/gopath/src/github.com/hyperledger/fabric/peer/crypto/peerOrganizations/org2.convergenciax.com/users/Admin@org2.convergenciax.com/msp/tlsintermediatecerts]. Skipping. [stat /opt/gopath/src/github.com/hyperledger/fabric/peer/crypto/peerOrganizations/org2.convergenciax.com/users/Admin@org2.convergenciax.com/msp/tlsintermediatecerts: no such file or directory]
2023-06-20 18:44:42.322 UTC [msp] getPemMaterialFromDir -> DEBU 00f Reading directory /opt/gopath/src/github.com/hyperledger/fabric/peer/crypto/peerOrganizations/org2.convergenciax.com/users/Admin@org2.convergenciax.com/msp/crls
2023-06-20 18:44:42.323 UTC [msp] getMspConfig -> DEBU 010 crls folder not found at [/opt/gopath/src/github.com/hyperledger/fabric/peer/crypto/peerOrganizations/org2.convergenciax.com/users/Admin@org2.convergenciax.com/msp/crls]. Skipping. [stat /opt/gopath/src/github.com/hyperledger/fabric/peer/crypto/peerOrganizations/org2.convergenciax.com/users/Admin@org2.convergenciax.com/msp/crls: no such file or directory]
2023-06-20 18:44:42.324 UTC [msp] getMspConfig -> DEBU 011 Loading NodeOUs
2023-06-20 18:44:42.324 UTC [msp] newBccspMsp -> DEBU 012 Creating BCCSP-based MSP instance
2023-06-20 18:44:42.324 UTC [msp] New -> DEBU 013 Creating Cache-MSP instance
2023-06-20 18:44:42.324 UTC [msp] loadLocalMSP -> DEBU 014 Created new local MSP
2023-06-20 18:44:42.325 UTC [msp] Setup -> DEBU 015 Setting up MSP instance Org2MSP
2023-06-20 18:44:42.325 UTC [msp.identity] newIdentity -> DEBU 016 Creating identity instance for cert -----BEGIN CERTIFICATE-----
MIICajCCAg+gAwIBAgIQISuXTrwpdz5duVMdBe6bVDAKBggqhkjOPQQDAjB/MQsw
CQYDVQQGEwJVUzETMBEGA1UECBMKQ2FsaWZvcm5pYTEWMBQGA1UEBxMNU2FuIEZy
YW5jaXNjbzEfMB0GA1UEChMWb3JnMi5jb252ZXJnZW5jaWF4LmNvbTEiMCAGA1UE
AxMZY2Eub3JnMi5jb252ZXJnZW5jaWF4LmNvbTAeFw0yMzA2MTQyMzA2MDBaFw0z
MzA2MTEyMzA2MDBaMH8xCzAJBgNVBAYTAlVTMRMwEQYDVQQIEwpDYWxpZm9ybmlh
MRYwFAYDVQQHEw1TYW4gRnJhbmNpc2NvMR8wHQYDVQQKExZvcmcyLmNvbnZlcmdl
bmNpYXguY29tMSIwIAYDVQQDExljYS5vcmcyLmNvbnZlcmdlbmNpYXguY29tMFkw
EwYHKoZIzj0CAQYIKoZIzj0DAQcDQgAERr7s/MlG2fCm2DiesGbQgf1sNyrK1HvN
+ioYHM2+pynHvoc2FiY/tQcVS6CqjTC/pV7WJXSJkYn3K8M/bdGpQaNtMGswDgYD
VR0PAQH/BAQDAgGmMB0GA1UdJQQWMBQGCCsGAQUFBwMCBggrBgEFBQcDATAPBgNV
HRMBAf8EBTADAQH/MCkGA1UdDgQiBCBHiU7WtLoOg9FnVGIscdbEWYvuuDyHNZsr
q/p9QWFljTAKBggqhkjOPQQDAgNJADBGAiEA+iXzFxjl+9hwq1zuNrFIhGb7fAsk
DIFFsZ9YQ9CyDdkCIQDQhd3qj1cvpwRX/40WaGz2eBhZLQuLGP3OOKCFgCaycw==
-----END CERTIFICATE-----
2023-06-20 18:44:42.326 UTC [msp.identity] newIdentity -> DEBU 017 Creating identity instance for cert -----BEGIN CERTIFICATE-----
MIICOjCCAeGgAwIBAgIQSe56ens5Nj7q4CX4hgeYGDAKBggqhkjOPQQDAjB/MQsw
CQYDVQQGEwJVUzETMBEGA1UECBMKQ2FsaWZvcm5pYTEWMBQGA1UEBxMNU2FuIEZy
YW5jaXNjbzEfMB0GA1UEChMWb3JnMi5jb252ZXJnZW5jaWF4LmNvbTEiMCAGA1UE
AxMZY2Eub3JnMi5jb252ZXJnZW5jaWF4LmNvbTAeFw0yMzA2MTQyMzA2MDBaFw0z
MzA2MTEyMzA2MDBaMHExCzAJBgNVBAYTAlVTMRMwEQYDVQQIEwpDYWxpZm9ybmlh
MRYwFAYDVQQHEw1TYW4gRnJhbmNpc2NvMQ4wDAYDVQQLEwVhZG1pbjElMCMGA1UE
AwwcQWRtaW5Ab3JnMi5jb252ZXJnZW5jaWF4LmNvbTBZMBMGByqGSM49AgEGCCqG
SM49AwEHA0IABMvdhXA05iKj4RlzKsh+Td5xrHLSPLIoTp/p1krnqT1M1xZOdR3A
0yj1u4n02JPDBih84HzSfqZEKUjJcqXGd1mjTTBLMA4GA1UdDwEB/wQEAwIHgDAM
BgNVHRMBAf8EAjAAMCsGA1UdIwQkMCKAIEeJTta0ug6D0WdUYixx1sRZi+64PIc1
myur+n1BYWWNMAoGCCqGSM49BAMCA0cAMEQCIG6yVDkSblIMLM1ou8Plms2iehRc
NyOozeKdr2psBb7bAiAFpDbopr9WTLAsybChO2PnjHmgfUytIK1zUDHUCpZlrQ==
-----END CERTIFICATE-----
2023-06-20 18:44:42.327 UTC [msp.identity] newIdentity -> DEBU 018 Creating identity instance for cert -----BEGIN CERTIFICATE-----
MIICOjCCAeGgAwIBAgIQSe56ens5Nj7q4CX4hgeYGDAKBggqhkjOPQQDAjB/MQsw
CQYDVQQGEwJVUzETMBEGA1UECBMKQ2FsaWZvcm5pYTEWMBQGA1UEBxMNU2FuIEZy
YW5jaXNjbzEfMB0GA1UEChMWb3JnMi5jb252ZXJnZW5jaWF4LmNvbTEiMCAGA1UE
AxMZY2Eub3JnMi5jb252ZXJnZW5jaWF4LmNvbTAeFw0yMzA2MTQyMzA2MDBaFw0z
MzA2MTEyMzA2MDBaMHExCzAJBgNVBAYTAlVTMRMwEQYDVQQIEwpDYWxpZm9ybmlh
MRYwFAYDVQQHEw1TYW4gRnJhbmNpc2NvMQ4wDAYDVQQLEwVhZG1pbjElMCMGA1UE
AwwcQWRtaW5Ab3JnMi5jb252ZXJnZW5jaWF4LmNvbTBZMBMGByqGSM49AgEGCCqG
SM49AwEHA0IABMvdhXA05iKj4RlzKsh+Td5xrHLSPLIoTp/p1krnqT1M1xZOdR3A
0yj1u4n02JPDBih84HzSfqZEKUjJcqXGd1mjTTBLMA4GA1UdDwEB/wQEAwIHgDAM
BgNVHRMBAf8EAjAAMCsGA1UdIwQkMCKAIEeJTta0ug6D0WdUYixx1sRZi+64PIc1
myur+n1BYWWNMAoGCCqGSM49BAMCA0cAMEQCIG6yVDkSblIMLM1ou8Plms2iehRc
NyOozeKdr2psBb7bAiAFpDbopr9WTLAsybChO2PnjHmgfUytIK1zUDHUCpZlrQ==
-----END CERTIFICATE-----
2023-06-20 18:44:42.328 UTC [msp] setupSigningIdentity -> DEBU 019 Signing identity expires at 2033-06-11 23:06:00 +0000 UTC
2023-06-20 18:44:42.329 UTC [msp] GetDefaultSigningIdentity -> DEBU 01a Obtaining default signing identity
2023-06-20 18:44:42.344 UTC [grpc] Infof -> DEBU 01b parsed scheme: ""
2023-06-20 18:44:42.431 UTC [grpc] Infof -> DEBU 01c scheme "" not registered, fallback to default scheme
2023-06-20 18:44:42.456 UTC [grpc] Infof -> DEBU 01d ccResolverWrapper: sending update to cc: {[{peer0.org2.convergenciax.com:7051  <nil> 0 <nil>}] <nil> <nil>}
2023-06-20 18:44:42.456 UTC [grpc] Infof -> DEBU 01e ClientConn switching balancer to "pick_first"
2023-06-20 18:44:42.456 UTC [grpc] Infof -> DEBU 01f Channel switches to new LB policy "pick_first"
2023-06-20 18:44:42.459 UTC [grpc] Infof -> DEBU 020 Subchannel Connectivity change to CONNECTING
2023-06-20 18:44:42.460 UTC [grpc] Infof -> DEBU 021 Subchannel picks a new address "peer0.org2.convergenciax.com:7051" to connect
2023-06-20 18:44:42.470 UTC [grpc] UpdateSubConnState -> DEBU 022 pickfirstBalancer: HandleSubConnStateChange: 0xc000602330, {CONNECTING <nil>}
2023-06-20 18:44:42.472 UTC [grpc] Infof -> DEBU 023 Channel Connectivity change to CONNECTING
2023-06-20 18:44:42.525 UTC [grpc] Infof -> DEBU 024 Subchannel Connectivity change to READY
2023-06-20 18:44:42.525 UTC [grpc] UpdateSubConnState -> DEBU 025 pickfirstBalancer: HandleSubConnStateChange: 0xc000602330, {READY <nil>}
2023-06-20 18:44:42.525 UTC [grpc] Infof -> DEBU 026 Channel Connectivity change to READY
2023-06-20 18:44:42.534 UTC [grpc] Infof -> DEBU 027 parsed scheme: ""
2023-06-20 18:44:42.534 UTC [grpc] Infof -> DEBU 028 scheme "" not registered, fallback to default scheme
2023-06-20 18:44:42.534 UTC [grpc] Infof -> DEBU 029 ccResolverWrapper: sending update to cc: {[{peer0.org2.convergenciax.com:7051  <nil> 0 <nil>}] <nil> <nil>}
2023-06-20 18:44:42.534 UTC [grpc] Infof -> DEBU 02a ClientConn switching balancer to "pick_first"
2023-06-20 18:44:42.534 UTC [grpc] Infof -> DEBU 02b Channel switches to new LB policy "pick_first"
2023-06-20 18:44:42.557 UTC [grpc] Infof -> DEBU 02c Subchannel Connectivity change to CONNECTING
2023-06-20 18:44:42.559 UTC [grpc] UpdateSubConnState -> DEBU 02d pickfirstBalancer: HandleSubConnStateChange: 0xc0006280e0, {CONNECTING <nil>}
2023-06-20 18:44:42.559 UTC [grpc] Infof -> DEBU 02e Channel Connectivity change to CONNECTING
2023-06-20 18:44:42.558 UTC [grpc] Infof -> DEBU 02f Subchannel picks a new address "peer0.org2.convergenciax.com:7051" to connect
2023-06-20 18:44:42.596 UTC [grpc] Infof -> DEBU 030 Subchannel Connectivity change to READY
2023-06-20 18:44:42.596 UTC [grpc] UpdateSubConnState -> DEBU 031 pickfirstBalancer: HandleSubConnStateChange: 0xc0006280e0, {READY <nil>}
2023-06-20 18:44:42.596 UTC [grpc] Infof -> DEBU 032 Channel Connectivity change to READY
2023-06-20 18:44:42.609 UTC [msp.identity] Sign -> DEBU 033 Sign: plaintext: 0AD2070A6208031A0C089AE7C7A40610...DFCDFF080000FFFF931A65F800280000
2023-06-20 18:44:42.612 UTC [msp.identity] Sign -> DEBU 034 Sign: digest: 0DEDE573CC9D2FE2F12045A30F9EF0A6B141035ECB9E8B4C71AA91D3550B7476


2023-06-20 18:45:16.074 UTC [cli.lifecycle.chaincode] submitInstallProposal -> INFO 035 Installed remotely: response:<status:200 payload:"\nNfoodcontrol_1:8979aeeac8c436127011c73ee54042a2c1c4d4354626fe590f8b2838288f2f7f\022\rfoodcontrol_1" >
2023-06-20 18:45:16.074 UTC [cli.lifecycle.chaincode] submitInstallProposal -> INFO 036 Chaincode code package identifier: foodcontrol_1:8979aeeac8c436127011c73ee54042a2c1c4d4354626fe590f8b2838288f2f7f
bash-5.0#
bash-5.0#
bash-5.0#
bash-5.0#
bash-5.0# echo  "INSTALARLO EN PEER3 (3ra organizacion)"
INSTALARLO EN PEER3 (3ra organizacion)
bash-5.0# export CORE_PEER_MSPCONFIGPATH=/opt/gopath/src/github.com/hyperledger/fabric/peer/crypto/peerOrganizations/org3.convergenciax.com/users/Admin@org3.convergenciax.com/msp
bash-5.0# export CORE_PEER_ADDRESS=peer0.org3.convergenciax.com:7051
bash-5.0# export CORE_PEER_LOCALMSPID="Org3MSP"
bash-5.0# export CORE_PEER_TLS_ROOTCERT_FILE=/opt/gopath/src/github.com/hyperledger/fabric/peer/crypto/peerOrganizations/org3.convergenciax.com/peers/peer0.org3.convergenciax.com/tls/ca.crt
bash-5.0#
bash-5.0# peer lifecycle chaincode install ${CHAINCODE_NAME}.tar.gz
2023-06-20 18:46:29.431 UTC [bccsp] GetDefault -> DEBU 001 Before using BCCSP, please call InitFactories(). Falling back to bootBCCSP.
2023-06-20 18:46:29.490 UTC [bccsp] GetDefault -> DEBU 002 Before using BCCSP, please call InitFactories(). Falling back to bootBCCSP.
2023-06-20 18:46:29.497 UTC [bccsp_sw] openKeyStore -> DEBU 003 KeyStore opened at [/opt/gopath/src/github.com/hyperledger/fabric/peer/crypto/peerOrganizations/org3.convergenciax.com/users/Admin@org3.convergenciax.com/msp/keystore]...done
2023-06-20 18:46:29.497 UTC [msp] getPemMaterialFromDir -> DEBU 004 Reading directory /opt/gopath/src/github.com/hyperledger/fabric/peer/crypto/peerOrganizations/org3.convergenciax.com/users/Admin@org3.convergenciax.com/msp/signcerts
2023-06-20 18:46:29.497 UTC [msp] getPemMaterialFromDir -> DEBU 005 Inspecting file /opt/gopath/src/github.com/hyperledger/fabric/peer/crypto/peerOrganizations/org3.convergenciax.com/users/Admin@org3.convergenciax.com/msp/signcerts/Admin@org3.convergenciax.com-cert.pem
2023-06-20 18:46:29.531 UTC [msp] getPemMaterialFromDir -> DEBU 006 Reading directory /opt/gopath/src/github.com/hyperledger/fabric/peer/crypto/peerOrganizations/org3.convergenciax.com/users/Admin@org3.convergenciax.com/msp/cacerts
2023-06-20 18:46:29.543 UTC [msp] getPemMaterialFromDir -> DEBU 007 Inspecting file /opt/gopath/src/github.com/hyperledger/fabric/peer/crypto/peerOrganizations/org3.convergenciax.com/users/Admin@org3.convergenciax.com/msp/cacerts/ca.org3.convergenciax.com-cert.pem
2023-06-20 18:46:29.557 UTC [msp] getPemMaterialFromDir -> DEBU 008 Reading directory /opt/gopath/src/github.com/hyperledger/fabric/peer/crypto/peerOrganizations/org3.convergenciax.com/users/Admin@org3.convergenciax.com/msp/admincerts
2023-06-20 18:46:29.578 UTC [msp] getPemMaterialFromDir -> DEBU 009 Reading directory /opt/gopath/src/github.com/hyperledger/fabric/peer/crypto/peerOrganizations/org3.convergenciax.com/users/Admin@org3.convergenciax.com/msp/intermediatecerts
2023-06-20 18:46:29.578 UTC [msp] getMspConfig -> DEBU 00a Intermediate certs folder not found at [/opt/gopath/src/github.com/hyperledger/fabric/peer/crypto/peerOrganizations/org3.convergenciax.com/users/Admin@org3.convergenciax.com/msp/intermediatecerts]. Skipping. [stat /opt/gopath/src/github.com/hyperledger/fabric/peer/crypto/peerOrganizations/org3.convergenciax.com/users/Admin@org3.convergenciax.com/msp/intermediatecerts: no such file or directory]
2023-06-20 18:46:29.578 UTC [msp] getPemMaterialFromDir -> DEBU 00b Reading directory /opt/gopath/src/github.com/hyperledger/fabric/peer/crypto/peerOrganizations/org3.convergenciax.com/users/Admin@org3.convergenciax.com/msp/tlscacerts
2023-06-20 18:46:29.578 UTC [msp] getPemMaterialFromDir -> DEBU 00c Inspecting file /opt/gopath/src/github.com/hyperledger/fabric/peer/crypto/peerOrganizations/org3.convergenciax.com/users/Admin@org3.convergenciax.com/msp/tlscacerts/tlsca.org3.convergenciax.com-cert.pem
2023-06-20 18:46:29.597 UTC [msp] getPemMaterialFromDir -> DEBU 00d Reading directory /opt/gopath/src/github.com/hyperledger/fabric/peer/crypto/peerOrganizations/org3.convergenciax.com/users/Admin@org3.convergenciax.com/msp/tlsintermediatecerts
2023-06-20 18:46:29.597 UTC [msp] getMspConfig -> DEBU 00e TLS intermediate certs folder not found at [/opt/gopath/src/github.com/hyperledger/fabric/peer/crypto/peerOrganizations/org3.convergenciax.com/users/Admin@org3.convergenciax.com/msp/tlsintermediatecerts]. Skipping. [stat /opt/gopath/src/github.com/hyperledger/fabric/peer/crypto/peerOrganizations/org3.convergenciax.com/users/Admin@org3.convergenciax.com/msp/tlsintermediatecerts: no such file or directory]
2023-06-20 18:46:29.597 UTC [msp] getPemMaterialFromDir -> DEBU 00f Reading directory /opt/gopath/src/github.com/hyperledger/fabric/peer/crypto/peerOrganizations/org3.convergenciax.com/users/Admin@org3.convergenciax.com/msp/crls
2023-06-20 18:46:29.597 UTC [msp] getMspConfig -> DEBU 010 crls folder not found at [/opt/gopath/src/github.com/hyperledger/fabric/peer/crypto/peerOrganizations/org3.convergenciax.com/users/Admin@org3.convergenciax.com/msp/crls]. Skipping. [stat /opt/gopath/src/github.com/hyperledger/fabric/peer/crypto/peerOrganizations/org3.convergenciax.com/users/Admin@org3.convergenciax.com/msp/crls: no such file or directory]
2023-06-20 18:46:29.601 UTC [msp] getMspConfig -> DEBU 011 Loading NodeOUs
2023-06-20 18:46:29.603 UTC [msp] newBccspMsp -> DEBU 012 Creating BCCSP-based MSP instance
2023-06-20 18:46:29.603 UTC [msp] New -> DEBU 013 Creating Cache-MSP instance
2023-06-20 18:46:29.603 UTC [msp] loadLocalMSP -> DEBU 014 Created new local MSP
2023-06-20 18:46:29.604 UTC [msp] Setup -> DEBU 015 Setting up MSP instance Org3MSP
2023-06-20 18:46:29.605 UTC [msp.identity] newIdentity -> DEBU 016 Creating identity instance for cert -----BEGIN CERTIFICATE-----
MIICazCCAhCgAwIBAgIRAIstWUiIclNzhc6i3mwOsSYwCgYIKoZIzj0EAwIwfzEL
MAkGA1UEBhMCVVMxEzARBgNVBAgTCkNhbGlmb3JuaWExFjAUBgNVBAcTDVNhbiBG
cmFuY2lzY28xHzAdBgNVBAoTFm9yZzMuY29udmVyZ2VuY2lheC5jb20xIjAgBgNV
BAMTGWNhLm9yZzMuY29udmVyZ2VuY2lheC5jb20wHhcNMjMwNjE0MjMwNjAwWhcN
MzMwNjExMjMwNjAwWjB/MQswCQYDVQQGEwJVUzETMBEGA1UECBMKQ2FsaWZvcm5p
YTEWMBQGA1UEBxMNU2FuIEZyYW5jaXNjbzEfMB0GA1UEChMWb3JnMy5jb252ZXJn
ZW5jaWF4LmNvbTEiMCAGA1UEAxMZY2Eub3JnMy5jb252ZXJnZW5jaWF4LmNvbTBZ
MBMGByqGSM49AgEGCCqGSM49AwEHA0IABPMjVETBxFrpt32XKZdihuqX378aLQYm
kEKkqvEZu38DcONnGz3m1ca25FKI5j026yZBcFicqle1wZfKOzrwuYejbTBrMA4G
A1UdDwEB/wQEAwIBpjAdBgNVHSUEFjAUBggrBgEFBQcDAgYIKwYBBQUHAwEwDwYD
VR0TAQH/BAUwAwEB/zApBgNVHQ4EIgQg+ZmF2EvMB7WJ90B5HzB64iV0XNEsbVCr
eNsKA/YcL8swCgYIKoZIzj0EAwIDSQAwRgIhANqf4TrgYMw4S3SNQda2Y8JzU8zC
4r9uz3El0LrOfCo5AiEA0p7Jh3TuXzO3lum3hzewUrRedySAhxY6WNNRet/aAJc=
-----END CERTIFICATE-----
2023-06-20 18:46:29.623 UTC [msp.identity] newIdentity -> DEBU 017 Creating identity instance for cert -----BEGIN CERTIFICATE-----
MIICOzCCAeGgAwIBAgIQR7gvAWWnFnt2p0uYCkA/pzAKBggqhkjOPQQDAjB/MQsw
CQYDVQQGEwJVUzETMBEGA1UECBMKQ2FsaWZvcm5pYTEWMBQGA1UEBxMNU2FuIEZy
YW5jaXNjbzEfMB0GA1UEChMWb3JnMy5jb252ZXJnZW5jaWF4LmNvbTEiMCAGA1UE
AxMZY2Eub3JnMy5jb252ZXJnZW5jaWF4LmNvbTAeFw0yMzA2MTQyMzA2MDBaFw0z
MzA2MTEyMzA2MDBaMHExCzAJBgNVBAYTAlVTMRMwEQYDVQQIEwpDYWxpZm9ybmlh
MRYwFAYDVQQHEw1TYW4gRnJhbmNpc2NvMQ4wDAYDVQQLEwVhZG1pbjElMCMGA1UE
AwwcQWRtaW5Ab3JnMy5jb252ZXJnZW5jaWF4LmNvbTBZMBMGByqGSM49AgEGCCqG
SM49AwEHA0IABJEMpOAP5otp2ErO3ps7EGCGB7K3i7LrhBNw1nHmJ5Ea0JPXedAE
sOs+dcPKBR8s/scetlKXJXyliGy9s9HeEl6jTTBLMA4GA1UdDwEB/wQEAwIHgDAM
BgNVHRMBAf8EAjAAMCsGA1UdIwQkMCKAIPmZhdhLzAe1ifdAeR8weuIldFzRLG1Q
q3jbCgP2HC/LMAoGCCqGSM49BAMCA0gAMEUCIQCLxfHBImngRFHU7jL2S7iQhzmf
co5+YdMQsyftSEwEAwIgKo4jQHhPhSuMhR/uOIknLw4Im9Yy/U8GuBaq0skqINo=
-----END CERTIFICATE-----
2023-06-20 18:46:29.634 UTC [msp.identity] newIdentity -> DEBU 018 Creating identity instance for cert -----BEGIN CERTIFICATE-----
MIICOzCCAeGgAwIBAgIQR7gvAWWnFnt2p0uYCkA/pzAKBggqhkjOPQQDAjB/MQsw
CQYDVQQGEwJVUzETMBEGA1UECBMKQ2FsaWZvcm5pYTEWMBQGA1UEBxMNU2FuIEZy
YW5jaXNjbzEfMB0GA1UEChMWb3JnMy5jb252ZXJnZW5jaWF4LmNvbTEiMCAGA1UE
AxMZY2Eub3JnMy5jb252ZXJnZW5jaWF4LmNvbTAeFw0yMzA2MTQyMzA2MDBaFw0z
MzA2MTEyMzA2MDBaMHExCzAJBgNVBAYTAlVTMRMwEQYDVQQIEwpDYWxpZm9ybmlh
MRYwFAYDVQQHEw1TYW4gRnJhbmNpc2NvMQ4wDAYDVQQLEwVhZG1pbjElMCMGA1UE
AwwcQWRtaW5Ab3JnMy5jb252ZXJnZW5jaWF4LmNvbTBZMBMGByqGSM49AgEGCCqG
SM49AwEHA0IABJEMpOAP5otp2ErO3ps7EGCGB7K3i7LrhBNw1nHmJ5Ea0JPXedAE
sOs+dcPKBR8s/scetlKXJXyliGy9s9HeEl6jTTBLMA4GA1UdDwEB/wQEAwIHgDAM
BgNVHRMBAf8EAjAAMCsGA1UdIwQkMCKAIPmZhdhLzAe1ifdAeR8weuIldFzRLG1Q
q3jbCgP2HC/LMAoGCCqGSM49BAMCA0gAMEUCIQCLxfHBImngRFHU7jL2S7iQhzmf
co5+YdMQsyftSEwEAwIgKo4jQHhPhSuMhR/uOIknLw4Im9Yy/U8GuBaq0skqINo=
-----END CERTIFICATE-----
2023-06-20 18:46:29.634 UTC [msp] setupSigningIdentity -> DEBU 019 Signing identity expires at 2033-06-11 23:06:00 +0000 UTC
2023-06-20 18:46:29.655 UTC [msp] GetDefaultSigningIdentity -> DEBU 01a Obtaining default signing identity
2023-06-20 18:46:29.678 UTC [grpc] Infof -> DEBU 01b parsed scheme: ""
2023-06-20 18:46:29.678 UTC [grpc] Infof -> DEBU 01c scheme "" not registered, fallback to default scheme
2023-06-20 18:46:29.678 UTC [grpc] Infof -> DEBU 01d ccResolverWrapper: sending update to cc: {[{peer0.org3.convergenciax.com:7051  <nil> 0 <nil>}] <nil> <nil>}
2023-06-20 18:46:29.678 UTC [grpc] Infof -> DEBU 01e ClientConn switching balancer to "pick_first"
2023-06-20 18:46:29.678 UTC [grpc] Infof -> DEBU 01f Channel switches to new LB policy "pick_first"
2023-06-20 18:46:29.678 UTC [grpc] Infof -> DEBU 020 Subchannel Connectivity change to CONNECTING
2023-06-20 18:46:29.703 UTC [grpc] UpdateSubConnState -> DEBU 021 pickfirstBalancer: HandleSubConnStateChange: 0xc00043ed60, {CONNECTING <nil>}
2023-06-20 18:46:29.703 UTC [grpc] Infof -> DEBU 022 Channel Connectivity change to CONNECTING
2023-06-20 18:46:29.702 UTC [grpc] Infof -> DEBU 023 Subchannel picks a new address "peer0.org3.convergenciax.com:7051" to connect
2023-06-20 18:46:29.739 UTC [grpc] Infof -> DEBU 024 Subchannel Connectivity change to READY
2023-06-20 18:46:29.739 UTC [grpc] UpdateSubConnState -> DEBU 025 pickfirstBalancer: HandleSubConnStateChange: 0xc00043ed60, {READY <nil>}
2023-06-20 18:46:29.739 UTC [grpc] Infof -> DEBU 026 Channel Connectivity change to READY
2023-06-20 18:46:29.761 UTC [grpc] Infof -> DEBU 027 parsed scheme: ""
2023-06-20 18:46:29.761 UTC [grpc] Infof -> DEBU 028 scheme "" not registered, fallback to default scheme
2023-06-20 18:46:29.761 UTC [grpc] Infof -> DEBU 029 ccResolverWrapper: sending update to cc: {[{peer0.org3.convergenciax.com:7051  <nil> 0 <nil>}] <nil> <nil>}
2023-06-20 18:46:29.761 UTC [grpc] Infof -> DEBU 02a ClientConn switching balancer to "pick_first"
2023-06-20 18:46:29.761 UTC [grpc] Infof -> DEBU 02b Channel switches to new LB policy "pick_first"
2023-06-20 18:46:29.769 UTC [grpc] Infof -> DEBU 02c Subchannel Connectivity change to CONNECTING
2023-06-20 18:46:29.784 UTC [grpc] Infof -> DEBU 02d Subchannel picks a new address "peer0.org3.convergenciax.com:7051" to connect
2023-06-20 18:46:29.784 UTC [grpc] UpdateSubConnState -> DEBU 02e pickfirstBalancer: HandleSubConnStateChange: 0xc000383280, {CONNECTING <nil>}
2023-06-20 18:46:29.804 UTC [grpc] Infof -> DEBU 02f Channel Connectivity change to CONNECTING
2023-06-20 18:46:29.845 UTC [grpc] Infof -> DEBU 030 Subchannel Connectivity change to READY
2023-06-20 18:46:29.846 UTC [grpc] UpdateSubConnState -> DEBU 031 pickfirstBalancer: HandleSubConnStateChange: 0xc000383280, {READY <nil>}
2023-06-20 18:46:29.846 UTC [grpc] Infof -> DEBU 032 Channel Connectivity change to READY
2023-06-20 18:46:29.847 UTC [msp.identity] Sign -> DEBU 033 Sign: plaintext: 0AD2070A6208031A0C0885E8C7A40610...DFCDFF080000FFFF931A65F800280000
2023-06-20 18:46:29.847 UTC [msp.identity] Sign -> DEBU 034 Sign: digest: 524EEDB958512CE6B2888570B2634CCDD51552B48B2E4974486555B5BA0A6A94
2023-06-20 18:46:57.612 UTC [cli.lifecycle.chaincode] submitInstallProposal -> INFO 035 Installed remotely: response:<status:200 payload:"\nNfoodcontrol_1:8979aeeac8c436127011c73ee54042a2c1c4d4354626fe590f8b2838288f2f7f\022\rfoodcontrol_1" >
2023-06-20 18:46:57.612 UTC [cli.lifecycle.chaincode] submitInstallProposal -> INFO 036 Chaincode code package identifier: foodcontrol_1:8979aeeac8c436127011c73ee54042a2c1c4d4354626fe590f8b2838288f2f7f

bash-5.0#

##
# PASO 3 - POLITICAS
# Se habiltian permisos a la 1ra y 3ra organizacion
##

## PACKAGE-ID es tomado del valor de "INFO 036 Chaincode code package identifier:" generado al momento de instalar el chaincode
export PACKAGEID=foodcontrol_1:8979aeeac8c436127011c73ee54042a2c1c4d4354626fe590f8b2838288f2f7f


## Primera organizacion
ash-5.0# export CORE_PEER_MSPCONFIGPATH=/opt/gopath/src/github.com/hyperledger/fabric/peer/crypto/peerOrganizations/org1.convergenciax.com/users/Admin@org1.convergenciax.com/msp
bash-5.0# export CORE_PEER_ADDRESS=peer0.org1.convergenciax.com:7051
bash-5.0# export CORE_PEER_LOCALMSPID="Org1MSP"
bash-5.0# export CORE_PEER_TLS_ROOTCERT_FILE=/opt/gopath/src/github.com/hyperledger/fabric/peer/crypto/peerOrganizations/org1.convergenciax.com/peers/peer0.org1.convergenciax.com/tls/ca.crt
bash-5.0#
bash-5.0# peer lifecycle chaincode approveformyorg --tls --cafile $ORDERER_CA --channelID $CHANNEL_NAME --name $CHAINCODE_NAME --version $CHAINCODE_VERSION --sequence 1 --waitForEvent --signature-policy  "OR ('Org1MSP.peer', 'Org3MSP.peer')" --package-id $PACKAGEID
2023-06-20 19:24:09.911 UTC [bccsp] GetDefault -> DEBU 001 Before using BCCSP, please call InitFactories(). Falling back to bootBCCSP.
2023-06-20 19:24:09.931 UTC [bccsp] GetDefault -> DEBU 002 Before using BCCSP, please call InitFactories(). Falling back to bootBCCSP.
2023-06-20 19:24:09.954 UTC [bccsp_sw] openKeyStore -> DEBU 003 KeyStore opened at [/opt/gopath/src/github.com/hyperledger/fabric/peer/crypto/peerOrganizations/org1.convergenciax.com/users/Admin@org1.convergenciax.com/msp/keystore]...done
2023-06-20 19:24:09.954 UTC [msp] getPemMaterialFromDir -> DEBU 004 Reading directory /opt/gopath/src/github.com/hyperledger/fabric/peer/crypto/peerOrganizations/org1.convergenciax.com/users/Admin@org1.convergenciax.com/msp/signcerts
2023-06-20 19:24:09.954 UTC [msp] getPemMaterialFromDir -> DEBU 005 Inspecting file /opt/gopath/src/github.com/hyperledger/fabric/peer/crypto/peerOrganizations/org1.convergenciax.com/users/Admin@org1.convergenciax.com/msp/signcerts/Admin@org1.convergenciax.com-cert.pem
2023-06-20 19:24:09.954 UTC [msp] getPemMaterialFromDir -> DEBU 006 Reading directory /opt/gopath/src/github.com/hyperledger/fabric/peer/crypto/peerOrganizations/org1.convergenciax.com/users/Admin@org1.convergenciax.com/msp/cacerts
2023-06-20 19:24:09.955 UTC [msp] getPemMaterialFromDir -> DEBU 007 Inspecting file /opt/gopath/src/github.com/hyperledger/fabric/peer/crypto/peerOrganizations/org1.convergenciax.com/users/Admin@org1.convergenciax.com/msp/cacerts/ca.org1.convergenciax.com-cert.pem
2023-06-20 19:24:09.955 UTC [msp] getPemMaterialFromDir -> DEBU 008 Reading directory /opt/gopath/src/github.com/hyperledger/fabric/peer/crypto/peerOrganizations/org1.convergenciax.com/users/Admin@org1.convergenciax.com/msp/admincerts
2023-06-20 19:24:09.955 UTC [msp] getPemMaterialFromDir -> DEBU 009 Reading directory /opt/gopath/src/github.com/hyperledger/fabric/peer/crypto/peerOrganizations/org1.convergenciax.com/users/Admin@org1.convergenciax.com/msp/intermediatecerts
2023-06-20 19:24:09.955 UTC [msp] getMspConfig -> DEBU 00a Intermediate certs folder not found at [/opt/gopath/src/github.com/hyperledger/fabric/peer/crypto/peerOrganizations/org1.convergenciax.com/users/Admin@org1.convergenciax.com/msp/intermediatecerts]. Skipping. [stat /opt/gopath/src/github.com/hyperledger/fabric/peer/crypto/peerOrganizations/org1.convergenciax.com/users/Admin@org1.convergenciax.com/msp/intermediatecerts: no such file or directory]
2023-06-20 19:24:09.956 UTC [msp] getPemMaterialFromDir -> DEBU 00b Reading directory /opt/gopath/src/github.com/hyperledger/fabric/peer/crypto/peerOrganizations/org1.convergenciax.com/users/Admin@org1.convergenciax.com/msp/tlscacerts
2023-06-20 19:24:09.956 UTC [msp] getPemMaterialFromDir -> DEBU 00c Inspecting file /opt/gopath/src/github.com/hyperledger/fabric/peer/crypto/peerOrganizations/org1.convergenciax.com/users/Admin@org1.convergenciax.com/msp/tlscacerts/tlsca.org1.convergenciax.com-cert.pem
2023-06-20 19:24:09.959 UTC [msp] getPemMaterialFromDir -> DEBU 00d Reading directory /opt/gopath/src/github.com/hyperledger/fabric/peer/crypto/peerOrganizations/org1.convergenciax.com/users/Admin@org1.convergenciax.com/msp/tlsintermediatecerts
2023-06-20 19:24:09.976 UTC [msp] getMspConfig -> DEBU 00e TLS intermediate certs folder not found at [/opt/gopath/src/github.com/hyperledger/fabric/peer/crypto/peerOrganizations/org1.convergenciax.com/users/Admin@org1.convergenciax.com/msp/tlsintermediatecerts]. Skipping. [stat /opt/gopath/src/github.com/hyperledger/fabric/peer/crypto/peerOrganizations/org1.convergenciax.com/users/Admin@org1.convergenciax.com/msp/tlsintermediatecerts: no such file or directory]
2023-06-20 19:24:09.976 UTC [msp] getPemMaterialFromDir -> DEBU 00f Reading directory /opt/gopath/src/github.com/hyperledger/fabric/peer/crypto/peerOrganizations/org1.convergenciax.com/users/Admin@org1.convergenciax.com/msp/crls
2023-06-20 19:24:09.976 UTC [msp] getMspConfig -> DEBU 010 crls folder not found at [/opt/gopath/src/github.com/hyperledger/fabric/peer/crypto/peerOrganizations/org1.convergenciax.com/users/Admin@org1.convergenciax.com/msp/crls]. Skipping. [stat /opt/gopath/src/github.com/hyperledger/fabric/peer/crypto/peerOrganizations/org1.convergenciax.com/users/Admin@org1.convergenciax.com/msp/crls: no such file or directory]
2023-06-20 19:24:09.976 UTC [msp] getMspConfig -> DEBU 011 Loading NodeOUs
2023-06-20 19:24:10.007 UTC [msp] newBccspMsp -> DEBU 012 Creating BCCSP-based MSP instance
2023-06-20 19:24:10.007 UTC [msp] New -> DEBU 013 Creating Cache-MSP instance
2023-06-20 19:24:10.007 UTC [msp] loadLocalMSP -> DEBU 014 Created new local MSP
2023-06-20 19:24:10.007 UTC [msp] Setup -> DEBU 015 Setting up MSP instance Org1MSP
2023-06-20 19:24:10.007 UTC [msp.identity] newIdentity -> DEBU 016 Creating identity instance for cert -----BEGIN CERTIFICATE-----
MIICaTCCAhCgAwIBAgIRAOzC4yV44YgFvCbhw3BWSDowCgYIKoZIzj0EAwIwfzEL
MAkGA1UEBhMCVVMxEzARBgNVBAgTCkNhbGlmb3JuaWExFjAUBgNVBAcTDVNhbiBG
cmFuY2lzY28xHzAdBgNVBAoTFm9yZzEuY29udmVyZ2VuY2lheC5jb20xIjAgBgNV
BAMTGWNhLm9yZzEuY29udmVyZ2VuY2lheC5jb20wHhcNMjMwNjE0MjMwNjAwWhcN
MzMwNjExMjMwNjAwWjB/MQswCQYDVQQGEwJVUzETMBEGA1UECBMKQ2FsaWZvcm5p
YTEWMBQGA1UEBxMNU2FuIEZyYW5jaXNjbzEfMB0GA1UEChMWb3JnMS5jb252ZXJn
ZW5jaWF4LmNvbTEiMCAGA1UEAxMZY2Eub3JnMS5jb252ZXJnZW5jaWF4LmNvbTBZ
MBMGByqGSM49AgEGCCqGSM49AwEHA0IABARBe3B18CjT8nOoNlBLd8sR3wvS3Dla
wALfytCj8sU8biPV80h9jjp19NloWf2DklSk7hENdwAuqTREdLoupU+jbTBrMA4G
A1UdDwEB/wQEAwIBpjAdBgNVHSUEFjAUBggrBgEFBQcDAgYIKwYBBQUHAwEwDwYD
VR0TAQH/BAUwAwEB/zApBgNVHQ4EIgQgrWqzlxzccus8wvM+jzx7eQs2mOh1TRau
yG8ZoCVD1f4wCgYIKoZIzj0EAwIDRwAwRAIgdfwSva2nWb3zqeE1TgxOSyo7z9GA
Uy0Nir6E4q6JSH8CIGCdqcGQX3r3ZaCt84NXc4lK16ndqjOoe9Qj33tEYuxP
-----END CERTIFICATE-----
2023-06-20 19:24:10.026 UTC [msp.identity] newIdentity -> DEBU 017 Creating identity instance for cert -----BEGIN CERTIFICATE-----
MIICOzCCAeGgAwIBAgIQYPv3GjB1ISR+1Y1MoIk/NzAKBggqhkjOPQQDAjB/MQsw
CQYDVQQGEwJVUzETMBEGA1UECBMKQ2FsaWZvcm5pYTEWMBQGA1UEBxMNU2FuIEZy
YW5jaXNjbzEfMB0GA1UEChMWb3JnMS5jb252ZXJnZW5jaWF4LmNvbTEiMCAGA1UE
AxMZY2Eub3JnMS5jb252ZXJnZW5jaWF4LmNvbTAeFw0yMzA2MTQyMzA2MDBaFw0z
MzA2MTEyMzA2MDBaMHExCzAJBgNVBAYTAlVTMRMwEQYDVQQIEwpDYWxpZm9ybmlh
MRYwFAYDVQQHEw1TYW4gRnJhbmNpc2NvMQ4wDAYDVQQLEwVhZG1pbjElMCMGA1UE
AwwcQWRtaW5Ab3JnMS5jb252ZXJnZW5jaWF4LmNvbTBZMBMGByqGSM49AgEGCCqG
SM49AwEHA0IABLzo0u4CKrU22cTNJaqj/xG3XWUDaw84giGYpmOFxxTO7FqsGK3g
MU4U1xNPfmfSnL2GFziV78IKgxYEmU96ux6jTTBLMA4GA1UdDwEB/wQEAwIHgDAM
BgNVHRMBAf8EAjAAMCsGA1UdIwQkMCKAIK1qs5cc3HLrPMLzPo88e3kLNpjodU0W
rshvGaAlQ9X+MAoGCCqGSM49BAMCA0gAMEUCIQDhHav6v2EuV7/VAFlegMAzYHD6
+koDuvcpHMFPSCVMHwIgbgKmpbHLK9m5x9DzRQIp25R3cSGi0p7K0YfEJOJTJ1Y=
-----END CERTIFICATE-----
2023-06-20 19:24:10.033 UTC [msp.identity] newIdentity -> DEBU 018 Creating identity instance for cert -----BEGIN CERTIFICATE-----
MIICOzCCAeGgAwIBAgIQYPv3GjB1ISR+1Y1MoIk/NzAKBggqhkjOPQQDAjB/MQsw
CQYDVQQGEwJVUzETMBEGA1UECBMKQ2FsaWZvcm5pYTEWMBQGA1UEBxMNU2FuIEZy
YW5jaXNjbzEfMB0GA1UEChMWb3JnMS5jb252ZXJnZW5jaWF4LmNvbTEiMCAGA1UE
AxMZY2Eub3JnMS5jb252ZXJnZW5jaWF4LmNvbTAeFw0yMzA2MTQyMzA2MDBaFw0z
MzA2MTEyMzA2MDBaMHExCzAJBgNVBAYTAlVTMRMwEQYDVQQIEwpDYWxpZm9ybmlh
MRYwFAYDVQQHEw1TYW4gRnJhbmNpc2NvMQ4wDAYDVQQLEwVhZG1pbjElMCMGA1UE
AwwcQWRtaW5Ab3JnMS5jb252ZXJnZW5jaWF4LmNvbTBZMBMGByqGSM49AgEGCCqG
SM49AwEHA0IABLzo0u4CKrU22cTNJaqj/xG3XWUDaw84giGYpmOFxxTO7FqsGK3g
MU4U1xNPfmfSnL2GFziV78IKgxYEmU96ux6jTTBLMA4GA1UdDwEB/wQEAwIHgDAM
BgNVHRMBAf8EAjAAMCsGA1UdIwQkMCKAIK1qs5cc3HLrPMLzPo88e3kLNpjodU0W
rshvGaAlQ9X+MAoGCCqGSM49BAMCA0gAMEUCIQDhHav6v2EuV7/VAFlegMAzYHD6
+koDuvcpHMFPSCVMHwIgbgKmpbHLK9m5x9DzRQIp25R3cSGi0p7K0YfEJOJTJ1Y=
-----END CERTIFICATE-----
2023-06-20 19:24:10.041 UTC [msp] setupSigningIdentity -> DEBU 019 Signing identity expires at 2033-06-11 23:06:00 +0000 UTC
2023-06-20 19:24:10.063 UTC [msp] GetDefaultSigningIdentity -> DEBU 01a Obtaining default signing identity
2023-06-20 19:24:10.107 UTC [grpc] Infof -> DEBU 01b parsed scheme: ""
2023-06-20 19:24:10.107 UTC [grpc] Infof -> DEBU 01c scheme "" not registered, fallback to default scheme
2023-06-20 19:24:10.113 UTC [grpc] Infof -> DEBU 01d ccResolverWrapper: sending update to cc: {[{peer0.org1.convergenciax.com:7051  <nil> 0 <nil>}] <nil> <nil>}
2023-06-20 19:24:10.125 UTC [grpc] Infof -> DEBU 01e ClientConn switching balancer to "pick_first"
2023-06-20 19:24:10.125 UTC [grpc] Infof -> DEBU 01f Channel switches to new LB policy "pick_first"
2023-06-20 19:24:10.125 UTC [grpc] Infof -> DEBU 020 Subchannel Connectivity change to CONNECTING
2023-06-20 19:24:10.141 UTC [grpc] Infof -> DEBU 021 Subchannel picks a new address "peer0.org1.convergenciax.com:7051" to connect
2023-06-20 19:24:10.167 UTC [grpc] UpdateSubConnState -> DEBU 022 pickfirstBalancer: HandleSubConnStateChange: 0xc00046a7a0, {CONNECTING <nil>}
2023-06-20 19:24:10.168 UTC [grpc] Infof -> DEBU 023 Channel Connectivity change to CONNECTING
2023-06-20 19:24:10.187 UTC [grpc] Infof -> DEBU 024 Subchannel Connectivity change to READY
2023-06-20 19:24:10.188 UTC [grpc] UpdateSubConnState -> DEBU 025 pickfirstBalancer: HandleSubConnStateChange: 0xc00046a7a0, {READY <nil>}
2023-06-20 19:24:10.188 UTC [grpc] Infof -> DEBU 026 Channel Connectivity change to READY
2023-06-20 19:24:10.192 UTC [grpc] Infof -> DEBU 027 parsed scheme: ""
2023-06-20 19:24:10.192 UTC [grpc] Infof -> DEBU 028 scheme "" not registered, fallback to default scheme
2023-06-20 19:24:10.192 UTC [grpc] Infof -> DEBU 029 ccResolverWrapper: sending update to cc: {[{peer0.org1.convergenciax.com:7051  <nil> 0 <nil>}] <nil> <nil>}
2023-06-20 19:24:10.192 UTC [grpc] Infof -> DEBU 02a ClientConn switching balancer to "pick_first"
2023-06-20 19:24:10.192 UTC [grpc] Infof -> DEBU 02b Channel switches to new LB policy "pick_first"
2023-06-20 19:24:10.192 UTC [grpc] Infof -> DEBU 02c Subchannel Connectivity change to CONNECTING
2023-06-20 19:24:10.192 UTC [grpc] Infof -> DEBU 02d Subchannel picks a new address "peer0.org1.convergenciax.com:7051" to connect
2023-06-20 19:24:10.205 UTC [grpc] UpdateSubConnState -> DEBU 02e pickfirstBalancer: HandleSubConnStateChange: 0xc000273230, {CONNECTING <nil>}
2023-06-20 19:24:10.211 UTC [grpc] Infof -> DEBU 02f Channel Connectivity change to CONNECTING
2023-06-20 19:24:10.234 UTC [grpc] Infof -> DEBU 030 Subchannel Connectivity change to READY
2023-06-20 19:24:10.235 UTC [grpc] UpdateSubConnState -> DEBU 031 pickfirstBalancer: HandleSubConnStateChange: 0xc000273230, {READY <nil>}
2023-06-20 19:24:10.235 UTC [grpc] Infof -> DEBU 032 Channel Connectivity change to READY
2023-06-20 19:24:10.237 UTC [msp.identity] Sign -> DEBU 033 Sign: plaintext: 0ACB070A5B08011A0B08DAF9C7A40610...6F636B0A0B6D61726B6574706C616365
2023-06-20 19:24:10.237 UTC [msp.identity] Sign -> DEBU 034 Sign: digest: C98A4B598A2BD07CBD565852E85AD2FDCDA3C6D5C52D8D39EEEAD59F73C82B90
2023-06-20 19:24:10.269 UTC [common.channelconfig] NewStandardValues -> DEBU 035 Initializing protos for *channelconfig.ChannelProtos
2023-06-20 19:24:10.271 UTC [common.channelconfig] initializeProtosStruct -> DEBU 036 Processing field: HashingAlgorithm
2023-06-20 19:24:10.271 UTC [common.channelconfig] initializeProtosStruct -> DEBU 037 Processing field: BlockDataHashingStructure
2023-06-20 19:24:10.271 UTC [common.channelconfig] initializeProtosStruct -> DEBU 038 Processing field: OrdererAddresses
2023-06-20 19:24:10.271 UTC [common.channelconfig] initializeProtosStruct -> DEBU 039 Processing field: Consortium
2023-06-20 19:24:10.271 UTC [common.channelconfig] initializeProtosStruct -> DEBU 03a Processing field: Capabilities
2023-06-20 19:24:10.271 UTC [common.channelconfig] NewStandardValues -> DEBU 03b Initializing protos for *channelconfig.ApplicationProtos
2023-06-20 19:24:10.271 UTC [common.channelconfig] initializeProtosStruct -> DEBU 03c Processing field: ACLs
2023-06-20 19:24:10.271 UTC [common.channelconfig] initializeProtosStruct -> DEBU 03d Processing field: Capabilities
2023-06-20 19:24:10.271 UTC [common.channelconfig] NewStandardValues -> DEBU 03e Initializing protos for *channelconfig.ApplicationOrgProtos
2023-06-20 19:24:10.271 UTC [common.channelconfig] initializeProtosStruct -> DEBU 03f Processing field: AnchorPeers
2023-06-20 19:24:10.271 UTC [common.channelconfig] NewStandardValues -> DEBU 040 Initializing protos for *channelconfig.OrganizationProtos
2023-06-20 19:24:10.271 UTC [common.channelconfig] initializeProtosStruct -> DEBU 041 Processing field: MSP
2023-06-20 19:24:10.271 UTC [common.channelconfig] Validate -> DEBU 042 Anchor peers for org Org1MSP are
2023-06-20 19:24:10.271 UTC [common.channelconfig] validateMSP -> DEBU 043 Setting up MSP for org Org1MSP
2023-06-20 19:24:10.271 UTC [msp] newBccspMsp -> DEBU 044 Creating BCCSP-based MSP instance
2023-06-20 19:24:10.271 UTC [msp] New -> DEBU 045 Creating Cache-MSP instance
2023-06-20 19:24:10.271 UTC [msp] Setup -> DEBU 046 Setting up MSP instance Org1MSP
2023-06-20 19:24:10.271 UTC [msp.identity] newIdentity -> DEBU 047 Creating identity instance for cert -----BEGIN CERTIFICATE-----
MIICaTCCAhCgAwIBAgIRAOzC4yV44YgFvCbhw3BWSDowCgYIKoZIzj0EAwIwfzEL
MAkGA1UEBhMCVVMxEzARBgNVBAgTCkNhbGlmb3JuaWExFjAUBgNVBAcTDVNhbiBG
cmFuY2lzY28xHzAdBgNVBAoTFm9yZzEuY29udmVyZ2VuY2lheC5jb20xIjAgBgNV
BAMTGWNhLm9yZzEuY29udmVyZ2VuY2lheC5jb20wHhcNMjMwNjE0MjMwNjAwWhcN
MzMwNjExMjMwNjAwWjB/MQswCQYDVQQGEwJVUzETMBEGA1UECBMKQ2FsaWZvcm5p
YTEWMBQGA1UEBxMNU2FuIEZyYW5jaXNjbzEfMB0GA1UEChMWb3JnMS5jb252ZXJn
ZW5jaWF4LmNvbTEiMCAGA1UEAxMZY2Eub3JnMS5jb252ZXJnZW5jaWF4LmNvbTBZ
MBMGByqGSM49AgEGCCqGSM49AwEHA0IABARBe3B18CjT8nOoNlBLd8sR3wvS3Dla
wALfytCj8sU8biPV80h9jjp19NloWf2DklSk7hENdwAuqTREdLoupU+jbTBrMA4G
A1UdDwEB/wQEAwIBpjAdBgNVHSUEFjAUBggrBgEFBQcDAgYIKwYBBQUHAwEwDwYD
VR0TAQH/BAUwAwEB/zApBgNVHQ4EIgQgrWqzlxzccus8wvM+jzx7eQs2mOh1TRau
yG8ZoCVD1f4wCgYIKoZIzj0EAwIDRwAwRAIgdfwSva2nWb3zqeE1TgxOSyo7z9GA
Uy0Nir6E4q6JSH8CIGCdqcGQX3r3ZaCt84NXc4lK16ndqjOoe9Qj33tEYuxP
-----END CERTIFICATE-----
2023-06-20 19:24:10.278 UTC [common.channelconfig] NewStandardValues -> DEBU 048 Initializing protos for *channelconfig.ApplicationOrgProtos
2023-06-20 19:24:10.278 UTC [common.channelconfig] initializeProtosStruct -> DEBU 049 Processing field: AnchorPeers
2023-06-20 19:24:10.278 UTC [common.channelconfig] NewStandardValues -> DEBU 04a Initializing protos for *channelconfig.OrganizationProtos
2023-06-20 19:24:10.278 UTC [common.channelconfig] initializeProtosStruct -> DEBU 04b Processing field: MSP
2023-06-20 19:24:10.278 UTC [common.channelconfig] Validate -> DEBU 04c Anchor peers for org Org2MSP are
2023-06-20 19:24:10.278 UTC [common.channelconfig] validateMSP -> DEBU 04d Setting up MSP for org Org2MSP
2023-06-20 19:24:10.278 UTC [msp] newBccspMsp -> DEBU 04e Creating BCCSP-based MSP instance
2023-06-20 19:24:10.278 UTC [msp] New -> DEBU 04f Creating Cache-MSP instance
2023-06-20 19:24:10.278 UTC [msp] Setup -> DEBU 050 Setting up MSP instance Org2MSP
2023-06-20 19:24:10.278 UTC [msp.identity] newIdentity -> DEBU 051 Creating identity instance for cert -----BEGIN CERTIFICATE-----
MIICajCCAg+gAwIBAgIQISuXTrwpdz5duVMdBe6bVDAKBggqhkjOPQQDAjB/MQsw
CQYDVQQGEwJVUzETMBEGA1UECBMKQ2FsaWZvcm5pYTEWMBQGA1UEBxMNU2FuIEZy
YW5jaXNjbzEfMB0GA1UEChMWb3JnMi5jb252ZXJnZW5jaWF4LmNvbTEiMCAGA1UE
AxMZY2Eub3JnMi5jb252ZXJnZW5jaWF4LmNvbTAeFw0yMzA2MTQyMzA2MDBaFw0z
MzA2MTEyMzA2MDBaMH8xCzAJBgNVBAYTAlVTMRMwEQYDVQQIEwpDYWxpZm9ybmlh
MRYwFAYDVQQHEw1TYW4gRnJhbmNpc2NvMR8wHQYDVQQKExZvcmcyLmNvbnZlcmdl
bmNpYXguY29tMSIwIAYDVQQDExljYS5vcmcyLmNvbnZlcmdlbmNpYXguY29tMFkw
EwYHKoZIzj0CAQYIKoZIzj0DAQcDQgAERr7s/MlG2fCm2DiesGbQgf1sNyrK1HvN
+ioYHM2+pynHvoc2FiY/tQcVS6CqjTC/pV7WJXSJkYn3K8M/bdGpQaNtMGswDgYD
VR0PAQH/BAQDAgGmMB0GA1UdJQQWMBQGCCsGAQUFBwMCBggrBgEFBQcDATAPBgNV
HRMBAf8EBTADAQH/MCkGA1UdDgQiBCBHiU7WtLoOg9FnVGIscdbEWYvuuDyHNZsr
q/p9QWFljTAKBggqhkjOPQQDAgNJADBGAiEA+iXzFxjl+9hwq1zuNrFIhGb7fAsk
DIFFsZ9YQ9CyDdkCIQDQhd3qj1cvpwRX/40WaGz2eBhZLQuLGP3OOKCFgCaycw==
-----END CERTIFICATE-----
2023-06-20 19:24:10.279 UTC [common.channelconfig] NewStandardValues -> DEBU 052 Initializing protos for *channelconfig.ApplicationOrgProtos
2023-06-20 19:24:10.279 UTC [common.channelconfig] initializeProtosStruct -> DEBU 053 Processing field: AnchorPeers
2023-06-20 19:24:10.279 UTC [common.channelconfig] NewStandardValues -> DEBU 054 Initializing protos for *channelconfig.OrganizationProtos
2023-06-20 19:24:10.279 UTC [common.channelconfig] initializeProtosStruct -> DEBU 055 Processing field: MSP
2023-06-20 19:24:10.279 UTC [common.channelconfig] Validate -> DEBU 056 Anchor peers for org Org3MSP are
2023-06-20 19:24:10.279 UTC [common.channelconfig] validateMSP -> DEBU 057 Setting up MSP for org Org3MSP
2023-06-20 19:24:10.279 UTC [msp] newBccspMsp -> DEBU 058 Creating BCCSP-based MSP instance
2023-06-20 19:24:10.279 UTC [msp] New -> DEBU 059 Creating Cache-MSP instance
2023-06-20 19:24:10.279 UTC [msp] Setup -> DEBU 05a Setting up MSP instance Org3MSP
2023-06-20 19:24:10.279 UTC [msp.identity] newIdentity -> DEBU 05b Creating identity instance for cert -----BEGIN CERTIFICATE-----
MIICazCCAhCgAwIBAgIRAIstWUiIclNzhc6i3mwOsSYwCgYIKoZIzj0EAwIwfzEL
MAkGA1UEBhMCVVMxEzARBgNVBAgTCkNhbGlmb3JuaWExFjAUBgNVBAcTDVNhbiBG
cmFuY2lzY28xHzAdBgNVBAoTFm9yZzMuY29udmVyZ2VuY2lheC5jb20xIjAgBgNV
BAMTGWNhLm9yZzMuY29udmVyZ2VuY2lheC5jb20wHhcNMjMwNjE0MjMwNjAwWhcN
MzMwNjExMjMwNjAwWjB/MQswCQYDVQQGEwJVUzETMBEGA1UECBMKQ2FsaWZvcm5p
YTEWMBQGA1UEBxMNU2FuIEZyYW5jaXNjbzEfMB0GA1UEChMWb3JnMy5jb252ZXJn
ZW5jaWF4LmNvbTEiMCAGA1UEAxMZY2Eub3JnMy5jb252ZXJnZW5jaWF4LmNvbTBZ
MBMGByqGSM49AgEGCCqGSM49AwEHA0IABPMjVETBxFrpt32XKZdihuqX378aLQYm
kEKkqvEZu38DcONnGz3m1ca25FKI5j026yZBcFicqle1wZfKOzrwuYejbTBrMA4G
A1UdDwEB/wQEAwIBpjAdBgNVHSUEFjAUBggrBgEFBQcDAgYIKwYBBQUHAwEwDwYD
VR0TAQH/BAUwAwEB/zApBgNVHQ4EIgQg+ZmF2EvMB7WJ90B5HzB64iV0XNEsbVCr
eNsKA/YcL8swCgYIKoZIzj0EAwIDSQAwRgIhANqf4TrgYMw4S3SNQda2Y8JzU8zC
4r9uz3El0LrOfCo5AiEA0p7Jh3TuXzO3lum3hzewUrRedySAhxY6WNNRet/aAJc=
-----END CERTIFICATE-----
2023-06-20 19:24:10.281 UTC [common.channelconfig] NewStandardValues -> DEBU 05c Initializing protos for *channelconfig.OrdererProtos
2023-06-20 19:24:10.281 UTC [common.channelconfig] initializeProtosStruct -> DEBU 05d Processing field: ConsensusType
2023-06-20 19:24:10.281 UTC [common.channelconfig] initializeProtosStruct -> DEBU 05e Processing field: BatchSize
2023-06-20 19:24:10.281 UTC [common.channelconfig] initializeProtosStruct -> DEBU 05f Processing field: BatchTimeout
2023-06-20 19:24:10.281 UTC [common.channelconfig] initializeProtosStruct -> DEBU 060 Processing field: KafkaBrokers
2023-06-20 19:24:10.281 UTC [common.channelconfig] initializeProtosStruct -> DEBU 061 Processing field: ChannelRestrictions
2023-06-20 19:24:10.281 UTC [common.channelconfig] initializeProtosStruct -> DEBU 062 Processing field: Capabilities
2023-06-20 19:24:10.281 UTC [common.channelconfig] NewStandardValues -> DEBU 063 Initializing protos for *channelconfig.OrdererOrgProtos
2023-06-20 19:24:10.281 UTC [common.channelconfig] initializeProtosStruct -> DEBU 064 Processing field: Endpoints
2023-06-20 19:24:10.281 UTC [common.channelconfig] NewStandardValues -> DEBU 065 Initializing protos for *channelconfig.OrganizationProtos
2023-06-20 19:24:10.281 UTC [common.channelconfig] initializeProtosStruct -> DEBU 066 Processing field: MSP
2023-06-20 19:24:10.281 UTC [common.channelconfig] validateMSP -> DEBU 067 Setting up MSP for org OrdererOrg
2023-06-20 19:24:10.281 UTC [msp] newBccspMsp -> DEBU 068 Creating BCCSP-based MSP instance
2023-06-20 19:24:10.282 UTC [msp] New -> DEBU 069 Creating Cache-MSP instance
2023-06-20 19:24:10.283 UTC [msp] Setup -> DEBU 06a Setting up MSP instance OrdererMSP
2023-06-20 19:24:10.288 UTC [msp.identity] newIdentity -> DEBU 06b Creating identity instance for cert -----BEGIN CERTIFICATE-----
MIICVjCCAfugAwIBAgIQbRg8AxtOHRulywXfYY12IDAKBggqhkjOPQQDAjB1MQsw
CQYDVQQGEwJVUzETMBEGA1UECBMKQ2FsaWZvcm5pYTEWMBQGA1UEBxMNU2FuIEZy
YW5jaXNjbzEaMBgGA1UEChMRY29udmVyZ2VuY2lheC5jb20xHTAbBgNVBAMTFGNh
LmNvbnZlcmdlbmNpYXguY29tMB4XDTIzMDYxNDIzMDYwMFoXDTMzMDYxMTIzMDYw
MFowdTELMAkGA1UEBhMCVVMxEzARBgNVBAgTCkNhbGlmb3JuaWExFjAUBgNVBAcT
DVNhbiBGcmFuY2lzY28xGjAYBgNVBAoTEWNvbnZlcmdlbmNpYXguY29tMR0wGwYD
VQQDExRjYS5jb252ZXJnZW5jaWF4LmNvbTBZMBMGByqGSM49AgEGCCqGSM49AwEH
A0IABPJbSV8DbZgL4PN0FqmQXVpP2TCA18QdZNgq+Xa50+I+hIhbk1sQmlLbP+gy
PKEFbVD58/lyYWdC+NuwqyITlQ6jbTBrMA4GA1UdDwEB/wQEAwIBpjAdBgNVHSUE
FjAUBggrBgEFBQcDAgYIKwYBBQUHAwEwDwYDVR0TAQH/BAUwAwEB/zApBgNVHQ4E
IgQgcfXuyb+w9jwYcHFzsi6PK0rsS4q4KzNB/l1o+tad2/YwCgYIKoZIzj0EAwID
SQAwRgIhAL2z39Mzs/KLcpLwC1bvEmcBEUQlry0ad5vdxtL4K5QXAiEAsxx5Us0j
i2tCLksdRWFcQ1Ul4mlvjgNosALMPy2QUKM=
-----END CERTIFICATE-----
2023-06-20 19:24:10.298 UTC [msp] Setup -> DEBU 06c Setting up the MSP manager (4 msps)
2023-06-20 19:24:10.298 UTC [msp] Setup -> DEBU 06d MSP manager setup complete, setup 4 msps
2023-06-20 19:24:10.298 UTC [policies] NewManagerImpl -> DEBU 06e Proposed new policy Endorsement for Channel/Application/Org1MSP
2023-06-20 19:24:10.298 UTC [policies] NewManagerImpl -> DEBU 06f Proposed new policy Readers for Channel/Application/Org1MSP
2023-06-20 19:24:10.298 UTC [policies] NewManagerImpl -> DEBU 070 Proposed new policy Writers for Channel/Application/Org1MSP
2023-06-20 19:24:10.298 UTC [policies] NewManagerImpl -> DEBU 071 Proposed new policy Admins for Channel/Application/Org1MSP
2023-06-20 19:24:10.299 UTC [policies] NewManagerImpl -> DEBU 072 Proposed new policy Writers for Channel/Application/Org2MSP
2023-06-20 19:24:10.301 UTC [policies] NewManagerImpl -> DEBU 073 Proposed new policy Admins for Channel/Application/Org2MSP
2023-06-20 19:24:10.301 UTC [policies] NewManagerImpl -> DEBU 074 Proposed new policy Endorsement for Channel/Application/Org2MSP
2023-06-20 19:24:10.301 UTC [policies] NewManagerImpl -> DEBU 075 Proposed new policy Readers for Channel/Application/Org2MSP
2023-06-20 19:24:10.301 UTC [policies] NewManagerImpl -> DEBU 076 Proposed new policy Readers for Channel/Application/Org3MSP
2023-06-20 19:24:10.302 UTC [policies] NewManagerImpl -> DEBU 077 Proposed new policy Writers for Channel/Application/Org3MSP
2023-06-20 19:24:10.302 UTC [policies] NewManagerImpl -> DEBU 078 Proposed new policy Admins for Channel/Application/Org3MSP
2023-06-20 19:24:10.302 UTC [policies] NewManagerImpl -> DEBU 079 Proposed new policy Endorsement for Channel/Application/Org3MSP
2023-06-20 19:24:10.302 UTC [policies] NewManagerImpl -> DEBU 07a Proposed new policy Admins for Channel/Application
2023-06-20 19:24:10.302 UTC [policies] NewManagerImpl -> DEBU 07b Proposed new policy Endorsement for Channel/Application
2023-06-20 19:24:10.302 UTC [policies] NewManagerImpl -> DEBU 07c Proposed new policy LifecycleEndorsement for Channel/Application
2023-06-20 19:24:10.302 UTC [policies] NewManagerImpl -> DEBU 07d Proposed new policy Readers for Channel/Application
2023-06-20 19:24:10.302 UTC [policies] NewManagerImpl -> DEBU 07e Proposed new policy Writers for Channel/Application
2023-06-20 19:24:10.302 UTC [policies] NewManagerImpl -> DEBU 07f Proposed new policy Admins for Channel/Orderer/OrdererOrg
2023-06-20 19:24:10.302 UTC [policies] NewManagerImpl -> DEBU 080 Proposed new policy Readers for Channel/Orderer/OrdererOrg
2023-06-20 19:24:10.302 UTC [policies] NewManagerImpl -> DEBU 081 Proposed new policy Writers for Channel/Orderer/OrdererOrg
2023-06-20 19:24:10.302 UTC [policies] NewManagerImpl -> DEBU 082 Proposed new policy BlockValidation for Channel/Orderer
2023-06-20 19:24:10.302 UTC [policies] NewManagerImpl -> DEBU 083 Proposed new policy Readers for Channel/Orderer
2023-06-20 19:24:10.302 UTC [policies] NewManagerImpl -> DEBU 084 Proposed new policy Writers for Channel/Orderer
2023-06-20 19:24:10.302 UTC [policies] NewManagerImpl -> DEBU 085 Proposed new policy Admins for Channel/Orderer
2023-06-20 19:24:10.302 UTC [policies] NewManagerImpl -> DEBU 086 Proposed new policy Writers for Channel
2023-06-20 19:24:10.302 UTC [policies] NewManagerImpl -> DEBU 087 Proposed new policy Admins for Channel
2023-06-20 19:24:10.302 UTC [policies] NewManagerImpl -> DEBU 088 Proposed new policy Readers for Channel
2023-06-20 19:24:10.303 UTC [common.configtx] addToMap -> DEBU 089 Adding to config map: [Group]  /Channel
2023-06-20 19:24:10.303 UTC [common.configtx] addToMap -> DEBU 08a Adding to config map: [Group]  /Channel/Orderer
2023-06-20 19:24:10.303 UTC [common.configtx] addToMap -> DEBU 08b Adding to config map: [Group]  /Channel/Orderer/OrdererOrg
2023-06-20 19:24:10.303 UTC [common.configtx] addToMap -> DEBU 08c Adding to config map: [Value]  /Channel/Orderer/OrdererOrg/MSP
2023-06-20 19:24:10.303 UTC [common.configtx] addToMap -> DEBU 08d Adding to config map: [Value]  /Channel/Orderer/OrdererOrg/Endpoints
2023-06-20 19:24:10.304 UTC [common.configtx] addToMap -> DEBU 08e Adding to config map: [Policy] /Channel/Orderer/OrdererOrg/Readers
2023-06-20 19:24:10.304 UTC [common.configtx] addToMap -> DEBU 08f Adding to config map: [Policy] /Channel/Orderer/OrdererOrg/Writers
2023-06-20 19:24:10.304 UTC [common.configtx] addToMap -> DEBU 090 Adding to config map: [Policy] /Channel/Orderer/OrdererOrg/Admins
2023-06-20 19:24:10.304 UTC [common.configtx] addToMap -> DEBU 091 Adding to config map: [Value]  /Channel/Orderer/BatchSize
2023-06-20 19:24:10.304 UTC [common.configtx] addToMap -> DEBU 092 Adding to config map: [Value]  /Channel/Orderer/BatchTimeout
2023-06-20 19:24:10.304 UTC [common.configtx] addToMap -> DEBU 093 Adding to config map: [Value]  /Channel/Orderer/ChannelRestrictions
2023-06-20 19:24:10.304 UTC [common.configtx] addToMap -> DEBU 094 Adding to config map: [Value]  /Channel/Orderer/Capabilities
2023-06-20 19:24:10.304 UTC [common.configtx] addToMap -> DEBU 095 Adding to config map: [Value]  /Channel/Orderer/ConsensusType
2023-06-20 19:24:10.304 UTC [common.configtx] addToMap -> DEBU 096 Adding to config map: [Policy] /Channel/Orderer/BlockValidation
2023-06-20 19:24:10.305 UTC [common.configtx] addToMap -> DEBU 097 Adding to config map: [Policy] /Channel/Orderer/Readers
2023-06-20 19:24:10.305 UTC [common.configtx] addToMap -> DEBU 098 Adding to config map: [Policy] /Channel/Orderer/Writers
2023-06-20 19:24:10.305 UTC [common.configtx] addToMap -> DEBU 099 Adding to config map: [Policy] /Channel/Orderer/Admins
2023-06-20 19:24:10.305 UTC [common.configtx] addToMap -> DEBU 09a Adding to config map: [Group]  /Channel/Application
2023-06-20 19:24:10.305 UTC [common.configtx] addToMap -> DEBU 09b Adding to config map: [Group]  /Channel/Application/Org3MSP
2023-06-20 19:24:10.305 UTC [common.configtx] addToMap -> DEBU 09c Adding to config map: [Value]  /Channel/Application/Org3MSP/MSP
2023-06-20 19:24:10.305 UTC [common.configtx] addToMap -> DEBU 09d Adding to config map: [Policy] /Channel/Application/Org3MSP/Readers
2023-06-20 19:24:10.305 UTC [common.configtx] addToMap -> DEBU 09e Adding to config map: [Policy] /Channel/Application/Org3MSP/Writers
2023-06-20 19:24:10.305 UTC [common.configtx] addToMap -> DEBU 09f Adding to config map: [Policy] /Channel/Application/Org3MSP/Admins
2023-06-20 19:24:10.305 UTC [common.configtx] addToMap -> DEBU 0a0 Adding to config map: [Policy] /Channel/Application/Org3MSP/Endorsement
2023-06-20 19:24:10.307 UTC [common.configtx] addToMap -> DEBU 0a1 Adding to config map: [Group]  /Channel/Application/Org1MSP
2023-06-20 19:24:10.307 UTC [common.configtx] addToMap -> DEBU 0a2 Adding to config map: [Value]  /Channel/Application/Org1MSP/MSP
2023-06-20 19:24:10.307 UTC [common.configtx] addToMap -> DEBU 0a3 Adding to config map: [Policy] /Channel/Application/Org1MSP/Endorsement
2023-06-20 19:24:10.308 UTC [common.configtx] addToMap -> DEBU 0a4 Adding to config map: [Policy] /Channel/Application/Org1MSP/Readers
2023-06-20 19:24:10.308 UTC [common.configtx] addToMap -> DEBU 0a5 Adding to config map: [Policy] /Channel/Application/Org1MSP/Writers
2023-06-20 19:24:10.308 UTC [common.configtx] addToMap -> DEBU 0a6 Adding to config map: [Policy] /Channel/Application/Org1MSP/Admins
2023-06-20 19:24:10.308 UTC [common.configtx] addToMap -> DEBU 0a7 Adding to config map: [Group]  /Channel/Application/Org2MSP
2023-06-20 19:24:10.308 UTC [common.configtx] addToMap -> DEBU 0a8 Adding to config map: [Value]  /Channel/Application/Org2MSP/MSP
2023-06-20 19:24:10.308 UTC [common.configtx] addToMap -> DEBU 0a9 Adding to config map: [Policy] /Channel/Application/Org2MSP/Writers
2023-06-20 19:24:10.308 UTC [common.configtx] addToMap -> DEBU 0aa Adding to config map: [Policy] /Channel/Application/Org2MSP/Admins
2023-06-20 19:24:10.308 UTC [common.configtx] addToMap -> DEBU 0ab Adding to config map: [Policy] /Channel/Application/Org2MSP/Endorsement
2023-06-20 19:24:10.308 UTC [common.configtx] addToMap -> DEBU 0ac Adding to config map: [Policy] /Channel/Application/Org2MSP/Readers
2023-06-20 19:24:10.308 UTC [common.configtx] addToMap -> DEBU 0ad Adding to config map: [Value]  /Channel/Application/Capabilities
2023-06-20 19:24:10.308 UTC [common.configtx] addToMap -> DEBU 0ae Adding to config map: [Policy] /Channel/Application/LifecycleEndorsement
2023-06-20 19:24:10.308 UTC [common.configtx] addToMap -> DEBU 0af Adding to config map: [Policy] /Channel/Application/Readers
2023-06-20 19:24:10.308 UTC [common.configtx] addToMap -> DEBU 0b0 Adding to config map: [Policy] /Channel/Application/Writers
2023-06-20 19:24:10.308 UTC [common.configtx] addToMap -> DEBU 0b1 Adding to config map: [Policy] /Channel/Application/Admins
2023-06-20 19:24:10.308 UTC [common.configtx] addToMap -> DEBU 0b2 Adding to config map: [Policy] /Channel/Application/Endorsement
2023-06-20 19:24:10.308 UTC [common.configtx] addToMap -> DEBU 0b3 Adding to config map: [Value]  /Channel/Capabilities
2023-06-20 19:24:10.308 UTC [common.configtx] addToMap -> DEBU 0b4 Adding to config map: [Value]  /Channel/HashingAlgorithm
2023-06-20 19:24:10.308 UTC [common.configtx] addToMap -> DEBU 0b5 Adding to config map: [Value]  /Channel/BlockDataHashingStructure
2023-06-20 19:24:10.308 UTC [common.configtx] addToMap -> DEBU 0b6 Adding to config map: [Value]  /Channel/Consortium
2023-06-20 19:24:10.308 UTC [common.configtx] addToMap -> DEBU 0b7 Adding to config map: [Value]  /Channel/OrdererAddresses
2023-06-20 19:24:10.308 UTC [common.configtx] addToMap -> DEBU 0b8 Adding to config map: [Policy] /Channel/Writers
2023-06-20 19:24:10.308 UTC [common.configtx] addToMap -> DEBU 0b9 Adding to config map: [Policy] /Channel/Admins
2023-06-20 19:24:10.308 UTC [common.configtx] addToMap -> DEBU 0ba Adding to config map: [Policy] /Channel/Readers
2023-06-20 19:24:10.308 UTC [cli.lifecycle.chaincode] setOrdererClient -> INFO 0bb Retrieved channel (marketplace) orderer endpoint: orderer.convergenciax.com:7050
2023-06-20 19:24:10.308 UTC [grpc] WithKeepaliveParams -> DEBU 0bc Adjusting keepalive ping interval to minimum period of 10s
2023-06-20 19:24:10.308 UTC [grpc] Infof -> DEBU 0bd parsed scheme: ""
2023-06-20 19:24:10.308 UTC [grpc] Infof -> DEBU 0be scheme "" not registered, fallback to default scheme
2023-06-20 19:24:10.308 UTC [grpc] Infof -> DEBU 0bf ccResolverWrapper: sending update to cc: {[{orderer.convergenciax.com:7050  <nil> 0 <nil>}] <nil> <nil>}
2023-06-20 19:24:10.308 UTC [grpc] Infof -> DEBU 0c0 ClientConn switching balancer to "pick_first"
2023-06-20 19:24:10.308 UTC [grpc] Infof -> DEBU 0c1 Channel switches to new LB policy "pick_first"
2023-06-20 19:24:10.308 UTC [grpc] Infof -> DEBU 0c2 Subchannel Connectivity change to CONNECTING
2023-06-20 19:24:10.308 UTC [grpc] Infof -> DEBU 0c3 Subchannel picks a new address "orderer.convergenciax.com:7050" to connect
2023-06-20 19:24:10.310 UTC [grpc] UpdateSubConnState -> DEBU 0c4 pickfirstBalancer: HandleSubConnStateChange: 0xc0005ccdc0, {CONNECTING <nil>}
2023-06-20 19:24:10.310 UTC [grpc] Infof -> DEBU 0c5 Channel Connectivity change to CONNECTING
2023-06-20 19:24:10.318 UTC [grpc] Infof -> DEBU 0c6 Subchannel Connectivity change to READY
2023-06-20 19:24:10.319 UTC [grpc] UpdateSubConnState -> DEBU 0c7 pickfirstBalancer: HandleSubConnStateChange: 0xc0005ccdc0, {READY <nil>}
2023-06-20 19:24:10.319 UTC [grpc] Infof -> DEBU 0c8 Channel Connectivity change to READY
2023-06-20 19:24:10.321 UTC [msp.identity] Sign -> DEBU 0c9 Sign: plaintext: 0ADF070A6F08031A0C08DAF9C7A40610...30663862323833383238386632663766
2023-06-20 19:24:10.321 UTC [msp.identity] Sign -> DEBU 0ca Sign: digest: 63904D916263F86191C7E25E325C3FA667DA566C66BED1545154905AB0668020
2023-06-20 19:24:11.308 UTC [msp.identity] Sign -> DEBU 0cb Sign: plaintext: 0ADF070A6F08031A0C08DAF9C7A40610...28279C22DFC7768F678FD7D3C25AD31B
2023-06-20 19:24:11.308 UTC [msp.identity] Sign -> DEBU 0cc Sign: digest: 547D75A70D9D1AB1B951589C8AB6FEE6BE6F504E9DEF7F8FF22CBB7FD5B0C5E9
2023-06-20 19:24:11.310 UTC [msp.identity] Sign -> DEBU 0cd Sign: plaintext: 0A87070A1708051A0608DBF9C7A40622...00120D1A0B08FFFFFFFFFFFFFFFFFF01
2023-06-20 19:24:11.312 UTC [msp.identity] Sign -> DEBU 0ce Sign: digest: 7C98E9CA7E083084D3C754F351FD537CF8DFB9BCF2B1B195322A786319FBAF7D

2023-06-20 19:24:16.575 UTC [chaincodeCmd] ClientWait -> INFO 0cf txid [379cbd41ab44f0b487a5f8a8f3145837a40d39202fcf316dc484a8488766a545] committed with status (VALID) at
bash-5.0#
bash-5.0#


####3ra organizacion
export CORE_PEER_MSPCONFIGPATH=/opt/gopath/src/github.com/hyperledger/fabric/peer/crypto/peerOrganizations/org3.convergenciax.com/users/Admin@org3.convergenciax.com/msp
export CORE_PEER_ADDRESS=peer0.org3.convergenciax.com:7051
export CORE_PEER_LOCALMSPID="Org3MSP"
export CORE_PEER_TLS_ROOTCERT_FILE=/opt/gopath/src/github.com/hyperledger/fabric/peer/crypto/peerOrganizations/org3.convergenciax.com/peers/peer0.org3.convergenciax.com/tls/ca.crt



bash-5.0# export ORDERER_CA=/opt/gopath/src/github.com/hyperledger/fabric/peer/crypto/ordererOrganizations/convergenciax.com/orderers/orderer.convergenciax.com/msp/tlscacerts/tlsca.convergenciax.com-cert.pem
bash-5.0#
bash-5.0# peer lifecycle chaincode approveformyorg --tls --cafile $ORDERER_CA --channelID $CHANNEL_NAME --name $CHAINCODE_NAME --version $CHAINCODE_VERSION --sequence 1 --waitForEvent --signature-policy  "OR ('Org1MSP.peer', 'Org3MSP.peer')" --package-id $PACKAGEID
2023-06-20 19:12:22.867 UTC [bccsp] GetDefault -> DEBU 001 Before using BCCSP, please call InitFactories(). Falling back to bootBCCSP.
2023-06-20 19:12:22.915 UTC [bccsp] GetDefault -> DEBU 002 Before using BCCSP, please call InitFactories(). Falling back to bootBCCSP.
2023-06-20 19:12:22.919 UTC [bccsp_sw] openKeyStore -> DEBU 003 KeyStore opened at [/opt/gopath/src/github.com/hyperledger/fabric/peer/crypto/peerOrganizations/org3.convergenciax.com/users/Admin@org3.convergenciax.com/msp/keystore]...done
2023-06-20 19:12:22.921 UTC [msp] getPemMaterialFromDir -> DEBU 004 Reading directory /opt/gopath/src/github.com/hyperledger/fabric/peer/crypto/peerOrganizations/org3.convergenciax.com/users/Admin@org3.convergenciax.com/msp/signcerts
2023-06-20 19:12:22.922 UTC [msp] getPemMaterialFromDir -> DEBU 005 Inspecting file /opt/gopath/src/github.com/hyperledger/fabric/peer/crypto/peerOrganizations/org3.convergenciax.com/users/Admin@org3.convergenciax.com/msp/signcerts/Admin@org3.convergenciax.com-cert.pem
2023-06-20 19:12:22.925 UTC [msp] getPemMaterialFromDir -> DEBU 006 Reading directory /opt/gopath/src/github.com/hyperledger/fabric/peer/crypto/peerOrganizations/org3.convergenciax.com/users/Admin@org3.convergenciax.com/msp/cacerts
2023-06-20 19:12:22.927 UTC [msp] getPemMaterialFromDir -> DEBU 007 Inspecting file /opt/gopath/src/github.com/hyperledger/fabric/peer/crypto/peerOrganizations/org3.convergenciax.com/users/Admin@org3.convergenciax.com/msp/cacerts/ca.org3.convergenciax.com-cert.pem
2023-06-20 19:12:22.927 UTC [msp] getPemMaterialFromDir -> DEBU 008 Reading directory /opt/gopath/src/github.com/hyperledger/fabric/peer/crypto/peerOrganizations/org3.convergenciax.com/users/Admin@org3.convergenciax.com/msp/admincerts
2023-06-20 19:12:22.927 UTC [msp] getPemMaterialFromDir -> DEBU 009 Reading directory /opt/gopath/src/github.com/hyperledger/fabric/peer/crypto/peerOrganizations/org3.convergenciax.com/users/Admin@org3.convergenciax.com/msp/intermediatecerts
2023-06-20 19:12:22.927 UTC [msp] getMspConfig -> DEBU 00a Intermediate certs folder not found at [/opt/gopath/src/github.com/hyperledger/fabric/peer/crypto/peerOrganizations/org3.convergenciax.com/users/Admin@org3.convergenciax.com/msp/intermediatecerts]. Skipping. [stat /opt/gopath/src/github.com/hyperledger/fabric/peer/crypto/peerOrganizations/org3.convergenciax.com/users/Admin@org3.convergenciax.com/msp/intermediatecerts: no such file or directory]
2023-06-20 19:12:22.927 UTC [msp] getPemMaterialFromDir -> DEBU 00b Reading directory /opt/gopath/src/github.com/hyperledger/fabric/peer/crypto/peerOrganizations/org3.convergenciax.com/users/Admin@org3.convergenciax.com/msp/tlscacerts
2023-06-20 19:12:22.927 UTC [msp] getPemMaterialFromDir -> DEBU 00c Inspecting file /opt/gopath/src/github.com/hyperledger/fabric/peer/crypto/peerOrganizations/org3.convergenciax.com/users/Admin@org3.convergenciax.com/msp/tlscacerts/tlsca.org3.convergenciax.com-cert.pem
2023-06-20 19:12:22.928 UTC [msp] getPemMaterialFromDir -> DEBU 00d Reading directory /opt/gopath/src/github.com/hyperledger/fabric/peer/crypto/peerOrganizations/org3.convergenciax.com/users/Admin@org3.convergenciax.com/msp/tlsintermediatecerts
2023-06-20 19:12:22.928 UTC [msp] getMspConfig -> DEBU 00e TLS intermediate certs folder not found at [/opt/gopath/src/github.com/hyperledger/fabric/peer/crypto/peerOrganizations/org3.convergenciax.com/users/Admin@org3.convergenciax.com/msp/tlsintermediatecerts]. Skipping. [stat /opt/gopath/src/github.com/hyperledger/fabric/peer/crypto/peerOrganizations/org3.convergenciax.com/users/Admin@org3.convergenciax.com/msp/tlsintermediatecerts: no such file or directory]
2023-06-20 19:12:22.928 UTC [msp] getPemMaterialFromDir -> DEBU 00f Reading directory /opt/gopath/src/github.com/hyperledger/fabric/peer/crypto/peerOrganizations/org3.convergenciax.com/users/Admin@org3.convergenciax.com/msp/crls
2023-06-20 19:12:22.928 UTC [msp] getMspConfig -> DEBU 010 crls folder not found at [/opt/gopath/src/github.com/hyperledger/fabric/peer/crypto/peerOrganizations/org3.convergenciax.com/users/Admin@org3.convergenciax.com/msp/crls]. Skipping. [stat /opt/gopath/src/github.com/hyperledger/fabric/peer/crypto/peerOrganizations/org3.convergenciax.com/users/Admin@org3.convergenciax.com/msp/crls: no such file or directory]
2023-06-20 19:12:22.928 UTC [msp] getMspConfig -> DEBU 011 Loading NodeOUs
2023-06-20 19:12:22.929 UTC [msp] newBccspMsp -> DEBU 012 Creating BCCSP-based MSP instance
2023-06-20 19:12:22.929 UTC [msp] New -> DEBU 013 Creating Cache-MSP instance
2023-06-20 19:12:22.929 UTC [msp] loadLocalMSP -> DEBU 014 Created new local MSP
2023-06-20 19:12:22.929 UTC [msp] Setup -> DEBU 015 Setting up MSP instance Org3MSP
2023-06-20 19:12:22.933 UTC [msp.identity] newIdentity -> DEBU 016 Creating identity instance for cert -----BEGIN CERTIFICATE-----
MIICazCCAhCgAwIBAgIRAIstWUiIclNzhc6i3mwOsSYwCgYIKoZIzj0EAwIwfzEL
MAkGA1UEBhMCVVMxEzARBgNVBAgTCkNhbGlmb3JuaWExFjAUBgNVBAcTDVNhbiBG
cmFuY2lzY28xHzAdBgNVBAoTFm9yZzMuY29udmVyZ2VuY2lheC5jb20xIjAgBgNV
BAMTGWNhLm9yZzMuY29udmVyZ2VuY2lheC5jb20wHhcNMjMwNjE0MjMwNjAwWhcN
MzMwNjExMjMwNjAwWjB/MQswCQYDVQQGEwJVUzETMBEGA1UECBMKQ2FsaWZvcm5p
YTEWMBQGA1UEBxMNU2FuIEZyYW5jaXNjbzEfMB0GA1UEChMWb3JnMy5jb252ZXJn
ZW5jaWF4LmNvbTEiMCAGA1UEAxMZY2Eub3JnMy5jb252ZXJnZW5jaWF4LmNvbTBZ
MBMGByqGSM49AgEGCCqGSM49AwEHA0IABPMjVETBxFrpt32XKZdihuqX378aLQYm
kEKkqvEZu38DcONnGz3m1ca25FKI5j026yZBcFicqle1wZfKOzrwuYejbTBrMA4G
A1UdDwEB/wQEAwIBpjAdBgNVHSUEFjAUBggrBgEFBQcDAgYIKwYBBQUHAwEwDwYD
VR0TAQH/BAUwAwEB/zApBgNVHQ4EIgQg+ZmF2EvMB7WJ90B5HzB64iV0XNEsbVCr
eNsKA/YcL8swCgYIKoZIzj0EAwIDSQAwRgIhANqf4TrgYMw4S3SNQda2Y8JzU8zC
4r9uz3El0LrOfCo5AiEA0p7Jh3TuXzO3lum3hzewUrRedySAhxY6WNNRet/aAJc=
-----END CERTIFICATE-----
2023-06-20 19:12:22.943 UTC [msp.identity] newIdentity -> DEBU 017 Creating identity instance for cert -----BEGIN CERTIFICATE-----
MIICOzCCAeGgAwIBAgIQR7gvAWWnFnt2p0uYCkA/pzAKBggqhkjOPQQDAjB/MQsw
CQYDVQQGEwJVUzETMBEGA1UECBMKQ2FsaWZvcm5pYTEWMBQGA1UEBxMNU2FuIEZy
YW5jaXNjbzEfMB0GA1UEChMWb3JnMy5jb252ZXJnZW5jaWF4LmNvbTEiMCAGA1UE
AxMZY2Eub3JnMy5jb252ZXJnZW5jaWF4LmNvbTAeFw0yMzA2MTQyMzA2MDBaFw0z
MzA2MTEyMzA2MDBaMHExCzAJBgNVBAYTAlVTMRMwEQYDVQQIEwpDYWxpZm9ybmlh
MRYwFAYDVQQHEw1TYW4gRnJhbmNpc2NvMQ4wDAYDVQQLEwVhZG1pbjElMCMGA1UE
AwwcQWRtaW5Ab3JnMy5jb252ZXJnZW5jaWF4LmNvbTBZMBMGByqGSM49AgEGCCqG
SM49AwEHA0IABJEMpOAP5otp2ErO3ps7EGCGB7K3i7LrhBNw1nHmJ5Ea0JPXedAE
sOs+dcPKBR8s/scetlKXJXyliGy9s9HeEl6jTTBLMA4GA1UdDwEB/wQEAwIHgDAM
BgNVHRMBAf8EAjAAMCsGA1UdIwQkMCKAIPmZhdhLzAe1ifdAeR8weuIldFzRLG1Q
q3jbCgP2HC/LMAoGCCqGSM49BAMCA0gAMEUCIQCLxfHBImngRFHU7jL2S7iQhzmf
co5+YdMQsyftSEwEAwIgKo4jQHhPhSuMhR/uOIknLw4Im9Yy/U8GuBaq0skqINo=
-----END CERTIFICATE-----
2023-06-20 19:12:22.944 UTC [msp.identity] newIdentity -> DEBU 018 Creating identity instance for cert -----BEGIN CERTIFICATE-----
MIICOzCCAeGgAwIBAgIQR7gvAWWnFnt2p0uYCkA/pzAKBggqhkjOPQQDAjB/MQsw
CQYDVQQGEwJVUzETMBEGA1UECBMKQ2FsaWZvcm5pYTEWMBQGA1UEBxMNU2FuIEZy
YW5jaXNjbzEfMB0GA1UEChMWb3JnMy5jb252ZXJnZW5jaWF4LmNvbTEiMCAGA1UE
AxMZY2Eub3JnMy5jb252ZXJnZW5jaWF4LmNvbTAeFw0yMzA2MTQyMzA2MDBaFw0z
MzA2MTEyMzA2MDBaMHExCzAJBgNVBAYTAlVTMRMwEQYDVQQIEwpDYWxpZm9ybmlh
MRYwFAYDVQQHEw1TYW4gRnJhbmNpc2NvMQ4wDAYDVQQLEwVhZG1pbjElMCMGA1UE
AwwcQWRtaW5Ab3JnMy5jb252ZXJnZW5jaWF4LmNvbTBZMBMGByqGSM49AgEGCCqG
SM49AwEHA0IABJEMpOAP5otp2ErO3ps7EGCGB7K3i7LrhBNw1nHmJ5Ea0JPXedAE
sOs+dcPKBR8s/scetlKXJXyliGy9s9HeEl6jTTBLMA4GA1UdDwEB/wQEAwIHgDAM
BgNVHRMBAf8EAjAAMCsGA1UdIwQkMCKAIPmZhdhLzAe1ifdAeR8weuIldFzRLG1Q
q3jbCgP2HC/LMAoGCCqGSM49BAMCA0gAMEUCIQCLxfHBImngRFHU7jL2S7iQhzmf
co5+YdMQsyftSEwEAwIgKo4jQHhPhSuMhR/uOIknLw4Im9Yy/U8GuBaq0skqINo=
-----END CERTIFICATE-----
2023-06-20 19:12:22.944 UTC [msp] setupSigningIdentity -> DEBU 019 Signing identity expires at 2033-06-11 23:06:00 +0000 UTC
2023-06-20 19:12:22.952 UTC [msp] GetDefaultSigningIdentity -> DEBU 01a Obtaining default signing identity
2023-06-20 19:12:22.965 UTC [grpc] Infof -> DEBU 01b parsed scheme: ""
2023-06-20 19:12:22.965 UTC [grpc] Infof -> DEBU 01c scheme "" not registered, fallback to default scheme
2023-06-20 19:12:22.965 UTC [grpc] Infof -> DEBU 01d ccResolverWrapper: sending update to cc: {[{peer0.org3.convergenciax.com:7051  <nil> 0 <nil>}] <nil> <nil>}
2023-06-20 19:12:22.965 UTC [grpc] Infof -> DEBU 01e ClientConn switching balancer to "pick_first"
2023-06-20 19:12:22.965 UTC [grpc] Infof -> DEBU 01f Channel switches to new LB policy "pick_first"
2023-06-20 19:12:22.965 UTC [grpc] Infof -> DEBU 020 Subchannel Connectivity change to CONNECTING
2023-06-20 19:12:22.965 UTC [grpc] Infof -> DEBU 021 Subchannel picks a new address "peer0.org3.convergenciax.com:7051" to connect
2023-06-20 19:12:22.966 UTC [grpc] UpdateSubConnState -> DEBU 022 pickfirstBalancer: HandleSubConnStateChange: 0xc000214a20, {CONNECTING <nil>}
2023-06-20 19:12:22.966 UTC [grpc] Infof -> DEBU 023 Channel Connectivity change to CONNECTING
2023-06-20 19:12:22.976 UTC [grpc] Infof -> DEBU 024 Subchannel Connectivity change to READY
2023-06-20 19:12:22.984 UTC [grpc] UpdateSubConnState -> DEBU 025 pickfirstBalancer: HandleSubConnStateChange: 0xc000214a20, {READY <nil>}
2023-06-20 19:12:22.984 UTC [grpc] Infof -> DEBU 026 Channel Connectivity change to READY
2023-06-20 19:12:22.986 UTC [grpc] Infof -> DEBU 027 parsed scheme: ""
2023-06-20 19:12:22.988 UTC [grpc] Infof -> DEBU 028 scheme "" not registered, fallback to default scheme
2023-06-20 19:12:22.995 UTC [grpc] Infof -> DEBU 029 ccResolverWrapper: sending update to cc: {[{peer0.org3.convergenciax.com:7051  <nil> 0 <nil>}] <nil> <nil>}
2023-06-20 19:12:22.995 UTC [grpc] Infof -> DEBU 02a ClientConn switching balancer to "pick_first"
2023-06-20 19:12:22.995 UTC [grpc] Infof -> DEBU 02b Channel switches to new LB policy "pick_first"
2023-06-20 19:12:22.996 UTC [grpc] Infof -> DEBU 02c Subchannel Connectivity change to CONNECTING
2023-06-20 19:12:22.996 UTC [grpc] Infof -> DEBU 02d Subchannel picks a new address "peer0.org3.convergenciax.com:7051" to connect
2023-06-20 19:12:22.998 UTC [grpc] UpdateSubConnState -> DEBU 02e pickfirstBalancer: HandleSubConnStateChange: 0xc0004b0520, {CONNECTING <nil>}
2023-06-20 19:12:22.998 UTC [grpc] Infof -> DEBU 02f Channel Connectivity change to CONNECTING
2023-06-20 19:12:23.008 UTC [grpc] Infof -> DEBU 030 Subchannel Connectivity change to READY
2023-06-20 19:12:23.008 UTC [grpc] UpdateSubConnState -> DEBU 031 pickfirstBalancer: HandleSubConnStateChange: 0xc0004b0520, {READY <nil>}
2023-06-20 19:12:23.008 UTC [grpc] Infof -> DEBU 032 Channel Connectivity change to READY
2023-06-20 19:12:23.015 UTC [msp.identity] Sign -> DEBU 033 Sign: plaintext: 0ACB070A5B08011A0B0897F4C7A40610...6F636B0A0B6D61726B6574706C616365
2023-06-20 19:12:23.015 UTC [msp.identity] Sign -> DEBU 034 Sign: digest: FCCEEEC5337E62C116013BEF71E52CEB15B798909802232631214C8E007F3FEE
2023-06-20 19:12:23.025 UTC [common.channelconfig] NewStandardValues -> DEBU 035 Initializing protos for *channelconfig.ChannelProtos
2023-06-20 19:12:23.026 UTC [common.channelconfig] initializeProtosStruct -> DEBU 036 Processing field: HashingAlgorithm
2023-06-20 19:12:23.036 UTC [common.channelconfig] initializeProtosStruct -> DEBU 037 Processing field: BlockDataHashingStructure
2023-06-20 19:12:23.036 UTC [common.channelconfig] initializeProtosStruct -> DEBU 038 Processing field: OrdererAddresses
2023-06-20 19:12:23.038 UTC [common.channelconfig] initializeProtosStruct -> DEBU 039 Processing field: Consortium
2023-06-20 19:12:23.042 UTC [common.channelconfig] initializeProtosStruct -> DEBU 03a Processing field: Capabilities
2023-06-20 19:12:23.042 UTC [common.channelconfig] NewStandardValues -> DEBU 03b Initializing protos for *channelconfig.ApplicationProtos
2023-06-20 19:12:23.042 UTC [common.channelconfig] initializeProtosStruct -> DEBU 03c Processing field: ACLs
2023-06-20 19:12:23.042 UTC [common.channelconfig] initializeProtosStruct -> DEBU 03d Processing field: Capabilities
2023-06-20 19:12:23.048 UTC [common.channelconfig] NewStandardValues -> DEBU 03e Initializing protos for *channelconfig.ApplicationOrgProtos
2023-06-20 19:12:23.048 UTC [common.channelconfig] initializeProtosStruct -> DEBU 03f Processing field: AnchorPeers
2023-06-20 19:12:23.048 UTC [common.channelconfig] NewStandardValues -> DEBU 040 Initializing protos for *channelconfig.OrganizationProtos
2023-06-20 19:12:23.048 UTC [common.channelconfig] initializeProtosStruct -> DEBU 041 Processing field: MSP
2023-06-20 19:12:23.048 UTC [common.channelconfig] Validate -> DEBU 042 Anchor peers for org Org1MSP are
2023-06-20 19:12:23.048 UTC [common.channelconfig] validateMSP -> DEBU 043 Setting up MSP for org Org1MSP
2023-06-20 19:12:23.048 UTC [msp] newBccspMsp -> DEBU 044 Creating BCCSP-based MSP instance
2023-06-20 19:12:23.054 UTC [msp] New -> DEBU 045 Creating Cache-MSP instance
2023-06-20 19:12:23.056 UTC [msp] Setup -> DEBU 046 Setting up MSP instance Org1MSP
2023-06-20 19:12:23.056 UTC [msp.identity] newIdentity -> DEBU 047 Creating identity instance for cert -----BEGIN CERTIFICATE-----
MIICaTCCAhCgAwIBAgIRAOzC4yV44YgFvCbhw3BWSDowCgYIKoZIzj0EAwIwfzEL
MAkGA1UEBhMCVVMxEzARBgNVBAgTCkNhbGlmb3JuaWExFjAUBgNVBAcTDVNhbiBG
cmFuY2lzY28xHzAdBgNVBAoTFm9yZzEuY29udmVyZ2VuY2lheC5jb20xIjAgBgNV
BAMTGWNhLm9yZzEuY29udmVyZ2VuY2lheC5jb20wHhcNMjMwNjE0MjMwNjAwWhcN
MzMwNjExMjMwNjAwWjB/MQswCQYDVQQGEwJVUzETMBEGA1UECBMKQ2FsaWZvcm5p
YTEWMBQGA1UEBxMNU2FuIEZyYW5jaXNjbzEfMB0GA1UEChMWb3JnMS5jb252ZXJn
ZW5jaWF4LmNvbTEiMCAGA1UEAxMZY2Eub3JnMS5jb252ZXJnZW5jaWF4LmNvbTBZ
MBMGByqGSM49AgEGCCqGSM49AwEHA0IABARBe3B18CjT8nOoNlBLd8sR3wvS3Dla
wALfytCj8sU8biPV80h9jjp19NloWf2DklSk7hENdwAuqTREdLoupU+jbTBrMA4G
A1UdDwEB/wQEAwIBpjAdBgNVHSUEFjAUBggrBgEFBQcDAgYIKwYBBQUHAwEwDwYD
VR0TAQH/BAUwAwEB/zApBgNVHQ4EIgQgrWqzlxzccus8wvM+jzx7eQs2mOh1TRau
yG8ZoCVD1f4wCgYIKoZIzj0EAwIDRwAwRAIgdfwSva2nWb3zqeE1TgxOSyo7z9GA
Uy0Nir6E4q6JSH8CIGCdqcGQX3r3ZaCt84NXc4lK16ndqjOoe9Qj33tEYuxP
-----END CERTIFICATE-----
2023-06-20 19:12:23.059 UTC [common.channelconfig] NewStandardValues -> DEBU 048 Initializing protos for *channelconfig.ApplicationOrgProtos
2023-06-20 19:12:23.064 UTC [common.channelconfig] initializeProtosStruct -> DEBU 049 Processing field: AnchorPeers
2023-06-20 19:12:23.069 UTC [common.channelconfig] NewStandardValues -> DEBU 04a Initializing protos for *channelconfig.OrganizationProtos
2023-06-20 19:12:23.069 UTC [common.channelconfig] initializeProtosStruct -> DEBU 04b Processing field: MSP
2023-06-20 19:12:23.069 UTC [common.channelconfig] Validate -> DEBU 04c Anchor peers for org Org2MSP are
2023-06-20 19:12:23.069 UTC [common.channelconfig] validateMSP -> DEBU 04d Setting up MSP for org Org2MSP
2023-06-20 19:12:23.069 UTC [msp] newBccspMsp -> DEBU 04e Creating BCCSP-based MSP instance
2023-06-20 19:12:23.069 UTC [msp] New -> DEBU 04f Creating Cache-MSP instance
2023-06-20 19:12:23.069 UTC [msp] Setup -> DEBU 050 Setting up MSP instance Org2MSP
2023-06-20 19:12:23.069 UTC [msp.identity] newIdentity -> DEBU 051 Creating identity instance for cert -----BEGIN CERTIFICATE-----
MIICajCCAg+gAwIBAgIQISuXTrwpdz5duVMdBe6bVDAKBggqhkjOPQQDAjB/MQsw
CQYDVQQGEwJVUzETMBEGA1UECBMKQ2FsaWZvcm5pYTEWMBQGA1UEBxMNU2FuIEZy
YW5jaXNjbzEfMB0GA1UEChMWb3JnMi5jb252ZXJnZW5jaWF4LmNvbTEiMCAGA1UE
AxMZY2Eub3JnMi5jb252ZXJnZW5jaWF4LmNvbTAeFw0yMzA2MTQyMzA2MDBaFw0z
MzA2MTEyMzA2MDBaMH8xCzAJBgNVBAYTAlVTMRMwEQYDVQQIEwpDYWxpZm9ybmlh
MRYwFAYDVQQHEw1TYW4gRnJhbmNpc2NvMR8wHQYDVQQKExZvcmcyLmNvbnZlcmdl
bmNpYXguY29tMSIwIAYDVQQDExljYS5vcmcyLmNvbnZlcmdlbmNpYXguY29tMFkw
EwYHKoZIzj0CAQYIKoZIzj0DAQcDQgAERr7s/MlG2fCm2DiesGbQgf1sNyrK1HvN
+ioYHM2+pynHvoc2FiY/tQcVS6CqjTC/pV7WJXSJkYn3K8M/bdGpQaNtMGswDgYD
VR0PAQH/BAQDAgGmMB0GA1UdJQQWMBQGCCsGAQUFBwMCBggrBgEFBQcDATAPBgNV
HRMBAf8EBTADAQH/MCkGA1UdDgQiBCBHiU7WtLoOg9FnVGIscdbEWYvuuDyHNZsr
q/p9QWFljTAKBggqhkjOPQQDAgNJADBGAiEA+iXzFxjl+9hwq1zuNrFIhGb7fAsk
DIFFsZ9YQ9CyDdkCIQDQhd3qj1cvpwRX/40WaGz2eBhZLQuLGP3OOKCFgCaycw==
-----END CERTIFICATE-----
2023-06-20 19:12:23.079 UTC [common.channelconfig] NewStandardValues -> DEBU 052 Initializing protos for *channelconfig.ApplicationOrgProtos
2023-06-20 19:12:23.079 UTC [common.channelconfig] initializeProtosStruct -> DEBU 053 Processing field: AnchorPeers
2023-06-20 19:12:23.079 UTC [common.channelconfig] NewStandardValues -> DEBU 054 Initializing protos for *channelconfig.OrganizationProtos
2023-06-20 19:12:23.079 UTC [common.channelconfig] initializeProtosStruct -> DEBU 055 Processing field: MSP
2023-06-20 19:12:23.079 UTC [common.channelconfig] Validate -> DEBU 056 Anchor peers for org Org3MSP are
2023-06-20 19:12:23.079 UTC [common.channelconfig] validateMSP -> DEBU 057 Setting up MSP for org Org3MSP
2023-06-20 19:12:23.079 UTC [msp] newBccspMsp -> DEBU 058 Creating BCCSP-based MSP instance
2023-06-20 19:12:23.079 UTC [msp] New -> DEBU 059 Creating Cache-MSP instance
2023-06-20 19:12:23.079 UTC [msp] Setup -> DEBU 05a Setting up MSP instance Org3MSP
2023-06-20 19:12:23.081 UTC [msp.identity] newIdentity -> DEBU 05b Creating identity instance for cert -----BEGIN CERTIFICATE-----
MIICazCCAhCgAwIBAgIRAIstWUiIclNzhc6i3mwOsSYwCgYIKoZIzj0EAwIwfzEL
MAkGA1UEBhMCVVMxEzARBgNVBAgTCkNhbGlmb3JuaWExFjAUBgNVBAcTDVNhbiBG
cmFuY2lzY28xHzAdBgNVBAoTFm9yZzMuY29udmVyZ2VuY2lheC5jb20xIjAgBgNV
BAMTGWNhLm9yZzMuY29udmVyZ2VuY2lheC5jb20wHhcNMjMwNjE0MjMwNjAwWhcN
MzMwNjExMjMwNjAwWjB/MQswCQYDVQQGEwJVUzETMBEGA1UECBMKQ2FsaWZvcm5p
YTEWMBQGA1UEBxMNU2FuIEZyYW5jaXNjbzEfMB0GA1UEChMWb3JnMy5jb252ZXJn
ZW5jaWF4LmNvbTEiMCAGA1UEAxMZY2Eub3JnMy5jb252ZXJnZW5jaWF4LmNvbTBZ
MBMGByqGSM49AgEGCCqGSM49AwEHA0IABPMjVETBxFrpt32XKZdihuqX378aLQYm
kEKkqvEZu38DcONnGz3m1ca25FKI5j026yZBcFicqle1wZfKOzrwuYejbTBrMA4G
A1UdDwEB/wQEAwIBpjAdBgNVHSUEFjAUBggrBgEFBQcDAgYIKwYBBQUHAwEwDwYD
VR0TAQH/BAUwAwEB/zApBgNVHQ4EIgQg+ZmF2EvMB7WJ90B5HzB64iV0XNEsbVCr
eNsKA/YcL8swCgYIKoZIzj0EAwIDSQAwRgIhANqf4TrgYMw4S3SNQda2Y8JzU8zC
4r9uz3El0LrOfCo5AiEA0p7Jh3TuXzO3lum3hzewUrRedySAhxY6WNNRet/aAJc=
-----END CERTIFICATE-----
2023-06-20 19:12:23.097 UTC [common.channelconfig] NewStandardValues -> DEBU 05c Initializing protos for *channelconfig.OrdererProtos
2023-06-20 19:12:23.097 UTC [common.channelconfig] initializeProtosStruct -> DEBU 05d Processing field: ConsensusType
2023-06-20 19:12:23.097 UTC [common.channelconfig] initializeProtosStruct -> DEBU 05e Processing field: BatchSize
2023-06-20 19:12:23.097 UTC [common.channelconfig] initializeProtosStruct -> DEBU 05f Processing field: BatchTimeout
2023-06-20 19:12:23.097 UTC [common.channelconfig] initializeProtosStruct -> DEBU 060 Processing field: KafkaBrokers
2023-06-20 19:12:23.097 UTC [common.channelconfig] initializeProtosStruct -> DEBU 061 Processing field: ChannelRestrictions
2023-06-20 19:12:23.097 UTC [common.channelconfig] initializeProtosStruct -> DEBU 062 Processing field: Capabilities
2023-06-20 19:12:23.097 UTC [common.channelconfig] NewStandardValues -> DEBU 063 Initializing protos for *channelconfig.OrdererOrgProtos
2023-06-20 19:12:23.097 UTC [common.channelconfig] initializeProtosStruct -> DEBU 064 Processing field: Endpoints
2023-06-20 19:12:23.097 UTC [common.channelconfig] NewStandardValues -> DEBU 065 Initializing protos for *channelconfig.OrganizationProtos
2023-06-20 19:12:23.099 UTC [common.channelconfig] initializeProtosStruct -> DEBU 066 Processing field: MSP
2023-06-20 19:12:23.100 UTC [common.channelconfig] validateMSP -> DEBU 067 Setting up MSP for org OrdererOrg
2023-06-20 19:12:23.102 UTC [msp] newBccspMsp -> DEBU 068 Creating BCCSP-based MSP instance
2023-06-20 19:12:23.102 UTC [msp] New -> DEBU 069 Creating Cache-MSP instance
2023-06-20 19:12:23.102 UTC [msp] Setup -> DEBU 06a Setting up MSP instance OrdererMSP
2023-06-20 19:12:23.103 UTC [msp.identity] newIdentity -> DEBU 06b Creating identity instance for cert -----BEGIN CERTIFICATE-----
MIICVjCCAfugAwIBAgIQbRg8AxtOHRulywXfYY12IDAKBggqhkjOPQQDAjB1MQsw
CQYDVQQGEwJVUzETMBEGA1UECBMKQ2FsaWZvcm5pYTEWMBQGA1UEBxMNU2FuIEZy
YW5jaXNjbzEaMBgGA1UEChMRY29udmVyZ2VuY2lheC5jb20xHTAbBgNVBAMTFGNh
LmNvbnZlcmdlbmNpYXguY29tMB4XDTIzMDYxNDIzMDYwMFoXDTMzMDYxMTIzMDYw
MFowdTELMAkGA1UEBhMCVVMxEzARBgNVBAgTCkNhbGlmb3JuaWExFjAUBgNVBAcT
DVNhbiBGcmFuY2lzY28xGjAYBgNVBAoTEWNvbnZlcmdlbmNpYXguY29tMR0wGwYD
VQQDExRjYS5jb252ZXJnZW5jaWF4LmNvbTBZMBMGByqGSM49AgEGCCqGSM49AwEH
A0IABPJbSV8DbZgL4PN0FqmQXVpP2TCA18QdZNgq+Xa50+I+hIhbk1sQmlLbP+gy
PKEFbVD58/lyYWdC+NuwqyITlQ6jbTBrMA4GA1UdDwEB/wQEAwIBpjAdBgNVHSUE
FjAUBggrBgEFBQcDAgYIKwYBBQUHAwEwDwYDVR0TAQH/BAUwAwEB/zApBgNVHQ4E
IgQgcfXuyb+w9jwYcHFzsi6PK0rsS4q4KzNB/l1o+tad2/YwCgYIKoZIzj0EAwID
SQAwRgIhAL2z39Mzs/KLcpLwC1bvEmcBEUQlry0ad5vdxtL4K5QXAiEAsxx5Us0j
i2tCLksdRWFcQ1Ul4mlvjgNosALMPy2QUKM=
-----END CERTIFICATE-----
2023-06-20 19:12:23.104 UTC [msp] Setup -> DEBU 06c Setting up the MSP manager (4 msps)
2023-06-20 19:12:23.104 UTC [msp] Setup -> DEBU 06d MSP manager setup complete, setup 4 msps
2023-06-20 19:12:23.104 UTC [policies] NewManagerImpl -> DEBU 06e Proposed new policy Endorsement for Channel/Application/Org1MSP
2023-06-20 19:12:23.104 UTC [policies] NewManagerImpl -> DEBU 06f Proposed new policy Readers for Channel/Application/Org1MSP
2023-06-20 19:12:23.104 UTC [policies] NewManagerImpl -> DEBU 070 Proposed new policy Writers for Channel/Application/Org1MSP
2023-06-20 19:12:23.104 UTC [policies] NewManagerImpl -> DEBU 071 Proposed new policy Admins for Channel/Application/Org1MSP
2023-06-20 19:12:23.104 UTC [policies] NewManagerImpl -> DEBU 072 Proposed new policy Writers for Channel/Application/Org2MSP
2023-06-20 19:12:23.120 UTC [policies] NewManagerImpl -> DEBU 073 Proposed new policy Admins for Channel/Application/Org2MSP
2023-06-20 19:12:23.122 UTC [policies] NewManagerImpl -> DEBU 074 Proposed new policy Endorsement for Channel/Application/Org2MSP
2023-06-20 19:12:23.122 UTC [policies] NewManagerImpl -> DEBU 075 Proposed new policy Readers for Channel/Application/Org2MSP
2023-06-20 19:12:23.122 UTC [policies] NewManagerImpl -> DEBU 076 Proposed new policy Readers for Channel/Application/Org3MSP
2023-06-20 19:12:23.122 UTC [policies] NewManagerImpl -> DEBU 077 Proposed new policy Writers for Channel/Application/Org3MSP
2023-06-20 19:12:23.122 UTC [policies] NewManagerImpl -> DEBU 078 Proposed new policy Admins for Channel/Application/Org3MSP
2023-06-20 19:12:23.122 UTC [policies] NewManagerImpl -> DEBU 079 Proposed new policy Endorsement for Channel/Application/Org3MSP
2023-06-20 19:12:23.122 UTC [policies] NewManagerImpl -> DEBU 07a Proposed new policy Writers for Channel/Application
2023-06-20 19:12:23.122 UTC [policies] NewManagerImpl -> DEBU 07b Proposed new policy Admins for Channel/Application
2023-06-20 19:12:23.122 UTC [policies] NewManagerImpl -> DEBU 07c Proposed new policy Endorsement for Channel/Application
2023-06-20 19:12:23.122 UTC [policies] NewManagerImpl -> DEBU 07d Proposed new policy LifecycleEndorsement for Channel/Application
2023-06-20 19:12:23.122 UTC [policies] NewManagerImpl -> DEBU 07e Proposed new policy Readers for Channel/Application
2023-06-20 19:12:23.122 UTC [policies] NewManagerImpl -> DEBU 07f Proposed new policy Admins for Channel/Orderer/OrdererOrg
2023-06-20 19:12:23.122 UTC [policies] NewManagerImpl -> DEBU 080 Proposed new policy Readers for Channel/Orderer/OrdererOrg
2023-06-20 19:12:23.122 UTC [policies] NewManagerImpl -> DEBU 081 Proposed new policy Writers for Channel/Orderer/OrdererOrg
2023-06-20 19:12:23.122 UTC [policies] NewManagerImpl -> DEBU 082 Proposed new policy Readers for Channel/Orderer
2023-06-20 19:12:23.122 UTC [policies] NewManagerImpl -> DEBU 083 Proposed new policy Writers for Channel/Orderer
2023-06-20 19:12:23.122 UTC [policies] NewManagerImpl -> DEBU 084 Proposed new policy Admins for Channel/Orderer
2023-06-20 19:12:23.122 UTC [policies] NewManagerImpl -> DEBU 085 Proposed new policy BlockValidation for Channel/Orderer
2023-06-20 19:12:23.122 UTC [policies] NewManagerImpl -> DEBU 086 Proposed new policy Writers for Channel
2023-06-20 19:12:23.122 UTC [policies] NewManagerImpl -> DEBU 087 Proposed new policy Admins for Channel
2023-06-20 19:12:23.122 UTC [policies] NewManagerImpl -> DEBU 088 Proposed new policy Readers for Channel
2023-06-20 19:12:23.122 UTC [common.configtx] addToMap -> DEBU 089 Adding to config map: [Group]  /Channel
2023-06-20 19:12:23.125 UTC [common.configtx] addToMap -> DEBU 08a Adding to config map: [Group]  /Channel/Orderer
2023-06-20 19:12:23.125 UTC [common.configtx] addToMap -> DEBU 08b Adding to config map: [Group]  /Channel/Orderer/OrdererOrg
2023-06-20 19:12:23.127 UTC [common.configtx] addToMap -> DEBU 08c Adding to config map: [Value]  /Channel/Orderer/OrdererOrg/MSP
2023-06-20 19:12:23.127 UTC [common.configtx] addToMap -> DEBU 08d Adding to config map: [Value]  /Channel/Orderer/OrdererOrg/Endpoints
2023-06-20 19:12:23.127 UTC [common.configtx] addToMap -> DEBU 08e Adding to config map: [Policy] /Channel/Orderer/OrdererOrg/Readers
2023-06-20 19:12:23.127 UTC [common.configtx] addToMap -> DEBU 08f Adding to config map: [Policy] /Channel/Orderer/OrdererOrg/Writers
2023-06-20 19:12:23.127 UTC [common.configtx] addToMap -> DEBU 090 Adding to config map: [Policy] /Channel/Orderer/OrdererOrg/Admins
2023-06-20 19:12:23.127 UTC [common.configtx] addToMap -> DEBU 091 Adding to config map: [Value]  /Channel/Orderer/BatchTimeout
2023-06-20 19:12:23.127 UTC [common.configtx] addToMap -> DEBU 092 Adding to config map: [Value]  /Channel/Orderer/ChannelRestrictions
2023-06-20 19:12:23.127 UTC [common.configtx] addToMap -> DEBU 093 Adding to config map: [Value]  /Channel/Orderer/Capabilities
2023-06-20 19:12:23.127 UTC [common.configtx] addToMap -> DEBU 094 Adding to config map: [Value]  /Channel/Orderer/ConsensusType
2023-06-20 19:12:23.127 UTC [common.configtx] addToMap -> DEBU 095 Adding to config map: [Value]  /Channel/Orderer/BatchSize
2023-06-20 19:12:23.127 UTC [common.configtx] addToMap -> DEBU 096 Adding to config map: [Policy] /Channel/Orderer/Readers
2023-06-20 19:12:23.127 UTC [common.configtx] addToMap -> DEBU 097 Adding to config map: [Policy] /Channel/Orderer/Writers
2023-06-20 19:12:23.127 UTC [common.configtx] addToMap -> DEBU 098 Adding to config map: [Policy] /Channel/Orderer/Admins
2023-06-20 19:12:23.127 UTC [common.configtx] addToMap -> DEBU 099 Adding to config map: [Policy] /Channel/Orderer/BlockValidation
2023-06-20 19:12:23.127 UTC [common.configtx] addToMap -> DEBU 09a Adding to config map: [Group]  /Channel/Application
2023-06-20 19:12:23.127 UTC [common.configtx] addToMap -> DEBU 09b Adding to config map: [Group]  /Channel/Application/Org1MSP
2023-06-20 19:12:23.127 UTC [common.configtx] addToMap -> DEBU 09c Adding to config map: [Value]  /Channel/Application/Org1MSP/MSP
2023-06-20 19:12:23.127 UTC [common.configtx] addToMap -> DEBU 09d Adding to config map: [Policy] /Channel/Application/Org1MSP/Endorsement
2023-06-20 19:12:23.127 UTC [common.configtx] addToMap -> DEBU 09e Adding to config map: [Policy] /Channel/Application/Org1MSP/Readers
2023-06-20 19:12:23.127 UTC [common.configtx] addToMap -> DEBU 09f Adding to config map: [Policy] /Channel/Application/Org1MSP/Writers
2023-06-20 19:12:23.127 UTC [common.configtx] addToMap -> DEBU 0a0 Adding to config map: [Policy] /Channel/Application/Org1MSP/Admins
2023-06-20 19:12:23.127 UTC [common.configtx] addToMap -> DEBU 0a1 Adding to config map: [Group]  /Channel/Application/Org2MSP
2023-06-20 19:12:23.127 UTC [common.configtx] addToMap -> DEBU 0a2 Adding to config map: [Value]  /Channel/Application/Org2MSP/MSP
2023-06-20 19:12:23.127 UTC [common.configtx] addToMap -> DEBU 0a3 Adding to config map: [Policy] /Channel/Application/Org2MSP/Writers
2023-06-20 19:12:23.127 UTC [common.configtx] addToMap -> DEBU 0a4 Adding to config map: [Policy] /Channel/Application/Org2MSP/Admins
2023-06-20 19:12:23.127 UTC [common.configtx] addToMap -> DEBU 0a5 Adding to config map: [Policy] /Channel/Application/Org2MSP/Endorsement
2023-06-20 19:12:23.127 UTC [common.configtx] addToMap -> DEBU 0a6 Adding to config map: [Policy] /Channel/Application/Org2MSP/Readers
2023-06-20 19:12:23.127 UTC [common.configtx] addToMap -> DEBU 0a7 Adding to config map: [Group]  /Channel/Application/Org3MSP
2023-06-20 19:12:23.127 UTC [common.configtx] addToMap -> DEBU 0a8 Adding to config map: [Value]  /Channel/Application/Org3MSP/MSP
2023-06-20 19:12:23.127 UTC [common.configtx] addToMap -> DEBU 0a9 Adding to config map: [Policy] /Channel/Application/Org3MSP/Readers
2023-06-20 19:12:23.127 UTC [common.configtx] addToMap -> DEBU 0aa Adding to config map: [Policy] /Channel/Application/Org3MSP/Writers
2023-06-20 19:12:23.127 UTC [common.configtx] addToMap -> DEBU 0ab Adding to config map: [Policy] /Channel/Application/Org3MSP/Admins
2023-06-20 19:12:23.127 UTC [common.configtx] addToMap -> DEBU 0ac Adding to config map: [Policy] /Channel/Application/Org3MSP/Endorsement
2023-06-20 19:12:23.127 UTC [common.configtx] addToMap -> DEBU 0ad Adding to config map: [Value]  /Channel/Application/Capabilities
2023-06-20 19:12:23.127 UTC [common.configtx] addToMap -> DEBU 0ae Adding to config map: [Policy] /Channel/Application/LifecycleEndorsement
2023-06-20 19:12:23.127 UTC [common.configtx] addToMap -> DEBU 0af Adding to config map: [Policy] /Channel/Application/Readers
2023-06-20 19:12:23.127 UTC [common.configtx] addToMap -> DEBU 0b0 Adding to config map: [Policy] /Channel/Application/Writers
2023-06-20 19:12:23.127 UTC [common.configtx] addToMap -> DEBU 0b1 Adding to config map: [Policy] /Channel/Application/Admins
2023-06-20 19:12:23.127 UTC [common.configtx] addToMap -> DEBU 0b2 Adding to config map: [Policy] /Channel/Application/Endorsement
2023-06-20 19:12:23.127 UTC [common.configtx] addToMap -> DEBU 0b3 Adding to config map: [Value]  /Channel/BlockDataHashingStructure
2023-06-20 19:12:23.128 UTC [common.configtx] addToMap -> DEBU 0b4 Adding to config map: [Value]  /Channel/Consortium
2023-06-20 19:12:23.134 UTC [common.configtx] addToMap -> DEBU 0b5 Adding to config map: [Value]  /Channel/OrdererAddresses
2023-06-20 19:12:23.139 UTC [common.configtx] addToMap -> DEBU 0b6 Adding to config map: [Value]  /Channel/Capabilities
2023-06-20 19:12:23.139 UTC [common.configtx] addToMap -> DEBU 0b7 Adding to config map: [Value]  /Channel/HashingAlgorithm
2023-06-20 19:12:23.139 UTC [common.configtx] addToMap -> DEBU 0b8 Adding to config map: [Policy] /Channel/Readers
2023-06-20 19:12:23.139 UTC [common.configtx] addToMap -> DEBU 0b9 Adding to config map: [Policy] /Channel/Writers
2023-06-20 19:12:23.139 UTC [common.configtx] addToMap -> DEBU 0ba Adding to config map: [Policy] /Channel/Admins
2023-06-20 19:12:23.139 UTC [cli.lifecycle.chaincode] setOrdererClient -> INFO 0bb Retrieved channel (marketplace) orderer endpoint: orderer.convergenciax.com:7050
2023-06-20 19:12:23.140 UTC [grpc] WithKeepaliveParams -> DEBU 0bc Adjusting keepalive ping interval to minimum period of 10s
2023-06-20 19:12:23.140 UTC [grpc] Infof -> DEBU 0bd parsed scheme: ""
2023-06-20 19:12:23.140 UTC [grpc] Infof -> DEBU 0be scheme "" not registered, fallback to default scheme
2023-06-20 19:12:23.140 UTC [grpc] Infof -> DEBU 0bf ccResolverWrapper: sending update to cc: {[{orderer.convergenciax.com:7050  <nil> 0 <nil>}] <nil> <nil>}
2023-06-20 19:12:23.140 UTC [grpc] Infof -> DEBU 0c0 ClientConn switching balancer to "pick_first"
2023-06-20 19:12:23.140 UTC [grpc] Infof -> DEBU 0c1 Channel switches to new LB policy "pick_first"
2023-06-20 19:12:23.140 UTC [grpc] Infof -> DEBU 0c2 Subchannel Connectivity change to CONNECTING
2023-06-20 19:12:23.140 UTC [grpc] Infof -> DEBU 0c3 Subchannel picks a new address "orderer.convergenciax.com:7050" to connect
2023-06-20 19:12:23.140 UTC [grpc] UpdateSubConnState -> DEBU 0c4 pickfirstBalancer: HandleSubConnStateChange: 0xc0004f76f0, {CONNECTING <nil>}
2023-06-20 19:12:23.140 UTC [grpc] Infof -> DEBU 0c5 Channel Connectivity change to CONNECTING
2023-06-20 19:12:23.158 UTC [grpc] Infof -> DEBU 0c6 Subchannel Connectivity change to READY
2023-06-20 19:12:23.158 UTC [grpc] UpdateSubConnState -> DEBU 0c7 pickfirstBalancer: HandleSubConnStateChange: 0xc0004f76f0, {READY <nil>}
2023-06-20 19:12:23.158 UTC [grpc] Infof -> DEBU 0c8 Channel Connectivity change to READY
2023-06-20 19:12:23.158 UTC [msp.identity] Sign -> DEBU 0c9 Sign: plaintext: 0ADE070A6E08031A0B0897F4C7A40610...30663862323833383238386632663766
2023-06-20 19:12:23.158 UTC [msp.identity] Sign -> DEBU 0ca Sign: digest: D80E0AE6842302CFF3BCDB07805D6FBF8627D370B4E37032954076E7482665F0
2023-06-20 19:12:24.587 UTC [msp.identity] Sign -> DEBU 0cb Sign: plaintext: 0ADE070A6E08031A0B0897F4C7A40610...686D24C2ADDF3616861CEB6AF1A4C6BD
2023-06-20 19:12:24.588 UTC [msp.identity] Sign -> DEBU 0cc Sign: digest: 7461F50C6F97D00B37B1D570E91D440F5D881CD4D4310F983D5B8A12647670F2
2023-06-20 19:12:24.595 UTC [msp.identity] Sign -> DEBU 0cd Sign: plaintext: 0A87070A1708051A060898F4C7A40622...00120D1A0B08FFFFFFFFFFFFFFFFFF01
2023-06-20 19:12:24.599 UTC [msp.identity] Sign -> DEBU 0ce Sign: digest: 726C3F18C8F1D048453192201F9C9CC69F5A6D926630FA1D82CD61515ECE796F
2023-06-20 19:12:34.654 UTC [chaincodeCmd] ClientWait -> INFO 0cf txid [4e61c8bd59fa169473f6c34c8348e98d042bd49a53ed5e51ccc7cdd64d08f595] committed with status (VALID) at
bash-5.0#



###
#
# PASO 4  Autorizar cambios en permisos
# aplicar checkcommitreadiness y aprobar cambios (verificar)
#
###
bash-5.0# peer lifecycle chaincode checkcommitreadiness --channelID $CHANNEL_NAME --name $CHAINCODE_NAME --version $CHAINCODE_VERSION --sequence 1 --signature-policy  "OR ('Org1MSP.peer', 'Org3MSP.peer')" --output json
2023-06-20 19:31:11.591 UTC [bccsp] GetDefault -> DEBU 001 Before using BCCSP, please call InitFactories(). Falling back to bootBCCSP.
2023-06-20 19:31:11.634 UTC [bccsp] GetDefault -> DEBU 002 Before using BCCSP, please call InitFactories(). Falling back to bootBCCSP.
2023-06-20 19:31:11.635 UTC [bccsp_sw] openKeyStore -> DEBU 003 KeyStore opened at [/opt/gopath/src/github.com/hyperledger/fabric/peer/crypto/peerOrganizations/org1.convergenciax.com/users/Admin@org1.convergenciax.com/msp/keystore]...done
2023-06-20 19:31:11.636 UTC [msp] getPemMaterialFromDir -> DEBU 004 Reading directory /opt/gopath/src/github.com/hyperledger/fabric/peer/crypto/peerOrganizations/org1.convergenciax.com/users/Admin@org1.convergenciax.com/msp/signcerts
2023-06-20 19:31:11.636 UTC [msp] getPemMaterialFromDir -> DEBU 005 Inspecting file /opt/gopath/src/github.com/hyperledger/fabric/peer/crypto/peerOrganizations/org1.convergenciax.com/users/Admin@org1.convergenciax.com/msp/signcerts/Admin@org1.convergenciax.com-cert.pem
2023-06-20 19:31:11.636 UTC [msp] getPemMaterialFromDir -> DEBU 006 Reading directory /opt/gopath/src/github.com/hyperledger/fabric/peer/crypto/peerOrganizations/org1.convergenciax.com/users/Admin@org1.convergenciax.com/msp/cacerts
2023-06-20 19:31:11.636 UTC [msp] getPemMaterialFromDir -> DEBU 007 Inspecting file /opt/gopath/src/github.com/hyperledger/fabric/peer/crypto/peerOrganizations/org1.convergenciax.com/users/Admin@org1.convergenciax.com/msp/cacerts/ca.org1.convergenciax.com-cert.pem
2023-06-20 19:31:11.636 UTC [msp] getPemMaterialFromDir -> DEBU 008 Reading directory /opt/gopath/src/github.com/hyperledger/fabric/peer/crypto/peerOrganizations/org1.convergenciax.com/users/Admin@org1.convergenciax.com/msp/admincerts
2023-06-20 19:31:11.636 UTC [msp] getPemMaterialFromDir -> DEBU 009 Reading directory /opt/gopath/src/github.com/hyperledger/fabric/peer/crypto/peerOrganizations/org1.convergenciax.com/users/Admin@org1.convergenciax.com/msp/intermediatecerts
2023-06-20 19:31:11.637 UTC [msp] getMspConfig -> DEBU 00a Intermediate certs folder not found at [/opt/gopath/src/github.com/hyperledger/fabric/peer/crypto/peerOrganizations/org1.convergenciax.com/users/Admin@org1.convergenciax.com/msp/intermediatecerts]. Skipping. [stat /opt/gopath/src/github.com/hyperledger/fabric/peer/crypto/peerOrganizations/org1.convergenciax.com/users/Admin@org1.convergenciax.com/msp/intermediatecerts: no such file or directory]
2023-06-20 19:31:11.637 UTC [msp] getPemMaterialFromDir -> DEBU 00b Reading directory /opt/gopath/src/github.com/hyperledger/fabric/peer/crypto/peerOrganizations/org1.convergenciax.com/users/Admin@org1.convergenciax.com/msp/tlscacerts
2023-06-20 19:31:11.637 UTC [msp] getPemMaterialFromDir -> DEBU 00c Inspecting file /opt/gopath/src/github.com/hyperledger/fabric/peer/crypto/peerOrganizations/org1.convergenciax.com/users/Admin@org1.convergenciax.com/msp/tlscacerts/tlsca.org1.convergenciax.com-cert.pem
2023-06-20 19:31:11.637 UTC [msp] getPemMaterialFromDir -> DEBU 00d Reading directory /opt/gopath/src/github.com/hyperledger/fabric/peer/crypto/peerOrganizations/org1.convergenciax.com/users/Admin@org1.convergenciax.com/msp/tlsintermediatecerts
2023-06-20 19:31:11.637 UTC [msp] getMspConfig -> DEBU 00e TLS intermediate certs folder not found at [/opt/gopath/src/github.com/hyperledger/fabric/peer/crypto/peerOrganizations/org1.convergenciax.com/users/Admin@org1.convergenciax.com/msp/tlsintermediatecerts]. Skipping. [stat /opt/gopath/src/github.com/hyperledger/fabric/peer/crypto/peerOrganizations/org1.convergenciax.com/users/Admin@org1.convergenciax.com/msp/tlsintermediatecerts: no such file or directory]
2023-06-20 19:31:11.637 UTC [msp] getPemMaterialFromDir -> DEBU 00f Reading directory /opt/gopath/src/github.com/hyperledger/fabric/peer/crypto/peerOrganizations/org1.convergenciax.com/users/Admin@org1.convergenciax.com/msp/crls
2023-06-20 19:31:11.637 UTC [msp] getMspConfig -> DEBU 010 crls folder not found at [/opt/gopath/src/github.com/hyperledger/fabric/peer/crypto/peerOrganizations/org1.convergenciax.com/users/Admin@org1.convergenciax.com/msp/crls]. Skipping. [stat /opt/gopath/src/github.com/hyperledger/fabric/peer/crypto/peerOrganizations/org1.convergenciax.com/users/Admin@org1.convergenciax.com/msp/crls: no such file or directory]
2023-06-20 19:31:11.637 UTC [msp] getMspConfig -> DEBU 011 Loading NodeOUs
2023-06-20 19:31:11.637 UTC [msp] newBccspMsp -> DEBU 012 Creating BCCSP-based MSP instance
2023-06-20 19:31:11.638 UTC [msp] New -> DEBU 013 Creating Cache-MSP instance
2023-06-20 19:31:11.638 UTC [msp] loadLocalMSP -> DEBU 014 Created new local MSP
2023-06-20 19:31:11.638 UTC [msp] Setup -> DEBU 015 Setting up MSP instance Org1MSP
2023-06-20 19:31:11.638 UTC [msp.identity] newIdentity -> DEBU 016 Creating identity instance for cert -----BEGIN CERTIFICATE-----
MIICaTCCAhCgAwIBAgIRAOzC4yV44YgFvCbhw3BWSDowCgYIKoZIzj0EAwIwfzEL
MAkGA1UEBhMCVVMxEzARBgNVBAgTCkNhbGlmb3JuaWExFjAUBgNVBAcTDVNhbiBG
cmFuY2lzY28xHzAdBgNVBAoTFm9yZzEuY29udmVyZ2VuY2lheC5jb20xIjAgBgNV
BAMTGWNhLm9yZzEuY29udmVyZ2VuY2lheC5jb20wHhcNMjMwNjE0MjMwNjAwWhcN
MzMwNjExMjMwNjAwWjB/MQswCQYDVQQGEwJVUzETMBEGA1UECBMKQ2FsaWZvcm5p
YTEWMBQGA1UEBxMNU2FuIEZyYW5jaXNjbzEfMB0GA1UEChMWb3JnMS5jb252ZXJn
ZW5jaWF4LmNvbTEiMCAGA1UEAxMZY2Eub3JnMS5jb252ZXJnZW5jaWF4LmNvbTBZ
MBMGByqGSM49AgEGCCqGSM49AwEHA0IABARBe3B18CjT8nOoNlBLd8sR3wvS3Dla
wALfytCj8sU8biPV80h9jjp19NloWf2DklSk7hENdwAuqTREdLoupU+jbTBrMA4G
A1UdDwEB/wQEAwIBpjAdBgNVHSUEFjAUBggrBgEFBQcDAgYIKwYBBQUHAwEwDwYD
VR0TAQH/BAUwAwEB/zApBgNVHQ4EIgQgrWqzlxzccus8wvM+jzx7eQs2mOh1TRau
yG8ZoCVD1f4wCgYIKoZIzj0EAwIDRwAwRAIgdfwSva2nWb3zqeE1TgxOSyo7z9GA
Uy0Nir6E4q6JSH8CIGCdqcGQX3r3ZaCt84NXc4lK16ndqjOoe9Qj33tEYuxP
-----END CERTIFICATE-----
2023-06-20 19:31:11.639 UTC [msp.identity] newIdentity -> DEBU 017 Creating identity instance for cert -----BEGIN CERTIFICATE-----
MIICOzCCAeGgAwIBAgIQYPv3GjB1ISR+1Y1MoIk/NzAKBggqhkjOPQQDAjB/MQsw
CQYDVQQGEwJVUzETMBEGA1UECBMKQ2FsaWZvcm5pYTEWMBQGA1UEBxMNU2FuIEZy
YW5jaXNjbzEfMB0GA1UEChMWb3JnMS5jb252ZXJnZW5jaWF4LmNvbTEiMCAGA1UE
AxMZY2Eub3JnMS5jb252ZXJnZW5jaWF4LmNvbTAeFw0yMzA2MTQyMzA2MDBaFw0z
MzA2MTEyMzA2MDBaMHExCzAJBgNVBAYTAlVTMRMwEQYDVQQIEwpDYWxpZm9ybmlh
MRYwFAYDVQQHEw1TYW4gRnJhbmNpc2NvMQ4wDAYDVQQLEwVhZG1pbjElMCMGA1UE
AwwcQWRtaW5Ab3JnMS5jb252ZXJnZW5jaWF4LmNvbTBZMBMGByqGSM49AgEGCCqG
SM49AwEHA0IABLzo0u4CKrU22cTNJaqj/xG3XWUDaw84giGYpmOFxxTO7FqsGK3g
MU4U1xNPfmfSnL2GFziV78IKgxYEmU96ux6jTTBLMA4GA1UdDwEB/wQEAwIHgDAM
BgNVHRMBAf8EAjAAMCsGA1UdIwQkMCKAIK1qs5cc3HLrPMLzPo88e3kLNpjodU0W
rshvGaAlQ9X+MAoGCCqGSM49BAMCA0gAMEUCIQDhHav6v2EuV7/VAFlegMAzYHD6
+koDuvcpHMFPSCVMHwIgbgKmpbHLK9m5x9DzRQIp25R3cSGi0p7K0YfEJOJTJ1Y=
-----END CERTIFICATE-----
2023-06-20 19:31:11.639 UTC [msp.identity] newIdentity -> DEBU 018 Creating identity instance for cert -----BEGIN CERTIFICATE-----
MIICOzCCAeGgAwIBAgIQYPv3GjB1ISR+1Y1MoIk/NzAKBggqhkjOPQQDAjB/MQsw
CQYDVQQGEwJVUzETMBEGA1UECBMKQ2FsaWZvcm5pYTEWMBQGA1UEBxMNU2FuIEZy
YW5jaXNjbzEfMB0GA1UEChMWb3JnMS5jb252ZXJnZW5jaWF4LmNvbTEiMCAGA1UE
AxMZY2Eub3JnMS5jb252ZXJnZW5jaWF4LmNvbTAeFw0yMzA2MTQyMzA2MDBaFw0z
MzA2MTEyMzA2MDBaMHExCzAJBgNVBAYTAlVTMRMwEQYDVQQIEwpDYWxpZm9ybmlh
MRYwFAYDVQQHEw1TYW4gRnJhbmNpc2NvMQ4wDAYDVQQLEwVhZG1pbjElMCMGA1UE
AwwcQWRtaW5Ab3JnMS5jb252ZXJnZW5jaWF4LmNvbTBZMBMGByqGSM49AgEGCCqG
SM49AwEHA0IABLzo0u4CKrU22cTNJaqj/xG3XWUDaw84giGYpmOFxxTO7FqsGK3g
MU4U1xNPfmfSnL2GFziV78IKgxYEmU96ux6jTTBLMA4GA1UdDwEB/wQEAwIHgDAM
BgNVHRMBAf8EAjAAMCsGA1UdIwQkMCKAIK1qs5cc3HLrPMLzPo88e3kLNpjodU0W
rshvGaAlQ9X+MAoGCCqGSM49BAMCA0gAMEUCIQDhHav6v2EuV7/VAFlegMAzYHD6
+koDuvcpHMFPSCVMHwIgbgKmpbHLK9m5x9DzRQIp25R3cSGi0p7K0YfEJOJTJ1Y=
-----END CERTIFICATE-----
2023-06-20 19:31:11.640 UTC [msp] setupSigningIdentity -> DEBU 019 Signing identity expires at 2033-06-11 23:06:00 +0000 UTC
2023-06-20 19:31:11.659 UTC [msp] GetDefaultSigningIdentity -> DEBU 01a Obtaining default signing identity
2023-06-20 19:31:11.668 UTC [grpc] Infof -> DEBU 01b parsed scheme: ""
2023-06-20 19:31:11.671 UTC [grpc] Infof -> DEBU 01c scheme "" not registered, fallback to default scheme
2023-06-20 19:31:11.674 UTC [grpc] Infof -> DEBU 01d ccResolverWrapper: sending update to cc: {[{peer0.org1.convergenciax.com:7051  <nil> 0 <nil>}] <nil> <nil>}
2023-06-20 19:31:11.677 UTC [grpc] Infof -> DEBU 01e ClientConn switching balancer to "pick_first"
2023-06-20 19:31:11.677 UTC [grpc] Infof -> DEBU 01f Channel switches to new LB policy "pick_first"
2023-06-20 19:31:11.677 UTC [grpc] Infof -> DEBU 020 Subchannel Connectivity change to CONNECTING
2023-06-20 19:31:11.677 UTC [grpc] Infof -> DEBU 021 Subchannel picks a new address "peer0.org1.convergenciax.com:7051" to connect
2023-06-20 19:31:11.677 UTC [grpc] UpdateSubConnState -> DEBU 022 pickfirstBalancer: HandleSubConnStateChange: 0xc000140520, {CONNECTING <nil>}
2023-06-20 19:31:11.677 UTC [grpc] Infof -> DEBU 023 Channel Connectivity change to CONNECTING
2023-06-20 19:31:11.699 UTC [grpc] Infof -> DEBU 024 Subchannel Connectivity change to READY
2023-06-20 19:31:11.699 UTC [grpc] UpdateSubConnState -> DEBU 025 pickfirstBalancer: HandleSubConnStateChange: 0xc000140520, {READY <nil>}
2023-06-20 19:31:11.699 UTC [grpc] Infof -> DEBU 026 Channel Connectivity change to READY
2023-06-20 19:31:11.716 UTC [grpc] Infof -> DEBU 027 parsed scheme: ""
2023-06-20 19:31:11.716 UTC [grpc] Infof -> DEBU 028 scheme "" not registered, fallback to default scheme
2023-06-20 19:31:11.716 UTC [grpc] Infof -> DEBU 029 ccResolverWrapper: sending update to cc: {[{peer0.org1.convergenciax.com:7051  <nil> 0 <nil>}] <nil> <nil>}
2023-06-20 19:31:11.716 UTC [grpc] Infof -> DEBU 02a ClientConn switching balancer to "pick_first"
2023-06-20 19:31:11.716 UTC [grpc] Infof -> DEBU 02b Channel switches to new LB policy "pick_first"
2023-06-20 19:31:11.716 UTC [grpc] Infof -> DEBU 02c Subchannel Connectivity change to CONNECTING
2023-06-20 19:31:11.716 UTC [grpc] Infof -> DEBU 02d Subchannel picks a new address "peer0.org1.convergenciax.com:7051" to connect
2023-06-20 19:31:11.716 UTC [grpc] UpdateSubConnState -> DEBU 02e pickfirstBalancer: HandleSubConnStateChange: 0xc00037abb0, {CONNECTING <nil>}
2023-06-20 19:31:11.717 UTC [grpc] Infof -> DEBU 02f Channel Connectivity change to CONNECTING
2023-06-20 19:31:11.751 UTC [grpc] Infof -> DEBU 030 Subchannel Connectivity change to READY
2023-06-20 19:31:11.751 UTC [grpc] UpdateSubConnState -> DEBU 031 pickfirstBalancer: HandleSubConnStateChange: 0xc00037abb0, {READY <nil>}
2023-06-20 19:31:11.751 UTC [grpc] Infof -> DEBU 032 Channel Connectivity change to READY
2023-06-20 19:31:11.754 UTC [msp.identity] Sign -> DEBU 033 Sign: plaintext: 0ADF070A6F08031A0C08FFFCC7A40610...031A0D120B0A074F7267334D53501003
2023-06-20 19:31:11.757 UTC [msp.identity] Sign -> DEBU 034 Sign: digest: E68DE5F08D1E6AB4A52882664EF90B59785A84D9BC723D039810B27B3CDAB97B
{
        "approvals": {
                "Org1MSP": true,
                "Org2MSP": false,
                "Org3MSP": true
        }
}
bash-5.0#

###
#
# PASO 5  COMMIT DE POLITICAS de aprobacion para 1ra y 3ra Organizacion
#
# Se especifican los peer a los cuales se hace commit
###


bash-5.0# peer lifecycle chaincode commit -o orderer.convergenciax.com:7050  --tls --cafile $ORDERER_CA  --peerAddresses peer0.org1.convergenciax.com:7051 --tlsRootCertFiles /opt/gopath/src/github.com/hyperledger/fabric/peer/crypto/peerOrganizations/org1.convergenciax.com/peers/peer0.org1.convergenciax.com/tls/ca.crt --peerAddresses peer0.org3.convergenciax.com:7051 --tlsRootCertFiles /opt/gopath/src/github.com/hyperledger/fabric/peer/crypto/peerOrganizations/org3.convergenciax.com/peers/peer0.org3.convergenciax.com/tls/ca.crt --channelID $CHANNEL_NAME --name $CHAINCODE_NAME --version $CHAINCODE_VERSION --sequence 1 --signature-policy  "OR ('Org1MSP.peer', 'Org3MSP.peer')"
2023-06-20 19:58:14.682 UTC [bccsp] GetDefault -> DEBU 001 Before using BCCSP, please call InitFactories(). Falling back to bootBCCSP.
2023-06-20 19:58:14.705 UTC [bccsp] GetDefault -> DEBU 002 Before using BCCSP, please call InitFactories(). Falling back to bootBCCSP.
2023-06-20 19:58:14.743 UTC [bccsp_sw] openKeyStore -> DEBU 003 KeyStore opened at [/opt/gopath/src/github.com/hyperledger/fabric/peer/crypto/peerOrganizations/org1.convergenciax.com/users/Admin@org1.convergenciax.com/msp/keystore]...done
2023-06-20 19:58:14.743 UTC [msp] getPemMaterialFromDir -> DEBU 004 Reading directory /opt/gopath/src/github.com/hyperledger/fabric/peer/crypto/peerOrganizations/org1.convergenciax.com/users/Admin@org1.convergenciax.com/msp/signcerts
2023-06-20 19:58:14.743 UTC [msp] getPemMaterialFromDir -> DEBU 005 Inspecting file /opt/gopath/src/github.com/hyperledger/fabric/peer/crypto/peerOrganizations/org1.convergenciax.com/users/Admin@org1.convergenciax.com/msp/signcerts/Admin@org1.convergenciax.com-cert.pem
2023-06-20 19:58:14.744 UTC [msp] getPemMaterialFromDir -> DEBU 006 Reading directory /opt/gopath/src/github.com/hyperledger/fabric/peer/crypto/peerOrganizations/org1.convergenciax.com/users/Admin@org1.convergenciax.com/msp/cacerts
2023-06-20 19:58:14.753 UTC [msp] getPemMaterialFromDir -> DEBU 007 Inspecting file /opt/gopath/src/github.com/hyperledger/fabric/peer/crypto/peerOrganizations/org1.convergenciax.com/users/Admin@org1.convergenciax.com/msp/cacerts/ca.org1.convergenciax.com-cert.pem
2023-06-20 19:58:14.753 UTC [msp] getPemMaterialFromDir -> DEBU 008 Reading directory /opt/gopath/src/github.com/hyperledger/fabric/peer/crypto/peerOrganizations/org1.convergenciax.com/users/Admin@org1.convergenciax.com/msp/admincerts
2023-06-20 19:58:14.753 UTC [msp] getPemMaterialFromDir -> DEBU 009 Reading directory /opt/gopath/src/github.com/hyperledger/fabric/peer/crypto/peerOrganizations/org1.convergenciax.com/users/Admin@org1.convergenciax.com/msp/intermediatecerts
2023-06-20 19:58:14.753 UTC [msp] getMspConfig -> DEBU 00a Intermediate certs folder not found at [/opt/gopath/src/github.com/hyperledger/fabric/peer/crypto/peerOrganizations/org1.convergenciax.com/users/Admin@org1.convergenciax.com/msp/intermediatecerts]. Skipping. [stat /opt/gopath/src/github.com/hyperledger/fabric/peer/crypto/peerOrganizations/org1.convergenciax.com/users/Admin@org1.convergenciax.com/msp/intermediatecerts: no such file or directory]
2023-06-20 19:58:14.753 UTC [msp] getPemMaterialFromDir -> DEBU 00b Reading directory /opt/gopath/src/github.com/hyperledger/fabric/peer/crypto/peerOrganizations/org1.convergenciax.com/users/Admin@org1.convergenciax.com/msp/tlscacerts
2023-06-20 19:58:14.753 UTC [msp] getPemMaterialFromDir -> DEBU 00c Inspecting file /opt/gopath/src/github.com/hyperledger/fabric/peer/crypto/peerOrganizations/org1.convergenciax.com/users/Admin@org1.convergenciax.com/msp/tlscacerts/tlsca.org1.convergenciax.com-cert.pem
2023-06-20 19:58:14.753 UTC [msp] getPemMaterialFromDir -> DEBU 00d Reading directory /opt/gopath/src/github.com/hyperledger/fabric/peer/crypto/peerOrganizations/org1.convergenciax.com/users/Admin@org1.convergenciax.com/msp/tlsintermediatecerts
2023-06-20 19:58:14.753 UTC [msp] getMspConfig -> DEBU 00e TLS intermediate certs folder not found at [/opt/gopath/src/github.com/hyperledger/fabric/peer/crypto/peerOrganizations/org1.convergenciax.com/users/Admin@org1.convergenciax.com/msp/tlsintermediatecerts]. Skipping. [stat /opt/gopath/src/github.com/hyperledger/fabric/peer/crypto/peerOrganizations/org1.convergenciax.com/users/Admin@org1.convergenciax.com/msp/tlsintermediatecerts: no such file or directory]
2023-06-20 19:58:14.753 UTC [msp] getPemMaterialFromDir -> DEBU 00f Reading directory /opt/gopath/src/github.com/hyperledger/fabric/peer/crypto/peerOrganizations/org1.convergenciax.com/users/Admin@org1.convergenciax.com/msp/crls
2023-06-20 19:58:14.753 UTC [msp] getMspConfig -> DEBU 010 crls folder not found at [/opt/gopath/src/github.com/hyperledger/fabric/peer/crypto/peerOrganizations/org1.convergenciax.com/users/Admin@org1.convergenciax.com/msp/crls]. Skipping. [stat /opt/gopath/src/github.com/hyperledger/fabric/peer/crypto/peerOrganizations/org1.convergenciax.com/users/Admin@org1.convergenciax.com/msp/crls: no such file or directory]
2023-06-20 19:58:14.753 UTC [msp] getMspConfig -> DEBU 011 Loading NodeOUs
2023-06-20 19:58:14.754 UTC [msp] newBccspMsp -> DEBU 012 Creating BCCSP-based MSP instance
2023-06-20 19:58:14.754 UTC [msp] New -> DEBU 013 Creating Cache-MSP instance
2023-06-20 19:58:14.754 UTC [msp] loadLocalMSP -> DEBU 014 Created new local MSP
2023-06-20 19:58:14.754 UTC [msp] Setup -> DEBU 015 Setting up MSP instance Org1MSP
2023-06-20 19:58:14.754 UTC [msp.identity] newIdentity -> DEBU 016 Creating identity instance for cert -----BEGIN CERTIFICATE-----
MIICaTCCAhCgAwIBAgIRAOzC4yV44YgFvCbhw3BWSDowCgYIKoZIzj0EAwIwfzEL
MAkGA1UEBhMCVVMxEzARBgNVBAgTCkNhbGlmb3JuaWExFjAUBgNVBAcTDVNhbiBG
cmFuY2lzY28xHzAdBgNVBAoTFm9yZzEuY29udmVyZ2VuY2lheC5jb20xIjAgBgNV
BAMTGWNhLm9yZzEuY29udmVyZ2VuY2lheC5jb20wHhcNMjMwNjE0MjMwNjAwWhcN
MzMwNjExMjMwNjAwWjB/MQswCQYDVQQGEwJVUzETMBEGA1UECBMKQ2FsaWZvcm5p
YTEWMBQGA1UEBxMNU2FuIEZyYW5jaXNjbzEfMB0GA1UEChMWb3JnMS5jb252ZXJn
ZW5jaWF4LmNvbTEiMCAGA1UEAxMZY2Eub3JnMS5jb252ZXJnZW5jaWF4LmNvbTBZ
MBMGByqGSM49AgEGCCqGSM49AwEHA0IABARBe3B18CjT8nOoNlBLd8sR3wvS3Dla
wALfytCj8sU8biPV80h9jjp19NloWf2DklSk7hENdwAuqTREdLoupU+jbTBrMA4G
A1UdDwEB/wQEAwIBpjAdBgNVHSUEFjAUBggrBgEFBQcDAgYIKwYBBQUHAwEwDwYD
VR0TAQH/BAUwAwEB/zApBgNVHQ4EIgQgrWqzlxzccus8wvM+jzx7eQs2mOh1TRau
yG8ZoCVD1f4wCgYIKoZIzj0EAwIDRwAwRAIgdfwSva2nWb3zqeE1TgxOSyo7z9GA
Uy0Nir6E4q6JSH8CIGCdqcGQX3r3ZaCt84NXc4lK16ndqjOoe9Qj33tEYuxP
-----END CERTIFICATE-----
2023-06-20 19:58:14.755 UTC [msp.identity] newIdentity -> DEBU 017 Creating identity instance for cert -----BEGIN CERTIFICATE-----
MIICOzCCAeGgAwIBAgIQYPv3GjB1ISR+1Y1MoIk/NzAKBggqhkjOPQQDAjB/MQsw
CQYDVQQGEwJVUzETMBEGA1UECBMKQ2FsaWZvcm5pYTEWMBQGA1UEBxMNU2FuIEZy
YW5jaXNjbzEfMB0GA1UEChMWb3JnMS5jb252ZXJnZW5jaWF4LmNvbTEiMCAGA1UE
AxMZY2Eub3JnMS5jb252ZXJnZW5jaWF4LmNvbTAeFw0yMzA2MTQyMzA2MDBaFw0z
MzA2MTEyMzA2MDBaMHExCzAJBgNVBAYTAlVTMRMwEQYDVQQIEwpDYWxpZm9ybmlh
MRYwFAYDVQQHEw1TYW4gRnJhbmNpc2NvMQ4wDAYDVQQLEwVhZG1pbjElMCMGA1UE
AwwcQWRtaW5Ab3JnMS5jb252ZXJnZW5jaWF4LmNvbTBZMBMGByqGSM49AgEGCCqG
SM49AwEHA0IABLzo0u4CKrU22cTNJaqj/xG3XWUDaw84giGYpmOFxxTO7FqsGK3g
MU4U1xNPfmfSnL2GFziV78IKgxYEmU96ux6jTTBLMA4GA1UdDwEB/wQEAwIHgDAM
BgNVHRMBAf8EAjAAMCsGA1UdIwQkMCKAIK1qs5cc3HLrPMLzPo88e3kLNpjodU0W
rshvGaAlQ9X+MAoGCCqGSM49BAMCA0gAMEUCIQDhHav6v2EuV7/VAFlegMAzYHD6
+koDuvcpHMFPSCVMHwIgbgKmpbHLK9m5x9DzRQIp25R3cSGi0p7K0YfEJOJTJ1Y=
-----END CERTIFICATE-----
2023-06-20 19:58:14.788 UTC [msp.identity] newIdentity -> DEBU 018 Creating identity instance for cert -----BEGIN CERTIFICATE-----
MIICOzCCAeGgAwIBAgIQYPv3GjB1ISR+1Y1MoIk/NzAKBggqhkjOPQQDAjB/MQsw
CQYDVQQGEwJVUzETMBEGA1UECBMKQ2FsaWZvcm5pYTEWMBQGA1UEBxMNU2FuIEZy
YW5jaXNjbzEfMB0GA1UEChMWb3JnMS5jb252ZXJnZW5jaWF4LmNvbTEiMCAGA1UE
AxMZY2Eub3JnMS5jb252ZXJnZW5jaWF4LmNvbTAeFw0yMzA2MTQyMzA2MDBaFw0z
MzA2MTEyMzA2MDBaMHExCzAJBgNVBAYTAlVTMRMwEQYDVQQIEwpDYWxpZm9ybmlh
MRYwFAYDVQQHEw1TYW4gRnJhbmNpc2NvMQ4wDAYDVQQLEwVhZG1pbjElMCMGA1UE
AwwcQWRtaW5Ab3JnMS5jb252ZXJnZW5jaWF4LmNvbTBZMBMGByqGSM49AgEGCCqG
SM49AwEHA0IABLzo0u4CKrU22cTNJaqj/xG3XWUDaw84giGYpmOFxxTO7FqsGK3g
MU4U1xNPfmfSnL2GFziV78IKgxYEmU96ux6jTTBLMA4GA1UdDwEB/wQEAwIHgDAM
BgNVHRMBAf8EAjAAMCsGA1UdIwQkMCKAIK1qs5cc3HLrPMLzPo88e3kLNpjodU0W
rshvGaAlQ9X+MAoGCCqGSM49BAMCA0gAMEUCIQDhHav6v2EuV7/VAFlegMAzYHD6
+koDuvcpHMFPSCVMHwIgbgKmpbHLK9m5x9DzRQIp25R3cSGi0p7K0YfEJOJTJ1Y=
-----END CERTIFICATE-----
2023-06-20 19:58:14.788 UTC [msp] setupSigningIdentity -> DEBU 019 Signing identity expires at 2033-06-11 23:06:00 +0000 UTC
2023-06-20 19:58:14.805 UTC [msp] GetDefaultSigningIdentity -> DEBU 01a Obtaining default signing identity
2023-06-20 19:58:14.809 UTC [grpc] Infof -> DEBU 01b parsed scheme: ""
2023-06-20 19:58:14.809 UTC [grpc] Infof -> DEBU 01c scheme "" not registered, fallback to default scheme
2023-06-20 19:58:14.809 UTC [grpc] Infof -> DEBU 01d ccResolverWrapper: sending update to cc: {[{peer0.org1.convergenciax.com:7051  <nil> 0 <nil>}] <nil> <nil>}
2023-06-20 19:58:14.819 UTC [grpc] Infof -> DEBU 01e ClientConn switching balancer to "pick_first"
2023-06-20 19:58:14.823 UTC [grpc] Infof -> DEBU 01f Channel switches to new LB policy "pick_first"
2023-06-20 19:58:14.844 UTC [grpc] Infof -> DEBU 020 Subchannel Connectivity change to CONNECTING
2023-06-20 19:58:14.844 UTC [grpc] Infof -> DEBU 021 Subchannel picks a new address "peer0.org1.convergenciax.com:7051" to connect
2023-06-20 19:58:14.846 UTC [grpc] UpdateSubConnState -> DEBU 022 pickfirstBalancer: HandleSubConnStateChange: 0xc00011cd00, {CONNECTING <nil>}
2023-06-20 19:58:14.847 UTC [grpc] Infof -> DEBU 023 Channel Connectivity change to CONNECTING
2023-06-20 19:58:14.875 UTC [grpc] Infof -> DEBU 024 Subchannel Connectivity change to READY
2023-06-20 19:58:14.881 UTC [grpc] UpdateSubConnState -> DEBU 025 pickfirstBalancer: HandleSubConnStateChange: 0xc00011cd00, {READY <nil>}
2023-06-20 19:58:14.881 UTC [grpc] Infof -> DEBU 026 Channel Connectivity change to READY
2023-06-20 19:58:14.888 UTC [grpc] Infof -> DEBU 027 parsed scheme: ""
2023-06-20 19:58:14.888 UTC [grpc] Infof -> DEBU 028 scheme "" not registered, fallback to default scheme
2023-06-20 19:58:14.888 UTC [grpc] Infof -> DEBU 029 ccResolverWrapper: sending update to cc: {[{peer0.org1.convergenciax.com:7051  <nil> 0 <nil>}] <nil> <nil>}
2023-06-20 19:58:14.888 UTC [grpc] Infof -> DEBU 02a ClientConn switching balancer to "pick_first"
2023-06-20 19:58:14.888 UTC [grpc] Infof -> DEBU 02b Channel switches to new LB policy "pick_first"
2023-06-20 19:58:14.888 UTC [grpc] Infof -> DEBU 02c Subchannel Connectivity change to CONNECTING
2023-06-20 19:58:14.888 UTC [grpc] Infof -> DEBU 02d Subchannel picks a new address "peer0.org1.convergenciax.com:7051" to connect
2023-06-20 19:58:14.893 UTC [grpc] UpdateSubConnState -> DEBU 02e pickfirstBalancer: HandleSubConnStateChange: 0xc0003ee460, {CONNECTING <nil>}
2023-06-20 19:58:14.894 UTC [grpc] Infof -> DEBU 02f Channel Connectivity change to CONNECTING
2023-06-20 19:58:14.899 UTC [grpc] Infof -> DEBU 030 Subchannel Connectivity change to READY
2023-06-20 19:58:14.900 UTC [grpc] UpdateSubConnState -> DEBU 031 pickfirstBalancer: HandleSubConnStateChange: 0xc0003ee460, {READY <nil>}
2023-06-20 19:58:14.900 UTC [grpc] Infof -> DEBU 032 Channel Connectivity change to READY
2023-06-20 19:58:14.900 UTC [grpc] Infof -> DEBU 033 parsed scheme: ""
2023-06-20 19:58:14.900 UTC [grpc] Infof -> DEBU 034 scheme "" not registered, fallback to default scheme
2023-06-20 19:58:14.900 UTC [grpc] Infof -> DEBU 035 ccResolverWrapper: sending update to cc: {[{peer0.org3.convergenciax.com:7051  <nil> 0 <nil>}] <nil> <nil>}
2023-06-20 19:58:14.900 UTC [grpc] Infof -> DEBU 036 ClientConn switching balancer to "pick_first"
2023-06-20 19:58:14.900 UTC [grpc] Infof -> DEBU 037 Channel switches to new LB policy "pick_first"
2023-06-20 19:58:14.900 UTC [grpc] Infof -> DEBU 038 Subchannel Connectivity change to CONNECTING
2023-06-20 19:58:14.900 UTC [grpc] Infof -> DEBU 039 Subchannel picks a new address "peer0.org3.convergenciax.com:7051" to connect
2023-06-20 19:58:14.903 UTC [grpc] UpdateSubConnState -> DEBU 03a pickfirstBalancer: HandleSubConnStateChange: 0xc0004b9060, {CONNECTING <nil>}
2023-06-20 19:58:14.903 UTC [grpc] Infof -> DEBU 03b Channel Connectivity change to CONNECTING
2023-06-20 19:58:14.919 UTC [grpc] Infof -> DEBU 03c Subchannel Connectivity change to READY
2023-06-20 19:58:14.920 UTC [grpc] UpdateSubConnState -> DEBU 03d pickfirstBalancer: HandleSubConnStateChange: 0xc0004b9060, {READY <nil>}
2023-06-20 19:58:14.920 UTC [grpc] Infof -> DEBU 03e Channel Connectivity change to READY
2023-06-20 19:58:14.920 UTC [grpc] Infof -> DEBU 03f parsed scheme: ""
2023-06-20 19:58:14.920 UTC [grpc] Infof -> DEBU 040 scheme "" not registered, fallback to default scheme
2023-06-20 19:58:14.922 UTC [grpc] Infof -> DEBU 041 ccResolverWrapper: sending update to cc: {[{peer0.org3.convergenciax.com:7051  <nil> 0 <nil>}] <nil> <nil>}
2023-06-20 19:58:14.922 UTC [grpc] Infof -> DEBU 042 ClientConn switching balancer to "pick_first"
2023-06-20 19:58:14.922 UTC [grpc] Infof -> DEBU 043 Channel switches to new LB policy "pick_first"
2023-06-20 19:58:14.922 UTC [grpc] Infof -> DEBU 044 Subchannel Connectivity change to CONNECTING
2023-06-20 19:58:14.922 UTC [grpc] Infof -> DEBU 045 Subchannel picks a new address "peer0.org3.convergenciax.com:7051" to connect
2023-06-20 19:58:14.932 UTC [grpc] UpdateSubConnState -> DEBU 046 pickfirstBalancer: HandleSubConnStateChange: 0xc0003a12e0, {CONNECTING <nil>}
2023-06-20 19:58:14.932 UTC [grpc] Infof -> DEBU 047 Channel Connectivity change to CONNECTING
2023-06-20 19:58:14.940 UTC [grpc] Infof -> DEBU 048 Subchannel Connectivity change to READY
2023-06-20 19:58:14.940 UTC [grpc] UpdateSubConnState -> DEBU 049 pickfirstBalancer: HandleSubConnStateChange: 0xc0003a12e0, {READY <nil>}
2023-06-20 19:58:14.940 UTC [grpc] Infof -> DEBU 04a Channel Connectivity change to READY
2023-06-20 19:58:14.954 UTC [grpc] WithKeepaliveParams -> DEBU 04b Adjusting keepalive ping interval to minimum period of 10s
2023-06-20 19:58:14.955 UTC [grpc] Infof -> DEBU 04c parsed scheme: ""
2023-06-20 19:58:14.956 UTC [grpc] Infof -> DEBU 04d scheme "" not registered, fallback to default scheme
2023-06-20 19:58:14.956 UTC [grpc] Infof -> DEBU 04e ccResolverWrapper: sending update to cc: {[{orderer.convergenciax.com:7050  <nil> 0 <nil>}] <nil> <nil>}
2023-06-20 19:58:14.956 UTC [grpc] Infof -> DEBU 04f ClientConn switching balancer to "pick_first"
2023-06-20 19:58:14.956 UTC [grpc] Infof -> DEBU 050 Channel switches to new LB policy "pick_first"
2023-06-20 19:58:14.960 UTC [grpc] Infof -> DEBU 051 Subchannel Connectivity change to CONNECTING
2023-06-20 19:58:14.963 UTC [grpc] UpdateSubConnState -> DEBU 052 pickfirstBalancer: HandleSubConnStateChange: 0xc000432000, {CONNECTING <nil>}
2023-06-20 19:58:14.963 UTC [grpc] Infof -> DEBU 053 Channel Connectivity change to CONNECTING
2023-06-20 19:58:14.963 UTC [grpc] Infof -> DEBU 054 Subchannel picks a new address "orderer.convergenciax.com:7050" to connect
2023-06-20 19:58:14.975 UTC [grpc] Infof -> DEBU 055 Subchannel Connectivity change to READY
2023-06-20 19:58:14.975 UTC [grpc] UpdateSubConnState -> DEBU 056 pickfirstBalancer: HandleSubConnStateChange: 0xc000432000, {READY <nil>}
2023-06-20 19:58:14.975 UTC [grpc] Infof -> DEBU 057 Channel Connectivity change to READY
2023-06-20 19:58:14.988 UTC [msp.identity] Sign -> DEBU 058 Sign: plaintext: 0ADF070A6F08031A0C08D689C8A40610...031A0D120B0A074F7267334D53501003
2023-06-20 19:58:14.994 UTC [msp.identity] Sign -> DEBU 059 Sign: digest: 8F5C609DEB47302A06BBB59A2F3590AEDD97554C8BA657F5EDA003CDA2DDDDE0
2023-06-20 19:58:16.249 UTC [msp.identity] Sign -> DEBU 05a Sign: plaintext: 0ADF070A6F08031A0C08D689C8A40610...77D65DF4F833C7B83D5B9B7C83BAAB93
2023-06-20 19:58:16.249 UTC [msp.identity] Sign -> DEBU 05b Sign: digest: 2EA0B1EE56E3CF603FB3ED3741FA5435C23BE5ACE4CCAB6F7DD0F47C263CFE86
2023-06-20 19:58:16.272 UTC [msp.identity] Sign -> DEBU 05c Sign: plaintext: 0A87070A1708051A0608D889C8A40622...00120D1A0B08FFFFFFFFFFFFFFFFFF01
2023-06-20 19:58:16.272 UTC [msp.identity] Sign -> DEBU 05d Sign: digest: 1D68615F6FEDE10DE6983B3F51A31416038276C6988C65889152859DFEC4CACA
2023-06-20 19:58:16.267 UTC [msp.identity] Sign -> DEBU 05e Sign: plaintext: 0A87070A1708051A0608D889C8A40622...00120D1A0B08FFFFFFFFFFFFFFFFFF01
2023-06-20 19:58:16.272 UTC [msp.identity] Sign -> DEBU 05f Sign: digest: 9E3778CC17CC3501EA91514513D2F886C7DD24FB30D5A2115EBA7C04C14A54A3
2023-06-20 19:58:21.938 UTC [chaincodeCmd] ClientWait -> INFO 060 txid [59fb85be72b4946a283ac730f7b599736e99641147909e2704977ba059effd17] committed with status (VALID) at peer0.org1.convergenciax.com:7051
2023-06-20 19:58:21.941 UTC [chaincodeCmd] ClientWait -> INFO 061 txid [59fb85be72b4946a283ac730f7b599736e99641147909e2704977ba059effd17] committed with status (VALID) at peer0.org3.convergenciax.com:7051
bash-5.0#

### Verificar estado canal

bash-5.0# peer lifecycle chaincode  queryapproved --channelID $CHANNEL_NAME --name $CHAINCODE_NAME --output json
2023-06-20 20:18:07.416 UTC [bccsp] GetDefault -> DEBU 001 Before using BCCSP, please call InitFactories(). Falling back to bootBCCSP.
2023-06-20 20:18:07.448 UTC [bccsp] GetDefault -> DEBU 002 Before using BCCSP, please call InitFactories(). Falling back to bootBCCSP.
2023-06-20 20:18:07.452 UTC [bccsp_sw] openKeyStore -> DEBU 003 KeyStore opened at [/opt/gopath/src/github.com/hyperledger/fabric/peer/crypto/peerOrganizations/org1.convergenciax.com/users/Admin@org1.convergenciax.com/msp/keystore]...done
2023-06-20 20:18:07.452 UTC [msp] getPemMaterialFromDir -> DEBU 004 Reading directory /opt/gopath/src/github.com/hyperledger/fabric/peer/crypto/peerOrganizations/org1.convergenciax.com/users/Admin@org1.convergenciax.com/msp/signcerts
2023-06-20 20:18:07.452 UTC [msp] getPemMaterialFromDir -> DEBU 005 Inspecting file /opt/gopath/src/github.com/hyperledger/fabric/peer/crypto/peerOrganizations/org1.convergenciax.com/users/Admin@org1.convergenciax.com/msp/signcerts/Admin@org1.convergenciax.com-cert.pem
2023-06-20 20:18:07.453 UTC [msp] getPemMaterialFromDir -> DEBU 006 Reading directory /opt/gopath/src/github.com/hyperledger/fabric/peer/crypto/peerOrganizations/org1.convergenciax.com/users/Admin@org1.convergenciax.com/msp/cacerts
2023-06-20 20:18:07.453 UTC [msp] getPemMaterialFromDir -> DEBU 007 Inspecting file /opt/gopath/src/github.com/hyperledger/fabric/peer/crypto/peerOrganizations/org1.convergenciax.com/users/Admin@org1.convergenciax.com/msp/cacerts/ca.org1.convergenciax.com-cert.pem
2023-06-20 20:18:07.453 UTC [msp] getPemMaterialFromDir -> DEBU 008 Reading directory /opt/gopath/src/github.com/hyperledger/fabric/peer/crypto/peerOrganizations/org1.convergenciax.com/users/Admin@org1.convergenciax.com/msp/admincerts
2023-06-20 20:18:07.453 UTC [msp] getPemMaterialFromDir -> DEBU 009 Reading directory /opt/gopath/src/github.com/hyperledger/fabric/peer/crypto/peerOrganizations/org1.convergenciax.com/users/Admin@org1.convergenciax.com/msp/intermediatecerts
2023-06-20 20:18:07.453 UTC [msp] getMspConfig -> DEBU 00a Intermediate certs folder not found at [/opt/gopath/src/github.com/hyperledger/fabric/peer/crypto/peerOrganizations/org1.convergenciax.com/users/Admin@org1.convergenciax.com/msp/intermediatecerts]. Skipping. [stat /opt/gopath/src/github.com/hyperledger/fabric/peer/crypto/peerOrganizations/org1.convergenciax.com/users/Admin@org1.convergenciax.com/msp/intermediatecerts: no such file or directory]
2023-06-20 20:18:07.453 UTC [msp] getPemMaterialFromDir -> DEBU 00b Reading directory /opt/gopath/src/github.com/hyperledger/fabric/peer/crypto/peerOrganizations/org1.convergenciax.com/users/Admin@org1.convergenciax.com/msp/tlscacerts
2023-06-20 20:18:07.456 UTC [msp] getPemMaterialFromDir -> DEBU 00c Inspecting file /opt/gopath/src/github.com/hyperledger/fabric/peer/crypto/peerOrganizations/org1.convergenciax.com/users/Admin@org1.convergenciax.com/msp/tlscacerts/tlsca.org1.convergenciax.com-cert.pem
2023-06-20 20:18:07.456 UTC [msp] getPemMaterialFromDir -> DEBU 00d Reading directory /opt/gopath/src/github.com/hyperledger/fabric/peer/crypto/peerOrganizations/org1.convergenciax.com/users/Admin@org1.convergenciax.com/msp/tlsintermediatecerts
2023-06-20 20:18:07.456 UTC [msp] getMspConfig -> DEBU 00e TLS intermediate certs folder not found at [/opt/gopath/src/github.com/hyperledger/fabric/peer/crypto/peerOrganizations/org1.convergenciax.com/users/Admin@org1.convergenciax.com/msp/tlsintermediatecerts]. Skipping. [stat /opt/gopath/src/github.com/hyperledger/fabric/peer/crypto/peerOrganizations/org1.convergenciax.com/users/Admin@org1.convergenciax.com/msp/tlsintermediatecerts: no such file or directory]
2023-06-20 20:18:07.456 UTC [msp] getPemMaterialFromDir -> DEBU 00f Reading directory /opt/gopath/src/github.com/hyperledger/fabric/peer/crypto/peerOrganizations/org1.convergenciax.com/users/Admin@org1.convergenciax.com/msp/crls
2023-06-20 20:18:07.456 UTC [msp] getMspConfig -> DEBU 010 crls folder not found at [/opt/gopath/src/github.com/hyperledger/fabric/peer/crypto/peerOrganizations/org1.convergenciax.com/users/Admin@org1.convergenciax.com/msp/crls]. Skipping. [stat /opt/gopath/src/github.com/hyperledger/fabric/peer/crypto/peerOrganizations/org1.convergenciax.com/users/Admin@org1.convergenciax.com/msp/crls: no such file or directory]
2023-06-20 20:18:07.456 UTC [msp] getMspConfig -> DEBU 011 Loading NodeOUs
2023-06-20 20:18:07.458 UTC [msp] newBccspMsp -> DEBU 012 Creating BCCSP-based MSP instance
2023-06-20 20:18:07.458 UTC [msp] New -> DEBU 013 Creating Cache-MSP instance
2023-06-20 20:18:07.458 UTC [msp] loadLocalMSP -> DEBU 014 Created new local MSP
2023-06-20 20:18:07.458 UTC [msp] Setup -> DEBU 015 Setting up MSP instance Org1MSP
2023-06-20 20:18:07.460 UTC [msp.identity] newIdentity -> DEBU 016 Creating identity instance for cert -----BEGIN CERTIFICATE-----
MIICaTCCAhCgAwIBAgIRAOzC4yV44YgFvCbhw3BWSDowCgYIKoZIzj0EAwIwfzEL
MAkGA1UEBhMCVVMxEzARBgNVBAgTCkNhbGlmb3JuaWExFjAUBgNVBAcTDVNhbiBG
cmFuY2lzY28xHzAdBgNVBAoTFm9yZzEuY29udmVyZ2VuY2lheC5jb20xIjAgBgNV
BAMTGWNhLm9yZzEuY29udmVyZ2VuY2lheC5jb20wHhcNMjMwNjE0MjMwNjAwWhcN
MzMwNjExMjMwNjAwWjB/MQswCQYDVQQGEwJVUzETMBEGA1UECBMKQ2FsaWZvcm5p
YTEWMBQGA1UEBxMNU2FuIEZyYW5jaXNjbzEfMB0GA1UEChMWb3JnMS5jb252ZXJn
ZW5jaWF4LmNvbTEiMCAGA1UEAxMZY2Eub3JnMS5jb252ZXJnZW5jaWF4LmNvbTBZ
MBMGByqGSM49AgEGCCqGSM49AwEHA0IABARBe3B18CjT8nOoNlBLd8sR3wvS3Dla
wALfytCj8sU8biPV80h9jjp19NloWf2DklSk7hENdwAuqTREdLoupU+jbTBrMA4G
A1UdDwEB/wQEAwIBpjAdBgNVHSUEFjAUBggrBgEFBQcDAgYIKwYBBQUHAwEwDwYD
VR0TAQH/BAUwAwEB/zApBgNVHQ4EIgQgrWqzlxzccus8wvM+jzx7eQs2mOh1TRau
yG8ZoCVD1f4wCgYIKoZIzj0EAwIDRwAwRAIgdfwSva2nWb3zqeE1TgxOSyo7z9GA
Uy0Nir6E4q6JSH8CIGCdqcGQX3r3ZaCt84NXc4lK16ndqjOoe9Qj33tEYuxP
-----END CERTIFICATE-----
2023-06-20 20:18:07.464 UTC [msp.identity] newIdentity -> DEBU 017 Creating identity instance for cert -----BEGIN CERTIFICATE-----
MIICOzCCAeGgAwIBAgIQYPv3GjB1ISR+1Y1MoIk/NzAKBggqhkjOPQQDAjB/MQsw
CQYDVQQGEwJVUzETMBEGA1UECBMKQ2FsaWZvcm5pYTEWMBQGA1UEBxMNU2FuIEZy
YW5jaXNjbzEfMB0GA1UEChMWb3JnMS5jb252ZXJnZW5jaWF4LmNvbTEiMCAGA1UE
AxMZY2Eub3JnMS5jb252ZXJnZW5jaWF4LmNvbTAeFw0yMzA2MTQyMzA2MDBaFw0z
MzA2MTEyMzA2MDBaMHExCzAJBgNVBAYTAlVTMRMwEQYDVQQIEwpDYWxpZm9ybmlh
MRYwFAYDVQQHEw1TYW4gRnJhbmNpc2NvMQ4wDAYDVQQLEwVhZG1pbjElMCMGA1UE
AwwcQWRtaW5Ab3JnMS5jb252ZXJnZW5jaWF4LmNvbTBZMBMGByqGSM49AgEGCCqG
SM49AwEHA0IABLzo0u4CKrU22cTNJaqj/xG3XWUDaw84giGYpmOFxxTO7FqsGK3g
MU4U1xNPfmfSnL2GFziV78IKgxYEmU96ux6jTTBLMA4GA1UdDwEB/wQEAwIHgDAM
BgNVHRMBAf8EAjAAMCsGA1UdIwQkMCKAIK1qs5cc3HLrPMLzPo88e3kLNpjodU0W
rshvGaAlQ9X+MAoGCCqGSM49BAMCA0gAMEUCIQDhHav6v2EuV7/VAFlegMAzYHD6
+koDuvcpHMFPSCVMHwIgbgKmpbHLK9m5x9DzRQIp25R3cSGi0p7K0YfEJOJTJ1Y=
-----END CERTIFICATE-----
2023-06-20 20:18:07.465 UTC [msp.identity] newIdentity -> DEBU 018 Creating identity instance for cert -----BEGIN CERTIFICATE-----
MIICOzCCAeGgAwIBAgIQYPv3GjB1ISR+1Y1MoIk/NzAKBggqhkjOPQQDAjB/MQsw
CQYDVQQGEwJVUzETMBEGA1UECBMKQ2FsaWZvcm5pYTEWMBQGA1UEBxMNU2FuIEZy
YW5jaXNjbzEfMB0GA1UEChMWb3JnMS5jb252ZXJnZW5jaWF4LmNvbTEiMCAGA1UE
AxMZY2Eub3JnMS5jb252ZXJnZW5jaWF4LmNvbTAeFw0yMzA2MTQyMzA2MDBaFw0z
MzA2MTEyMzA2MDBaMHExCzAJBgNVBAYTAlVTMRMwEQYDVQQIEwpDYWxpZm9ybmlh
MRYwFAYDVQQHEw1TYW4gRnJhbmNpc2NvMQ4wDAYDVQQLEwVhZG1pbjElMCMGA1UE
AwwcQWRtaW5Ab3JnMS5jb252ZXJnZW5jaWF4LmNvbTBZMBMGByqGSM49AgEGCCqG
SM49AwEHA0IABLzo0u4CKrU22cTNJaqj/xG3XWUDaw84giGYpmOFxxTO7FqsGK3g
MU4U1xNPfmfSnL2GFziV78IKgxYEmU96ux6jTTBLMA4GA1UdDwEB/wQEAwIHgDAM
BgNVHRMBAf8EAjAAMCsGA1UdIwQkMCKAIK1qs5cc3HLrPMLzPo88e3kLNpjodU0W
rshvGaAlQ9X+MAoGCCqGSM49BAMCA0gAMEUCIQDhHav6v2EuV7/VAFlegMAzYHD6
+koDuvcpHMFPSCVMHwIgbgKmpbHLK9m5x9DzRQIp25R3cSGi0p7K0YfEJOJTJ1Y=
-----END CERTIFICATE-----
2023-06-20 20:18:07.466 UTC [msp] setupSigningIdentity -> DEBU 019 Signing identity expires at 2033-06-11 23:06:00 +0000 UTC
2023-06-20 20:18:07.466 UTC [msp] GetDefaultSigningIdentity -> DEBU 01a Obtaining default signing identity
2023-06-20 20:18:07.470 UTC [grpc] Infof -> DEBU 01b parsed scheme: ""
2023-06-20 20:18:07.472 UTC [grpc] Infof -> DEBU 01c scheme "" not registered, fallback to default scheme
2023-06-20 20:18:07.480 UTC [grpc] Infof -> DEBU 01d ccResolverWrapper: sending update to cc: {[{peer0.org1.convergenciax.com:7051  <nil> 0 <nil>}] <nil> <nil>}
2023-06-20 20:18:07.480 UTC [grpc] Infof -> DEBU 01e ClientConn switching balancer to "pick_first"
2023-06-20 20:18:07.480 UTC [grpc] Infof -> DEBU 01f Channel switches to new LB policy "pick_first"
2023-06-20 20:18:07.485 UTC [grpc] Infof -> DEBU 020 Subchannel Connectivity change to CONNECTING
2023-06-20 20:18:07.485 UTC [grpc] Infof -> DEBU 021 Subchannel picks a new address "peer0.org1.convergenciax.com:7051" to connect
2023-06-20 20:18:07.486 UTC [grpc] UpdateSubConnState -> DEBU 022 pickfirstBalancer: HandleSubConnStateChange: 0xc0002fe000, {CONNECTING <nil>}
2023-06-20 20:18:07.489 UTC [grpc] Infof -> DEBU 023 Channel Connectivity change to CONNECTING
2023-06-20 20:18:07.507 UTC [grpc] Infof -> DEBU 024 Subchannel Connectivity change to READY
2023-06-20 20:18:07.510 UTC [grpc] UpdateSubConnState -> DEBU 025 pickfirstBalancer: HandleSubConnStateChange: 0xc0002fe000, {READY <nil>}
2023-06-20 20:18:07.510 UTC [grpc] Infof -> DEBU 026 Channel Connectivity change to READY
2023-06-20 20:18:07.511 UTC [grpc] Infof -> DEBU 027 parsed scheme: ""
2023-06-20 20:18:07.511 UTC [grpc] Infof -> DEBU 028 scheme "" not registered, fallback to default scheme
2023-06-20 20:18:07.511 UTC [grpc] Infof -> DEBU 029 ccResolverWrapper: sending update to cc: {[{peer0.org1.convergenciax.com:7051  <nil> 0 <nil>}] <nil> <nil>}
2023-06-20 20:18:07.511 UTC [grpc] Infof -> DEBU 02a ClientConn switching balancer to "pick_first"
2023-06-20 20:18:07.511 UTC [grpc] Infof -> DEBU 02b Channel switches to new LB policy "pick_first"
2023-06-20 20:18:07.511 UTC [grpc] Infof -> DEBU 02c Subchannel Connectivity change to CONNECTING
2023-06-20 20:18:07.519 UTC [grpc] UpdateSubConnState -> DEBU 02d pickfirstBalancer: HandleSubConnStateChange: 0xc0005b3d00, {CONNECTING <nil>}
2023-06-20 20:18:07.519 UTC [grpc] Infof -> DEBU 02e Channel Connectivity change to CONNECTING
2023-06-20 20:18:07.519 UTC [grpc] Infof -> DEBU 02f Subchannel picks a new address "peer0.org1.convergenciax.com:7051" to connect
2023-06-20 20:18:07.536 UTC [grpc] Infof -> DEBU 030 Subchannel Connectivity change to READY
2023-06-20 20:18:07.536 UTC [grpc] UpdateSubConnState -> DEBU 031 pickfirstBalancer: HandleSubConnStateChange: 0xc0005b3d00, {READY <nil>}
2023-06-20 20:18:07.536 UTC [grpc] Infof -> DEBU 032 Channel Connectivity change to READY
2023-06-20 20:18:07.537 UTC [msp.identity] Sign -> DEBU 033 Sign: plaintext: 0ADF070A6F08031A0C08FF92C8A40610...6E0A0D0A0B666F6F64636F6E74726F6C
2023-06-20 20:18:07.538 UTC [msp.identity] Sign -> DEBU 034 Sign: digest: EF03F726867A8E5F59773B401066A92BA870E17D8D347CA77545FA204B8EB062
{
        "sequence": 1,
        "version": "1",
        "endorsement_plugin": "escc",
        "validation_plugin": "vscc",
        "validation_parameter": "CiwSDBIKCAESAggAEgIIARoNEgsKB09yZzFNU1AQAxoNEgsKB09yZzNNU1AQAw==",
        "collections": {},
        "source": {
                "Type": {
                        "LocalPackage": {
                                "package_id": "foodcontrol_1:8979aeeac8c436127011c73ee54042a2c1c4d4354626fe590f8b2838288f2f7f"
                        }
                }
        }
}
bash-5.0#

###
#
# PASO 6  Invocar Chaincode food control
#
# Se especifican los peer a los cuales se hace commit
###

bash-5.0# export CORE_PEER_MSPCONFIGPATH=/opt/gopath/src/github.com/hyperledger/fabric/peer/crypto/peerOrganizations/org1.convergenciax.com/users/Admin@org1.convergenciax.com/msp
bash-5.0# export CORE_PEER_ADDRESS=peer0.org1.convergenciax.com:7051
bash-5.0# export CORE_PEER_LOCALMSPID="Org1MSP"
bash-5.0# export CORE_PEER_TLS_ROOTCERT_FILE=/opt/gopath/src/github.com/hyperledger/fabric/peer/crypto/peerOrganizations/org1.convergenciax.com/peers/peer0.org1.convergenciax.com/tls/ca.crt
bash-5.0# export ORDERER_CA=/opt/gopath/src/github.com/hyperledger/fabric/peer/crypto/ordererOrganizations/convergenciax.com/orderers/orderer.convergenciax.com/msp/tlscacerts/tlsca.convergenciax.com-cert.pem
bash-5.0# peer chaincode invoke -o orderer.convergenciax.com:7050 --tls --cafile $ORDERER_CA --channelID $CHANNEL_NAME --name $CHAINCODE_NAME -c '{"Args":["Set","id:3","JoelCotradoOrg1","Pasteles"]}'
2023-06-22 18:43:53.534 UTC [bccsp] GetDefault -> DEBU 001 Before using BCCSP, please call InitFactories(). Falling back to bootBCCSP.
2023-06-22 18:43:53.554 UTC [bccsp] GetDefault -> DEBU 002 Before using BCCSP, please call InitFactories(). Falling back to bootBCCSP.
2023-06-22 18:43:53.560 UTC [bccsp_sw] openKeyStore -> DEBU 003 KeyStore opened at [/opt/gopath/src/github.com/hyperledger/fabric/peer/crypto/peerOrganizations/org1.convergenciax.com/users/Admin@org1.convergenciax.com/msp/keystore]...done
2023-06-22 18:43:53.560 UTC [msp] getPemMaterialFromDir -> DEBU 004 Reading directory /opt/gopath/src/github.com/hyperledger/fabric/peer/crypto/peerOrganizations/org1.convergenciax.com/users/Admin@org1.convergenciax.com/msp/signcerts
2023-06-22 18:43:53.560 UTC [msp] getPemMaterialFromDir -> DEBU 005 Inspecting file /opt/gopath/src/github.com/hyperledger/fabric/peer/crypto/peerOrganizations/org1.convergenciax.com/users/Admin@org1.convergenciax.com/msp/signcerts/Admin@org1.convergenciax.com-cert.pem
2023-06-22 18:43:53.561 UTC [msp] getPemMaterialFromDir -> DEBU 006 Reading directory /opt/gopath/src/github.com/hyperledger/fabric/peer/crypto/peerOrganizations/org1.convergenciax.com/users/Admin@org1.convergenciax.com/msp/cacerts
2023-06-22 18:43:53.561 UTC [msp] getPemMaterialFromDir -> DEBU 007 Inspecting file /opt/gopath/src/github.com/hyperledger/fabric/peer/crypto/peerOrganizations/org1.convergenciax.com/users/Admin@org1.convergenciax.com/msp/cacerts/ca.org1.convergenciax.com-cert.pem
2023-06-22 18:43:53.563 UTC [msp] getPemMaterialFromDir -> DEBU 008 Reading directory /opt/gopath/src/github.com/hyperledger/fabric/peer/crypto/peerOrganizations/org1.convergenciax.com/users/Admin@org1.convergenciax.com/msp/admincerts
2023-06-22 18:43:53.563 UTC [msp] getPemMaterialFromDir -> DEBU 009 Reading directory /opt/gopath/src/github.com/hyperledger/fabric/peer/crypto/peerOrganizations/org1.convergenciax.com/users/Admin@org1.convergenciax.com/msp/intermediatecerts
2023-06-22 18:43:53.563 UTC [msp] getMspConfig -> DEBU 00a Intermediate certs folder not found at [/opt/gopath/src/github.com/hyperledger/fabric/peer/crypto/peerOrganizations/org1.convergenciax.com/users/Admin@org1.convergenciax.com/msp/intermediatecerts]. Skipping. [stat /opt/gopath/src/github.com/hyperledger/fabric/peer/crypto/peerOrganizations/org1.convergenciax.com/users/Admin@org1.convergenciax.com/msp/intermediatecerts: no such file or directory]
2023-06-22 18:43:53.563 UTC [msp] getPemMaterialFromDir -> DEBU 00b Reading directory /opt/gopath/src/github.com/hyperledger/fabric/peer/crypto/peerOrganizations/org1.convergenciax.com/users/Admin@org1.convergenciax.com/msp/tlscacerts
2023-06-22 18:43:53.563 UTC [msp] getPemMaterialFromDir -> DEBU 00c Inspecting file /opt/gopath/src/github.com/hyperledger/fabric/peer/crypto/peerOrganizations/org1.convergenciax.com/users/Admin@org1.convergenciax.com/msp/tlscacerts/tlsca.org1.convergenciax.com-cert.pem
2023-06-22 18:43:53.570 UTC [msp] getPemMaterialFromDir -> DEBU 00d Reading directory /opt/gopath/src/github.com/hyperledger/fabric/peer/crypto/peerOrganizations/org1.convergenciax.com/users/Admin@org1.convergenciax.com/msp/tlsintermediatecerts
2023-06-22 18:43:53.572 UTC [msp] getMspConfig -> DEBU 00e TLS intermediate certs folder not found at [/opt/gopath/src/github.com/hyperledger/fabric/peer/crypto/peerOrganizations/org1.convergenciax.com/users/Admin@org1.convergenciax.com/msp/tlsintermediatecerts]. Skipping. [stat /opt/gopath/src/github.com/hyperledger/fabric/peer/crypto/peerOrganizations/org1.convergenciax.com/users/Admin@org1.convergenciax.com/msp/tlsintermediatecerts: no such file or directory]
2023-06-22 18:43:53.572 UTC [msp] getPemMaterialFromDir -> DEBU 00f Reading directory /opt/gopath/src/github.com/hyperledger/fabric/peer/crypto/peerOrganizations/org1.convergenciax.com/users/Admin@org1.convergenciax.com/msp/crls
2023-06-22 18:43:53.579 UTC [msp] getMspConfig -> DEBU 010 crls folder not found at [/opt/gopath/src/github.com/hyperledger/fabric/peer/crypto/peerOrganizations/org1.convergenciax.com/users/Admin@org1.convergenciax.com/msp/crls]. Skipping. [stat /opt/gopath/src/github.com/hyperledger/fabric/peer/crypto/peerOrganizations/org1.convergenciax.com/users/Admin@org1.convergenciax.com/msp/crls: no such file or directory]
2023-06-22 18:43:53.580 UTC [msp] getMspConfig -> DEBU 011 Loading NodeOUs
2023-06-22 18:43:53.584 UTC [msp] newBccspMsp -> DEBU 012 Creating BCCSP-based MSP instance
2023-06-22 18:43:53.584 UTC [msp] New -> DEBU 013 Creating Cache-MSP instance
2023-06-22 18:43:53.584 UTC [msp] loadLocalMSP -> DEBU 014 Created new local MSP
2023-06-22 18:43:53.585 UTC [msp] Setup -> DEBU 015 Setting up MSP instance Org1MSP
2023-06-22 18:43:53.585 UTC [msp.identity] newIdentity -> DEBU 016 Creating identity instance for cert -----BEGIN CERTIFICATE-----
MIICajCCAg+gAwIBAgIQQsfEwi4+ewwVPzVpgGSMEzAKBggqhkjOPQQDAjB/MQsw
CQYDVQQGEwJVUzETMBEGA1UECBMKQ2FsaWZvcm5pYTEWMBQGA1UEBxMNU2FuIEZy
YW5jaXNjbzEfMB0GA1UEChMWb3JnMS5jb252ZXJnZW5jaWF4LmNvbTEiMCAGA1UE
AxMZY2Eub3JnMS5jb252ZXJnZW5jaWF4LmNvbTAeFw0yMzA2MjIxNjExMDBaFw0z
MzA2MTkxNjExMDBaMH8xCzAJBgNVBAYTAlVTMRMwEQYDVQQIEwpDYWxpZm9ybmlh
MRYwFAYDVQQHEw1TYW4gRnJhbmNpc2NvMR8wHQYDVQQKExZvcmcxLmNvbnZlcmdl
bmNpYXguY29tMSIwIAYDVQQDExljYS5vcmcxLmNvbnZlcmdlbmNpYXguY29tMFkw
EwYHKoZIzj0CAQYIKoZIzj0DAQcDQgAEqpm28bj7J3mwXnNF6AWK5Ufk3j+JG12M
03gHA3leg2JiOVXvsOkXgTNIOK6CADGSgBLePaxlqFoKkU3oEMSKkqNtMGswDgYD
VR0PAQH/BAQDAgGmMB0GA1UdJQQWMBQGCCsGAQUFBwMCBggrBgEFBQcDATAPBgNV
HRMBAf8EBTADAQH/MCkGA1UdDgQiBCDgFbuSVm28+bhMQw81o8kPitnnwFete2Lp
kfL/sO4pCzAKBggqhkjOPQQDAgNJADBGAiEAwKY/qf6CrfkXMPlN9hCA5MfPPW9L
QJE/rDiAFeEN6tMCIQCJimmPYmOwdjzLYDeFrgDF0o2XPfQPi/N3Bmhii4A5mQ==
-----END CERTIFICATE-----
2023-06-22 18:43:53.585 UTC [msp.identity] newIdentity -> DEBU 017 Creating identity instance for cert -----BEGIN CERTIFICATE-----
MIICOjCCAeGgAwIBAgIQcbnZDYNjbwGQvm7fndfDiDAKBggqhkjOPQQDAjB/MQsw
CQYDVQQGEwJVUzETMBEGA1UECBMKQ2FsaWZvcm5pYTEWMBQGA1UEBxMNU2FuIEZy
YW5jaXNjbzEfMB0GA1UEChMWb3JnMS5jb252ZXJnZW5jaWF4LmNvbTEiMCAGA1UE
AxMZY2Eub3JnMS5jb252ZXJnZW5jaWF4LmNvbTAeFw0yMzA2MjIxNjExMDBaFw0z
MzA2MTkxNjExMDBaMHExCzAJBgNVBAYTAlVTMRMwEQYDVQQIEwpDYWxpZm9ybmlh
MRYwFAYDVQQHEw1TYW4gRnJhbmNpc2NvMQ4wDAYDVQQLEwVhZG1pbjElMCMGA1UE
AwwcQWRtaW5Ab3JnMS5jb252ZXJnZW5jaWF4LmNvbTBZMBMGByqGSM49AgEGCCqG
SM49AwEHA0IABBcI8sAr1BibvIx+c5O6Rh5Kb1BfKMSVO9M4slJntacSO/w2bB1g
8Tj3/APxldaD7Rzt0OUrJz7AzjGAEpDAw5yjTTBLMA4GA1UdDwEB/wQEAwIHgDAM
BgNVHRMBAf8EAjAAMCsGA1UdIwQkMCKAIOAVu5JWbbz5uExDDzWjyQ+K2efAV617
YumR8v+w7ikLMAoGCCqGSM49BAMCA0cAMEQCIG/tDJRXrF/OAYaa2sH2O8lIi5bX
r2myWYrL6zYwZ4LdAiBcPPZWMm/Eyv921kg3PtLAYZcfEv9WvmNbv1251Z6LUw==
-----END CERTIFICATE-----
2023-06-22 18:43:53.586 UTC [msp.identity] newIdentity -> DEBU 018 Creating identity instance for cert -----BEGIN CERTIFICATE-----
MIICOjCCAeGgAwIBAgIQcbnZDYNjbwGQvm7fndfDiDAKBggqhkjOPQQDAjB/MQsw
CQYDVQQGEwJVUzETMBEGA1UECBMKQ2FsaWZvcm5pYTEWMBQGA1UEBxMNU2FuIEZy
YW5jaXNjbzEfMB0GA1UEChMWb3JnMS5jb252ZXJnZW5jaWF4LmNvbTEiMCAGA1UE
AxMZY2Eub3JnMS5jb252ZXJnZW5jaWF4LmNvbTAeFw0yMzA2MjIxNjExMDBaFw0z
MzA2MTkxNjExMDBaMHExCzAJBgNVBAYTAlVTMRMwEQYDVQQIEwpDYWxpZm9ybmlh
MRYwFAYDVQQHEw1TYW4gRnJhbmNpc2NvMQ4wDAYDVQQLEwVhZG1pbjElMCMGA1UE
AwwcQWRtaW5Ab3JnMS5jb252ZXJnZW5jaWF4LmNvbTBZMBMGByqGSM49AgEGCCqG
SM49AwEHA0IABBcI8sAr1BibvIx+c5O6Rh5Kb1BfKMSVO9M4slJntacSO/w2bB1g
8Tj3/APxldaD7Rzt0OUrJz7AzjGAEpDAw5yjTTBLMA4GA1UdDwEB/wQEAwIHgDAM
BgNVHRMBAf8EAjAAMCsGA1UdIwQkMCKAIOAVu5JWbbz5uExDDzWjyQ+K2efAV617
YumR8v+w7ikLMAoGCCqGSM49BAMCA0cAMEQCIG/tDJRXrF/OAYaa2sH2O8lIi5bX
r2myWYrL6zYwZ4LdAiBcPPZWMm/Eyv921kg3PtLAYZcfEv9WvmNbv1251Z6LUw==
-----END CERTIFICATE-----
2023-06-22 18:43:53.586 UTC [msp] setupSigningIdentity -> DEBU 019 Signing identity expires at 2033-06-19 16:11:00 +0000 UTC
2023-06-22 18:43:53.589 UTC [grpc] Infof -> DEBU 01a parsed scheme: ""
2023-06-22 18:43:53.589 UTC [grpc] Infof -> DEBU 01b scheme "" not registered, fallback to default scheme
2023-06-22 18:43:53.590 UTC [grpc] Infof -> DEBU 01c ccResolverWrapper: sending update to cc: {[{peer0.org1.convergenciax.com:7051  <nil> 0 <nil>}] <nil> <nil>}
2023-06-22 18:43:53.590 UTC [grpc] Infof -> DEBU 01d ClientConn switching balancer to "pick_first"
2023-06-22 18:43:53.590 UTC [grpc] Infof -> DEBU 01e Channel switches to new LB policy "pick_first"
2023-06-22 18:43:53.590 UTC [grpc] Infof -> DEBU 01f Subchannel Connectivity change to CONNECTING
2023-06-22 18:43:53.590 UTC [grpc] Infof -> DEBU 020 Subchannel picks a new address "peer0.org1.convergenciax.com:7051" to connect
2023-06-22 18:43:53.590 UTC [grpc] UpdateSubConnState -> DEBU 021 pickfirstBalancer: HandleSubConnStateChange: 0xc00039b070, {CONNECTING <nil>}
2023-06-22 18:43:53.590 UTC [grpc] Infof -> DEBU 022 Channel Connectivity change to CONNECTING
2023-06-22 18:43:53.595 UTC [grpc] Infof -> DEBU 023 Subchannel Connectivity change to READY
2023-06-22 18:43:53.596 UTC [grpc] UpdateSubConnState -> DEBU 024 pickfirstBalancer: HandleSubConnStateChange: 0xc00039b070, {READY <nil>}
2023-06-22 18:43:53.596 UTC [grpc] Infof -> DEBU 025 Channel Connectivity change to READY
2023-06-22 18:43:53.598 UTC [grpc] Infof -> DEBU 026 parsed scheme: ""
2023-06-22 18:43:53.598 UTC [grpc] Infof -> DEBU 027 scheme "" not registered, fallback to default scheme
2023-06-22 18:43:53.598 UTC [grpc] Infof -> DEBU 028 ccResolverWrapper: sending update to cc: {[{peer0.org1.convergenciax.com:7051  <nil> 0 <nil>}] <nil> <nil>}
2023-06-22 18:43:53.598 UTC [grpc] Infof -> DEBU 029 ClientConn switching balancer to "pick_first"
2023-06-22 18:43:53.598 UTC [grpc] Infof -> DEBU 02a Channel switches to new LB policy "pick_first"
2023-06-22 18:43:53.599 UTC [grpc] Infof -> DEBU 02b Subchannel Connectivity change to CONNECTING
2023-06-22 18:43:53.599 UTC [grpc] UpdateSubConnState -> DEBU 02c pickfirstBalancer: HandleSubConnStateChange: 0xc00047d8b0, {CONNECTING <nil>}
2023-06-22 18:43:53.599 UTC [grpc] Infof -> DEBU 02d Channel Connectivity change to CONNECTING
2023-06-22 18:43:53.600 UTC [grpc] Infof -> DEBU 02e Subchannel picks a new address "peer0.org1.convergenciax.com:7051" to connect
2023-06-22 18:43:53.605 UTC [grpc] Infof -> DEBU 02f Subchannel Connectivity change to READY
2023-06-22 18:43:53.605 UTC [grpc] UpdateSubConnState -> DEBU 030 pickfirstBalancer: HandleSubConnStateChange: 0xc00047d8b0, {READY <nil>}
2023-06-22 18:43:53.605 UTC [grpc] Infof -> DEBU 031 Channel Connectivity change to READY
2023-06-22 18:43:53.607 UTC [msp] GetDefaultSigningIdentity -> DEBU 032 Obtaining default signing identity
2023-06-22 18:43:53.608 UTC [grpc] WithKeepaliveParams -> DEBU 033 Adjusting keepalive ping interval to minimum period of 10s
2023-06-22 18:43:53.608 UTC [grpc] Infof -> DEBU 034 parsed scheme: ""
2023-06-22 18:43:53.608 UTC [grpc] Infof -> DEBU 035 scheme "" not registered, fallback to default scheme
2023-06-22 18:43:53.609 UTC [grpc] Infof -> DEBU 036 ccResolverWrapper: sending update to cc: {[{orderer.convergenciax.com:7050  <nil> 0 <nil>}] <nil> <nil>}
2023-06-22 18:43:53.610 UTC [grpc] Infof -> DEBU 037 ClientConn switching balancer to "pick_first"
2023-06-22 18:43:53.610 UTC [grpc] Infof -> DEBU 038 Channel switches to new LB policy "pick_first"
2023-06-22 18:43:53.610 UTC [grpc] Infof -> DEBU 039 Subchannel Connectivity change to CONNECTING
2023-06-22 18:43:53.610 UTC [grpc] Infof -> DEBU 03a Subchannel picks a new address "orderer.convergenciax.com:7050" to connect
2023-06-22 18:43:53.611 UTC [grpc] UpdateSubConnState -> DEBU 03b pickfirstBalancer: HandleSubConnStateChange: 0xc000140450, {CONNECTING <nil>}
2023-06-22 18:43:53.611 UTC [grpc] Infof -> DEBU 03c Channel Connectivity change to CONNECTING
2023-06-22 18:43:53.617 UTC [grpc] Infof -> DEBU 03d Subchannel Connectivity change to READY
2023-06-22 18:43:53.618 UTC [grpc] UpdateSubConnState -> DEBU 03e pickfirstBalancer: HandleSubConnStateChange: 0xc000140450, {READY <nil>}
2023-06-22 18:43:53.618 UTC [grpc] Infof -> DEBU 03f Channel Connectivity change to READY
2023-06-22 18:43:53.619 UTC [msp.identity] Sign -> DEBU 040 Sign: plaintext: 0AE0070A7008031A0C08E9ACD2A40610...646F4F7267310A0850617374656C6573 
2023-06-22 18:43:53.619 UTC [msp.identity] Sign -> DEBU 041 Sign: digest: CC321FAC1D1D97E2DF4B2A4C2E43EDA39193B73C584E8F6566B2E0B892E25369 
2023-06-22 18:43:53.670 UTC [msp.identity] Sign -> DEBU 042 Sign: plaintext: 0AE0070A7008031A0C08E9ACD2A40610...6CEA8643BE2175E8B4FA8D0792874381 
2023-06-22 18:43:53.670 UTC [msp.identity] Sign -> DEBU 043 Sign: digest: 7835E620182C0004716622B82826C99BACF6620712D97D967646D6900473D4A1 
2023-06-22 18:43:53.673 UTC [chaincodeCmd] chaincodeInvokeOrQuery -> DEBU 044 ESCC invoke result: version:1 response:<status:200 > payload:"\n F<\303\200\340\221T\300\313\031\006o^\205n\024\300\246\030J\372\361k\263\327*\021&j\274\253D\022\251\001\n\217\001\022<\n\n_lifecycle\022.\n,\n&namespaces/fields/foodcontrol/Sequence\022\002\010\004\022O\n\013foodcontrol\022@\032>\n\004id:3\0326{\"agricultor\":\"JoelCotradoOrg1\",\"variedad\":\"Pasteles\"}\032\003\010\310\001\"\020\022\013foodcontrol\032\0011" endorsement:<endorser:"\n\007Org1MSP\022\302\006-----BEGIN CERTIFICATE-----\nMIICOjCCAeCgAwIBAgIQH3mNxRxstQolJ41AtLkaFzAKBggqhkjOPQQDAjB/MQsw\nCQYDVQQGEwJVUzETMBEGA1UECBMKQ2FsaWZvcm5pYTEWMBQGA1UEBxMNU2FuIEZy\nYW5jaXNjbzEfMB0GA1UEChMWb3JnMS5jb252ZXJnZW5jaWF4LmNvbTEiMCAGA1UE\nAxMZY2Eub3JnMS5jb252ZXJnZW5jaWF4LmNvbTAeFw0yMzA2MjIxNjExMDBaFw0z\nMzA2MTkxNjExMDBaMHAxCzAJBgNVBAYTAlVTMRMwEQYDVQQIEwpDYWxpZm9ybmlh\nMRYwFAYDVQQHEw1TYW4gRnJhbmNpc2NvMQ0wCwYDVQQLEwRwZWVyMSUwIwYDVQQD\nExxwZWVyMC5vcmcxLmNvbnZlcmdlbmNpYXguY29tMFkwEwYHKoZIzj0CAQYIKoZI\nzj0DAQcDQgAEHfrYixKOuv9Y+IkQwWNXsAXGBrOXwDXH1Hg4oPRZhpIc8kueb2jv\nyUH6l0kEg0FRp+v6l7x2JtwBEi0w3F6wtaNNMEswDgYDVR0PAQH/BAQDAgeAMAwG\nA1UdEwEB/wQCMAAwKwYDVR0jBCQwIoAg4BW7klZtvPm4TEMPNaPJD4rZ58BXrXti\n6ZHy/7DuKQswCgYIKoZIzj0EAwIDSAAwRQIhAIPkAHfBHylwe0xfzwZoRu35vr85\nrJO4dfsE3JizH6dwAiAOGAvW2qrUqYjiNm64TtSvhyG6grm9sq1AGbEO/mxsrw==\n-----END CERTIFICATE-----\n" signature:"0E\002!\000\242\276YV4\300\177\252\217\273[\240k\361\225o][\205Pz\313\002C\004\242\204y~\266\321r\002 \tL\325\002N Q\261\350x\204\315A\032\326jl\352\206C\276!u\350\264\372\215\007\222\207C\201" > 
2023-06-22 18:43:53.673 UTC [chaincodeCmd] chaincodeInvokeOrQuery -> INFO 045 Chaincode invoke successful. result: status:200 
bash-5.0# 





###################
## prueba org2, falla por permisos, no los 
#############
bash-5.0# #agregar la seguna y tercera organizacioon0 Org2MSP,
bash-5.0# export CORE_PEER_MSPCONFIGPATH=/opt/gopath/src/github.com/hyperledger/fabric/peer/crypto/peerOrganizations/org2.convergenciax.com/users/Admin@org2.convergenciax.com/msp
bash-5.0# export CORE_PEER_ADDRESS=peer0.org2.convergenciax.com:7051
bash-5.0# export CORE_PEER_LOCALMSPID="Org2MSP"
bash-5.0# export CORE_PEER_TLS_ROOTCERT_FILE=/opt/gopath/src/github.com/hyperledger/fabric/peer/crypto/peerOrganizations/org2.convergenciax.com/peers/peer0.org2.convergenciax.com/tls/ca.crt
bash-5.0#
bash-5.0# peer chaincode invoke -o orderer.convergenciax.com:7050 --tls --cafile $ORDERER_CA --channelID $CHANNEL_NAME --name $CHAINCODE_NAME -c '{"Args":["Set","id:4","JoelOrg2","Paltas"]}'
2023-06-20 20:45:08.080 UTC [bccsp] GetDefault -> DEBU 001 Before using BCCSP, please call InitFactories(). Falling back to bootBCCSP.
2023-06-20 20:45:08.121 UTC [bccsp] GetDefault -> DEBU 002 Before using BCCSP, please call InitFactories(). Falling back to bootBCCSP.
2023-06-20 20:45:08.138 UTC [bccsp_sw] openKeyStore -> DEBU 003 KeyStore opened at [/opt/gopath/src/github.com/hyperledger/fabric/peer/crypto/peerOrganizations/org2.convergenciax.com/users/Admin@org2.convergenciax.com/msp/keystore]...done
2023-06-20 20:45:08.138 UTC [msp] getPemMaterialFromDir -> DEBU 004 Reading directory /opt/gopath/src/github.com/hyperledger/fabric/peer/crypto/peerOrganizations/org2.convergenciax.com/users/Admin@org2.convergenciax.com/msp/signcerts
2023-06-20 20:45:08.138 UTC [msp] getPemMaterialFromDir -> DEBU 005 Inspecting file /opt/gopath/src/github.com/hyperledger/fabric/peer/crypto/peerOrganizations/org2.convergenciax.com/users/Admin@org2.convergenciax.com/msp/signcerts/Admin@org2.convergenciax.com-cert.pem
2023-06-20 20:45:08.138 UTC [msp] getPemMaterialFromDir -> DEBU 006 Reading directory /opt/gopath/src/github.com/hyperledger/fabric/peer/crypto/peerOrganizations/org2.convergenciax.com/users/Admin@org2.convergenciax.com/msp/cacerts
2023-06-20 20:45:08.138 UTC [msp] getPemMaterialFromDir -> DEBU 007 Inspecting file /opt/gopath/src/github.com/hyperledger/fabric/peer/crypto/peerOrganizations/org2.convergenciax.com/users/Admin@org2.convergenciax.com/msp/cacerts/ca.org2.convergenciax.com-cert.pem
2023-06-20 20:45:08.138 UTC [msp] getPemMaterialFromDir -> DEBU 008 Reading directory /opt/gopath/src/github.com/hyperledger/fabric/peer/crypto/peerOrganizations/org2.convergenciax.com/users/Admin@org2.convergenciax.com/msp/admincerts
2023-06-20 20:45:08.139 UTC [msp] getPemMaterialFromDir -> DEBU 009 Reading directory /opt/gopath/src/github.com/hyperledger/fabric/peer/crypto/peerOrganizations/org2.convergenciax.com/users/Admin@org2.convergenciax.com/msp/intermediatecerts
2023-06-20 20:45:08.139 UTC [msp] getMspConfig -> DEBU 00a Intermediate certs folder not found at [/opt/gopath/src/github.com/hyperledger/fabric/peer/crypto/peerOrganizations/org2.convergenciax.com/users/Admin@org2.convergenciax.com/msp/intermediatecerts]. Skipping. [stat /opt/gopath/src/github.com/hyperledger/fabric/peer/crypto/peerOrganizations/org2.convergenciax.com/users/Admin@org2.convergenciax.com/msp/intermediatecerts: no such file or directory]
2023-06-20 20:45:08.139 UTC [msp] getPemMaterialFromDir -> DEBU 00b Reading directory /opt/gopath/src/github.com/hyperledger/fabric/peer/crypto/peerOrganizations/org2.convergenciax.com/users/Admin@org2.convergenciax.com/msp/tlscacerts
2023-06-20 20:45:08.139 UTC [msp] getPemMaterialFromDir -> DEBU 00c Inspecting file /opt/gopath/src/github.com/hyperledger/fabric/peer/crypto/peerOrganizations/org2.convergenciax.com/users/Admin@org2.convergenciax.com/msp/tlscacerts/tlsca.org2.convergenciax.com-cert.pem
2023-06-20 20:45:08.144 UTC [msp] getPemMaterialFromDir -> DEBU 00d Reading directory /opt/gopath/src/github.com/hyperledger/fabric/peer/crypto/peerOrganizations/org2.convergenciax.com/users/Admin@org2.convergenciax.com/msp/tlsintermediatecerts
2023-06-20 20:45:08.144 UTC [msp] getMspConfig -> DEBU 00e TLS intermediate certs folder not found at [/opt/gopath/src/github.com/hyperledger/fabric/peer/crypto/peerOrganizations/org2.convergenciax.com/users/Admin@org2.convergenciax.com/msp/tlsintermediatecerts]. Skipping. [stat /opt/gopath/src/github.com/hyperledger/fabric/peer/crypto/peerOrganizations/org2.convergenciax.com/users/Admin@org2.convergenciax.com/msp/tlsintermediatecerts: no such file or directory]
2023-06-20 20:45:08.144 UTC [msp] getPemMaterialFromDir -> DEBU 00f Reading directory /opt/gopath/src/github.com/hyperledger/fabric/peer/crypto/peerOrganizations/org2.convergenciax.com/users/Admin@org2.convergenciax.com/msp/crls
2023-06-20 20:45:08.144 UTC [msp] getMspConfig -> DEBU 010 crls folder not found at [/opt/gopath/src/github.com/hyperledger/fabric/peer/crypto/peerOrganizations/org2.convergenciax.com/users/Admin@org2.convergenciax.com/msp/crls]. Skipping. [stat /opt/gopath/src/github.com/hyperledger/fabric/peer/crypto/peerOrganizations/org2.convergenciax.com/users/Admin@org2.convergenciax.com/msp/crls: no such file or directory]
2023-06-20 20:45:08.144 UTC [msp] getMspConfig -> DEBU 011 Loading NodeOUs
2023-06-20 20:45:08.148 UTC [msp] newBccspMsp -> DEBU 012 Creating BCCSP-based MSP instance
2023-06-20 20:45:08.148 UTC [msp] New -> DEBU 013 Creating Cache-MSP instance
2023-06-20 20:45:08.148 UTC [msp] loadLocalMSP -> DEBU 014 Created new local MSP
2023-06-20 20:45:08.156 UTC [msp] Setup -> DEBU 015 Setting up MSP instance Org2MSP
2023-06-20 20:45:08.162 UTC [msp.identity] newIdentity -> DEBU 016 Creating identity instance for cert -----BEGIN CERTIFICATE-----
MIICajCCAg+gAwIBAgIQISuXTrwpdz5duVMdBe6bVDAKBggqhkjOPQQDAjB/MQsw
CQYDVQQGEwJVUzETMBEGA1UECBMKQ2FsaWZvcm5pYTEWMBQGA1UEBxMNU2FuIEZy
YW5jaXNjbzEfMB0GA1UEChMWb3JnMi5jb252ZXJnZW5jaWF4LmNvbTEiMCAGA1UE
AxMZY2Eub3JnMi5jb252ZXJnZW5jaWF4LmNvbTAeFw0yMzA2MTQyMzA2MDBaFw0z
MzA2MTEyMzA2MDBaMH8xCzAJBgNVBAYTAlVTMRMwEQYDVQQIEwpDYWxpZm9ybmlh
MRYwFAYDVQQHEw1TYW4gRnJhbmNpc2NvMR8wHQYDVQQKExZvcmcyLmNvbnZlcmdl
bmNpYXguY29tMSIwIAYDVQQDExljYS5vcmcyLmNvbnZlcmdlbmNpYXguY29tMFkw
EwYHKoZIzj0CAQYIKoZIzj0DAQcDQgAERr7s/MlG2fCm2DiesGbQgf1sNyrK1HvN
+ioYHM2+pynHvoc2FiY/tQcVS6CqjTC/pV7WJXSJkYn3K8M/bdGpQaNtMGswDgYD
VR0PAQH/BAQDAgGmMB0GA1UdJQQWMBQGCCsGAQUFBwMCBggrBgEFBQcDATAPBgNV
HRMBAf8EBTADAQH/MCkGA1UdDgQiBCBHiU7WtLoOg9FnVGIscdbEWYvuuDyHNZsr
q/p9QWFljTAKBggqhkjOPQQDAgNJADBGAiEA+iXzFxjl+9hwq1zuNrFIhGb7fAsk
DIFFsZ9YQ9CyDdkCIQDQhd3qj1cvpwRX/40WaGz2eBhZLQuLGP3OOKCFgCaycw==
-----END CERTIFICATE-----
2023-06-20 20:45:08.162 UTC [msp.identity] newIdentity -> DEBU 017 Creating identity instance for cert -----BEGIN CERTIFICATE-----
MIICOjCCAeGgAwIBAgIQSe56ens5Nj7q4CX4hgeYGDAKBggqhkjOPQQDAjB/MQsw
CQYDVQQGEwJVUzETMBEGA1UECBMKQ2FsaWZvcm5pYTEWMBQGA1UEBxMNU2FuIEZy
YW5jaXNjbzEfMB0GA1UEChMWb3JnMi5jb252ZXJnZW5jaWF4LmNvbTEiMCAGA1UE
AxMZY2Eub3JnMi5jb252ZXJnZW5jaWF4LmNvbTAeFw0yMzA2MTQyMzA2MDBaFw0z
MzA2MTEyMzA2MDBaMHExCzAJBgNVBAYTAlVTMRMwEQYDVQQIEwpDYWxpZm9ybmlh
MRYwFAYDVQQHEw1TYW4gRnJhbmNpc2NvMQ4wDAYDVQQLEwVhZG1pbjElMCMGA1UE
AwwcQWRtaW5Ab3JnMi5jb252ZXJnZW5jaWF4LmNvbTBZMBMGByqGSM49AgEGCCqG
SM49AwEHA0IABMvdhXA05iKj4RlzKsh+Td5xrHLSPLIoTp/p1krnqT1M1xZOdR3A
0yj1u4n02JPDBih84HzSfqZEKUjJcqXGd1mjTTBLMA4GA1UdDwEB/wQEAwIHgDAM
BgNVHRMBAf8EAjAAMCsGA1UdIwQkMCKAIEeJTta0ug6D0WdUYixx1sRZi+64PIc1
myur+n1BYWWNMAoGCCqGSM49BAMCA0cAMEQCIG6yVDkSblIMLM1ou8Plms2iehRc
NyOozeKdr2psBb7bAiAFpDbopr9WTLAsybChO2PnjHmgfUytIK1zUDHUCpZlrQ==
-----END CERTIFICATE-----
2023-06-20 20:45:08.164 UTC [msp.identity] newIdentity -> DEBU 018 Creating identity instance for cert -----BEGIN CERTIFICATE-----
MIICOjCCAeGgAwIBAgIQSe56ens5Nj7q4CX4hgeYGDAKBggqhkjOPQQDAjB/MQsw
CQYDVQQGEwJVUzETMBEGA1UECBMKQ2FsaWZvcm5pYTEWMBQGA1UEBxMNU2FuIEZy
YW5jaXNjbzEfMB0GA1UEChMWb3JnMi5jb252ZXJnZW5jaWF4LmNvbTEiMCAGA1UE
AxMZY2Eub3JnMi5jb252ZXJnZW5jaWF4LmNvbTAeFw0yMzA2MTQyMzA2MDBaFw0z
MzA2MTEyMzA2MDBaMHExCzAJBgNVBAYTAlVTMRMwEQYDVQQIEwpDYWxpZm9ybmlh
MRYwFAYDVQQHEw1TYW4gRnJhbmNpc2NvMQ4wDAYDVQQLEwVhZG1pbjElMCMGA1UE
AwwcQWRtaW5Ab3JnMi5jb252ZXJnZW5jaWF4LmNvbTBZMBMGByqGSM49AgEGCCqG
SM49AwEHA0IABMvdhXA05iKj4RlzKsh+Td5xrHLSPLIoTp/p1krnqT1M1xZOdR3A
0yj1u4n02JPDBih84HzSfqZEKUjJcqXGd1mjTTBLMA4GA1UdDwEB/wQEAwIHgDAM
BgNVHRMBAf8EAjAAMCsGA1UdIwQkMCKAIEeJTta0ug6D0WdUYixx1sRZi+64PIc1
myur+n1BYWWNMAoGCCqGSM49BAMCA0cAMEQCIG6yVDkSblIMLM1ou8Plms2iehRc
NyOozeKdr2psBb7bAiAFpDbopr9WTLAsybChO2PnjHmgfUytIK1zUDHUCpZlrQ==
-----END CERTIFICATE-----
2023-06-20 20:45:08.165 UTC [msp] setupSigningIdentity -> DEBU 019 Signing identity expires at 2033-06-11 23:06:00 +0000 UTC
2023-06-20 20:45:08.171 UTC [grpc] Infof -> DEBU 01a parsed scheme: ""
2023-06-20 20:45:08.171 UTC [grpc] Infof -> DEBU 01b scheme "" not registered, fallback to default scheme
2023-06-20 20:45:08.171 UTC [grpc] Infof -> DEBU 01c ccResolverWrapper: sending update to cc: {[{peer0.org2.convergenciax.com:7051  <nil> 0 <nil>}] <nil> <nil>}
2023-06-20 20:45:08.171 UTC [grpc] Infof -> DEBU 01d ClientConn switching balancer to "pick_first"
2023-06-20 20:45:08.171 UTC [grpc] Infof -> DEBU 01e Channel switches to new LB policy "pick_first"
2023-06-20 20:45:08.171 UTC [grpc] Infof -> DEBU 01f Subchannel Connectivity change to CONNECTING
2023-06-20 20:45:08.171 UTC [grpc] Infof -> DEBU 020 Subchannel picks a new address "peer0.org2.convergenciax.com:7051" to connect
2023-06-20 20:45:08.187 UTC [grpc] Infof -> DEBU 021 Subchannel Connectivity change to READY
2023-06-20 20:45:08.176 UTC [grpc] UpdateSubConnState -> DEBU 022 pickfirstBalancer: HandleSubConnStateChange: 0xc000213820, {CONNECTING <nil>}
2023-06-20 20:45:08.217 UTC [grpc] Infof -> DEBU 023 Channel Connectivity change to CONNECTING
2023-06-20 20:45:08.221 UTC [grpc] UpdateSubConnState -> DEBU 024 pickfirstBalancer: HandleSubConnStateChange: 0xc000213820, {READY <nil>}
2023-06-20 20:45:08.221 UTC [grpc] Infof -> DEBU 025 Channel Connectivity change to READY
2023-06-20 20:45:08.223 UTC [grpc] Infof -> DEBU 026 parsed scheme: ""
2023-06-20 20:45:08.223 UTC [grpc] Infof -> DEBU 027 scheme "" not registered, fallback to default scheme
2023-06-20 20:45:08.223 UTC [grpc] Infof -> DEBU 028 ccResolverWrapper: sending update to cc: {[{peer0.org2.convergenciax.com:7051  <nil> 0 <nil>}] <nil> <nil>}
2023-06-20 20:45:08.223 UTC [grpc] Infof -> DEBU 029 ClientConn switching balancer to "pick_first"
2023-06-20 20:45:08.223 UTC [grpc] Infof -> DEBU 02a Channel switches to new LB policy "pick_first"
2023-06-20 20:45:08.237 UTC [grpc] Infof -> DEBU 02b Subchannel Connectivity change to CONNECTING
2023-06-20 20:45:08.246 UTC [grpc] Infof -> DEBU 02c Subchannel picks a new address "peer0.org2.convergenciax.com:7051" to connect
2023-06-20 20:45:08.252 UTC [grpc] UpdateSubConnState -> DEBU 02d pickfirstBalancer: HandleSubConnStateChange: 0xc0003f2380, {CONNECTING <nil>}
2023-06-20 20:45:08.252 UTC [grpc] Infof -> DEBU 02e Channel Connectivity change to CONNECTING
2023-06-20 20:45:08.293 UTC [grpc] Infof -> DEBU 02f Subchannel Connectivity change to READY
2023-06-20 20:45:08.295 UTC [grpc] UpdateSubConnState -> DEBU 030 pickfirstBalancer: HandleSubConnStateChange: 0xc0003f2380, {READY <nil>}
2023-06-20 20:45:08.302 UTC [grpc] Infof -> DEBU 031 Channel Connectivity change to READY
2023-06-20 20:45:08.305 UTC [msp] GetDefaultSigningIdentity -> DEBU 032 Obtaining default signing identity
2023-06-20 20:45:08.313 UTC [grpc] WithKeepaliveParams -> DEBU 033 Adjusting keepalive ping interval to minimum period of 10s
2023-06-20 20:45:08.316 UTC [grpc] Infof -> DEBU 034 parsed scheme: ""
2023-06-20 20:45:08.316 UTC [grpc] Infof -> DEBU 035 scheme "" not registered, fallback to default scheme
2023-06-20 20:45:08.317 UTC [grpc] Infof -> DEBU 036 ccResolverWrapper: sending update to cc: {[{orderer.convergenciax.com:7050  <nil> 0 <nil>}] <nil> <nil>}
2023-06-20 20:45:08.319 UTC [grpc] Infof -> DEBU 037 ClientConn switching balancer to "pick_first"
2023-06-20 20:45:08.319 UTC [grpc] Infof -> DEBU 038 Channel switches to new LB policy "pick_first"
2023-06-20 20:45:08.319 UTC [grpc] Infof -> DEBU 039 Subchannel Connectivity change to CONNECTING
2023-06-20 20:45:08.319 UTC [grpc] Infof -> DEBU 03a Subchannel picks a new address "orderer.convergenciax.com:7050" to connect
2023-06-20 20:45:08.319 UTC [grpc] UpdateSubConnState -> DEBU 03b pickfirstBalancer: HandleSubConnStateChange: 0xc0000a9d40, {CONNECTING <nil>}
2023-06-20 20:45:08.331 UTC [grpc] Infof -> DEBU 03c Channel Connectivity change to CONNECTING
2023-06-20 20:45:08.375 UTC [grpc] Infof -> DEBU 03d Subchannel Connectivity change to READY
2023-06-20 20:45:08.375 UTC [grpc] UpdateSubConnState -> DEBU 03e pickfirstBalancer: HandleSubConnStateChange: 0xc0000a9d40, {READY <nil>}
2023-06-20 20:45:08.375 UTC [grpc] Infof -> DEBU 03f Channel Connectivity change to READY
2023-06-20 20:45:08.375 UTC [msp.identity] Sign -> DEBU 040 Sign: plaintext: 0AE0070A7008031A0C08D49FC8A40610...4A6F656C4F7267320A0650616C746173
2023-06-20 20:45:08.375 UTC [msp.identity] Sign -> DEBU 041 Sign: digest: 8EA941CE5ACC254E3B575393F1A9BB7EEA9E2D370D983947CE8BDA7C7457B525
2023-06-20 20:45:08.427 UTC [chaincodeCmd] chaincodeInvokeOrQuery -> DEBU 042 ESCC invoke result: response:<status:500 message:"make sure the chaincode foodcontrol has been successfully defined on channel marketplace and try again: chaincode definition for 'foodcontrol' at sequence 1 on channel 'marketplace' has not yet been approved by this org" >
Error: endorsement failure during invoke. response: status:500 message:"make sure the chaincode foodcontrol has been successfully defined on channel marketplace and try again: chaincode definition for 'foodcontrol' at sequence 1 on channel 'marketplace' has not yet been approved by this org"
bash-5.0#
bash-5.0#





##########

##########
### prueba org3, OK si tiene permisos###########
##########

bash-5.0# export CORE_PEER_MSPCONFIGPATH=/opt/gopath/src/github.com/hyperledger/fabric/peer/crypto/peerOrganizations/org3.convergenciax.com/users/Admin@org3.convergenciax.com/msp
bash-5.0# export CORE_PEER_ADDRESS=peer0.org3.convergenciax.com:7051
bash-5.0# export CORE_PEER_LOCALMSPID="Org3MSP"
bash-5.0# export CORE_PEER_TLS_ROOTCERT_FILE=/opt/gopath/src/github.com/hyperledger/fabric/peer/crypto/peerOrganizations/org3.convergenciax.com/peers/peer0.org3.convergenciax.com/tls/ca.crt
bash-5.0# peer chaincode invoke -o orderer.convergenciax.com:7050 --tls --cafile $ORDERER_CA --channelID $CHANNEL_NAME --name $CHAINCODE_NAME -c '{"Args":["Set","id:4","JoelOrg3","Paltas"]}'
2023-06-22 18:44:19.075 UTC [bccsp] GetDefault -> DEBU 001 Before using BCCSP, please call InitFactories(). Falling back to bootBCCSP.
2023-06-22 18:44:19.095 UTC [bccsp] GetDefault -> DEBU 002 Before using BCCSP, please call InitFactories(). Falling back to bootBCCSP.
2023-06-22 18:44:19.099 UTC [bccsp_sw] openKeyStore -> DEBU 003 KeyStore opened at [/opt/gopath/src/github.com/hyperledger/fabric/peer/crypto/peerOrganizations/org3.convergenciax.com/users/Admin@org3.convergenciax.com/msp/keystore]...done
2023-06-22 18:44:19.099 UTC [msp] getPemMaterialFromDir -> DEBU 004 Reading directory /opt/gopath/src/github.com/hyperledger/fabric/peer/crypto/peerOrganizations/org3.convergenciax.com/users/Admin@org3.convergenciax.com/msp/signcerts
2023-06-22 18:44:19.099 UTC [msp] getPemMaterialFromDir -> DEBU 005 Inspecting file /opt/gopath/src/github.com/hyperledger/fabric/peer/crypto/peerOrganizations/org3.convergenciax.com/users/Admin@org3.convergenciax.com/msp/signcerts/Admin@org3.convergenciax.com-cert.pem
2023-06-22 18:44:19.099 UTC [msp] getPemMaterialFromDir -> DEBU 006 Reading directory /opt/gopath/src/github.com/hyperledger/fabric/peer/crypto/peerOrganizations/org3.convergenciax.com/users/Admin@org3.convergenciax.com/msp/cacerts
2023-06-22 18:44:19.099 UTC [msp] getPemMaterialFromDir -> DEBU 007 Inspecting file /opt/gopath/src/github.com/hyperledger/fabric/peer/crypto/peerOrganizations/org3.convergenciax.com/users/Admin@org3.convergenciax.com/msp/cacerts/ca.org3.convergenciax.com-cert.pem
2023-06-22 18:44:19.099 UTC [msp] getPemMaterialFromDir -> DEBU 008 Reading directory /opt/gopath/src/github.com/hyperledger/fabric/peer/crypto/peerOrganizations/org3.convergenciax.com/users/Admin@org3.convergenciax.com/msp/admincerts
2023-06-22 18:44:19.100 UTC [msp] getPemMaterialFromDir -> DEBU 009 Reading directory /opt/gopath/src/github.com/hyperledger/fabric/peer/crypto/peerOrganizations/org3.convergenciax.com/users/Admin@org3.convergenciax.com/msp/intermediatecerts
2023-06-22 18:44:19.100 UTC [msp] getMspConfig -> DEBU 00a Intermediate certs folder not found at [/opt/gopath/src/github.com/hyperledger/fabric/peer/crypto/peerOrganizations/org3.convergenciax.com/users/Admin@org3.convergenciax.com/msp/intermediatecerts]. Skipping. [stat /opt/gopath/src/github.com/hyperledger/fabric/peer/crypto/peerOrganizations/org3.convergenciax.com/users/Admin@org3.convergenciax.com/msp/intermediatecerts: no such file or directory]
2023-06-22 18:44:19.100 UTC [msp] getPemMaterialFromDir -> DEBU 00b Reading directory /opt/gopath/src/github.com/hyperledger/fabric/peer/crypto/peerOrganizations/org3.convergenciax.com/users/Admin@org3.convergenciax.com/msp/tlscacerts
2023-06-22 18:44:19.100 UTC [msp] getPemMaterialFromDir -> DEBU 00c Inspecting file /opt/gopath/src/github.com/hyperledger/fabric/peer/crypto/peerOrganizations/org3.convergenciax.com/users/Admin@org3.convergenciax.com/msp/tlscacerts/tlsca.org3.convergenciax.com-cert.pem
2023-06-22 18:44:19.100 UTC [msp] getPemMaterialFromDir -> DEBU 00d Reading directory /opt/gopath/src/github.com/hyperledger/fabric/peer/crypto/peerOrganizations/org3.convergenciax.com/users/Admin@org3.convergenciax.com/msp/tlsintermediatecerts
2023-06-22 18:44:19.100 UTC [msp] getMspConfig -> DEBU 00e TLS intermediate certs folder not found at [/opt/gopath/src/github.com/hyperledger/fabric/peer/crypto/peerOrganizations/org3.convergenciax.com/users/Admin@org3.convergenciax.com/msp/tlsintermediatecerts]. Skipping. [stat /opt/gopath/src/github.com/hyperledger/fabric/peer/crypto/peerOrganizations/org3.convergenciax.com/users/Admin@org3.convergenciax.com/msp/tlsintermediatecerts: no such file or directory]
2023-06-22 18:44:19.100 UTC [msp] getPemMaterialFromDir -> DEBU 00f Reading directory /opt/gopath/src/github.com/hyperledger/fabric/peer/crypto/peerOrganizations/org3.convergenciax.com/users/Admin@org3.convergenciax.com/msp/crls
2023-06-22 18:44:19.101 UTC [msp] getMspConfig -> DEBU 010 crls folder not found at [/opt/gopath/src/github.com/hyperledger/fabric/peer/crypto/peerOrganizations/org3.convergenciax.com/users/Admin@org3.convergenciax.com/msp/crls]. Skipping. [stat /opt/gopath/src/github.com/hyperledger/fabric/peer/crypto/peerOrganizations/org3.convergenciax.com/users/Admin@org3.convergenciax.com/msp/crls: no such file or directory]
2023-06-22 18:44:19.101 UTC [msp] getMspConfig -> DEBU 011 Loading NodeOUs
2023-06-22 18:44:19.102 UTC [msp] newBccspMsp -> DEBU 012 Creating BCCSP-based MSP instance
2023-06-22 18:44:19.102 UTC [msp] New -> DEBU 013 Creating Cache-MSP instance
2023-06-22 18:44:19.102 UTC [msp] loadLocalMSP -> DEBU 014 Created new local MSP
2023-06-22 18:44:19.102 UTC [msp] Setup -> DEBU 015 Setting up MSP instance Org3MSP
2023-06-22 18:44:19.102 UTC [msp.identity] newIdentity -> DEBU 016 Creating identity instance for cert -----BEGIN CERTIFICATE-----
MIICajCCAg+gAwIBAgIQQF8Z4cjXPoOAyZpcZHWWgDAKBggqhkjOPQQDAjB/MQsw
CQYDVQQGEwJVUzETMBEGA1UECBMKQ2FsaWZvcm5pYTEWMBQGA1UEBxMNU2FuIEZy
YW5jaXNjbzEfMB0GA1UEChMWb3JnMy5jb252ZXJnZW5jaWF4LmNvbTEiMCAGA1UE
AxMZY2Eub3JnMy5jb252ZXJnZW5jaWF4LmNvbTAeFw0yMzA2MjIxNjExMDBaFw0z
MzA2MTkxNjExMDBaMH8xCzAJBgNVBAYTAlVTMRMwEQYDVQQIEwpDYWxpZm9ybmlh
MRYwFAYDVQQHEw1TYW4gRnJhbmNpc2NvMR8wHQYDVQQKExZvcmczLmNvbnZlcmdl
bmNpYXguY29tMSIwIAYDVQQDExljYS5vcmczLmNvbnZlcmdlbmNpYXguY29tMFkw
EwYHKoZIzj0CAQYIKoZIzj0DAQcDQgAE3ZsqSgQhcqo1QAOx6tEJvENk/e0RXypn
8wgaswwIbkqpa2tlfKlNicfR+7OM7RAONuwqaywxCBQbiHJjYJKnKaNtMGswDgYD
VR0PAQH/BAQDAgGmMB0GA1UdJQQWMBQGCCsGAQUFBwMCBggrBgEFBQcDATAPBgNV
HRMBAf8EBTADAQH/MCkGA1UdDgQiBCDLaoDSXzXmEu4bkqRnSFsL9jTh+gK1VWEI
Djz2zO4jxTAKBggqhkjOPQQDAgNJADBGAiEAj+4U77dJcctZk3ot4apxBz9BqU3k
6VIkYMLE04sCLwUCIQD8P9mn352yYV4pxHeOgJjiXwogSDshJUOyNp2z1PNXxg==
-----END CERTIFICATE-----
2023-06-22 18:44:19.103 UTC [msp.identity] newIdentity -> DEBU 017 Creating identity instance for cert -----BEGIN CERTIFICATE-----
MIICOzCCAeKgAwIBAgIRAP3x8yc+f8GMw8Ke+nyJsDYwCgYIKoZIzj0EAwIwfzEL
MAkGA1UEBhMCVVMxEzARBgNVBAgTCkNhbGlmb3JuaWExFjAUBgNVBAcTDVNhbiBG
cmFuY2lzY28xHzAdBgNVBAoTFm9yZzMuY29udmVyZ2VuY2lheC5jb20xIjAgBgNV
BAMTGWNhLm9yZzMuY29udmVyZ2VuY2lheC5jb20wHhcNMjMwNjIyMTYxMTAwWhcN
MzMwNjE5MTYxMTAwWjBxMQswCQYDVQQGEwJVUzETMBEGA1UECBMKQ2FsaWZvcm5p
YTEWMBQGA1UEBxMNU2FuIEZyYW5jaXNjbzEOMAwGA1UECxMFYWRtaW4xJTAjBgNV
BAMMHEFkbWluQG9yZzMuY29udmVyZ2VuY2lheC5jb20wWTATBgcqhkjOPQIBBggq
hkjOPQMBBwNCAASB0eJL+X/ObeQlkDjYbt5a9NdbrhndWV0qaNlJ8k9q+eVrvdy7
akZLEN6cLr3Etl/9f0F4hJYVkrZr+UDoQaRto00wSzAOBgNVHQ8BAf8EBAMCB4Aw
DAYDVR0TAQH/BAIwADArBgNVHSMEJDAigCDLaoDSXzXmEu4bkqRnSFsL9jTh+gK1
VWEIDjz2zO4jxTAKBggqhkjOPQQDAgNHADBEAiAMXovHe2VgYh8ua8ml4PFuZHWD
HZLDEk0hw/MVvan+MgIgVlqUpniwD0mGkyfYfU0zzNCEZONSBFhrWL0rXXKZUBc=
-----END CERTIFICATE-----
2023-06-22 18:44:19.115 UTC [msp.identity] newIdentity -> DEBU 018 Creating identity instance for cert -----BEGIN CERTIFICATE-----
MIICOzCCAeKgAwIBAgIRAP3x8yc+f8GMw8Ke+nyJsDYwCgYIKoZIzj0EAwIwfzEL
MAkGA1UEBhMCVVMxEzARBgNVBAgTCkNhbGlmb3JuaWExFjAUBgNVBAcTDVNhbiBG
cmFuY2lzY28xHzAdBgNVBAoTFm9yZzMuY29udmVyZ2VuY2lheC5jb20xIjAgBgNV
BAMTGWNhLm9yZzMuY29udmVyZ2VuY2lheC5jb20wHhcNMjMwNjIyMTYxMTAwWhcN
MzMwNjE5MTYxMTAwWjBxMQswCQYDVQQGEwJVUzETMBEGA1UECBMKQ2FsaWZvcm5p
YTEWMBQGA1UEBxMNU2FuIEZyYW5jaXNjbzEOMAwGA1UECxMFYWRtaW4xJTAjBgNV
BAMMHEFkbWluQG9yZzMuY29udmVyZ2VuY2lheC5jb20wWTATBgcqhkjOPQIBBggq
hkjOPQMBBwNCAASB0eJL+X/ObeQlkDjYbt5a9NdbrhndWV0qaNlJ8k9q+eVrvdy7
akZLEN6cLr3Etl/9f0F4hJYVkrZr+UDoQaRto00wSzAOBgNVHQ8BAf8EBAMCB4Aw
DAYDVR0TAQH/BAIwADArBgNVHSMEJDAigCDLaoDSXzXmEu4bkqRnSFsL9jTh+gK1
VWEIDjz2zO4jxTAKBggqhkjOPQQDAgNHADBEAiAMXovHe2VgYh8ua8ml4PFuZHWD
HZLDEk0hw/MVvan+MgIgVlqUpniwD0mGkyfYfU0zzNCEZONSBFhrWL0rXXKZUBc=
-----END CERTIFICATE-----
2023-06-22 18:44:19.115 UTC [msp] setupSigningIdentity -> DEBU 019 Signing identity expires at 2033-06-19 16:11:00 +0000 UTC
2023-06-22 18:44:19.117 UTC [grpc] Infof -> DEBU 01a parsed scheme: ""
2023-06-22 18:44:19.117 UTC [grpc] Infof -> DEBU 01b scheme "" not registered, fallback to default scheme
2023-06-22 18:44:19.118 UTC [grpc] Infof -> DEBU 01c ccResolverWrapper: sending update to cc: {[{peer0.org3.convergenciax.com:7051  <nil> 0 <nil>}] <nil> <nil>}
2023-06-22 18:44:19.118 UTC [grpc] Infof -> DEBU 01d ClientConn switching balancer to "pick_first"
2023-06-22 18:44:19.118 UTC [grpc] Infof -> DEBU 01e Channel switches to new LB policy "pick_first"
2023-06-22 18:44:19.118 UTC [grpc] Infof -> DEBU 01f Subchannel Connectivity change to CONNECTING
2023-06-22 18:44:19.118 UTC [grpc] Infof -> DEBU 020 Subchannel picks a new address "peer0.org3.convergenciax.com:7051" to connect
2023-06-22 18:44:19.120 UTC [grpc] UpdateSubConnState -> DEBU 021 pickfirstBalancer: HandleSubConnStateChange: 0xc00018bac0, {CONNECTING <nil>}
2023-06-22 18:44:19.121 UTC [grpc] Infof -> DEBU 022 Channel Connectivity change to CONNECTING
2023-06-22 18:44:19.125 UTC [grpc] Infof -> DEBU 023 Subchannel Connectivity change to READY
2023-06-22 18:44:19.125 UTC [grpc] UpdateSubConnState -> DEBU 024 pickfirstBalancer: HandleSubConnStateChange: 0xc00018bac0, {READY <nil>}
2023-06-22 18:44:19.125 UTC [grpc] Infof -> DEBU 025 Channel Connectivity change to READY
2023-06-22 18:44:19.127 UTC [grpc] Infof -> DEBU 026 parsed scheme: ""
2023-06-22 18:44:19.128 UTC [grpc] Infof -> DEBU 027 scheme "" not registered, fallback to default scheme
2023-06-22 18:44:19.129 UTC [grpc] Infof -> DEBU 028 ccResolverWrapper: sending update to cc: {[{peer0.org3.convergenciax.com:7051  <nil> 0 <nil>}] <nil> <nil>}
2023-06-22 18:44:19.130 UTC [grpc] Infof -> DEBU 029 ClientConn switching balancer to "pick_first"
2023-06-22 18:44:19.130 UTC [grpc] Infof -> DEBU 02a Channel switches to new LB policy "pick_first"
2023-06-22 18:44:19.130 UTC [grpc] Infof -> DEBU 02b Subchannel Connectivity change to CONNECTING
2023-06-22 18:44:19.130 UTC [grpc] Infof -> DEBU 02c Subchannel picks a new address "peer0.org3.convergenciax.com:7051" to connect
2023-06-22 18:44:19.131 UTC [grpc] UpdateSubConnState -> DEBU 02d pickfirstBalancer: HandleSubConnStateChange: 0xc000499b10, {CONNECTING <nil>}
2023-06-22 18:44:19.139 UTC [grpc] Infof -> DEBU 02e Channel Connectivity change to CONNECTING
2023-06-22 18:44:19.159 UTC [grpc] Infof -> DEBU 02f Subchannel Connectivity change to READY
2023-06-22 18:44:19.159 UTC [grpc] UpdateSubConnState -> DEBU 030 pickfirstBalancer: HandleSubConnStateChange: 0xc000499b10, {READY <nil>}
2023-06-22 18:44:19.159 UTC [grpc] Infof -> DEBU 031 Channel Connectivity change to READY
2023-06-22 18:44:19.165 UTC [msp] GetDefaultSigningIdentity -> DEBU 032 Obtaining default signing identity
2023-06-22 18:44:19.166 UTC [grpc] WithKeepaliveParams -> DEBU 033 Adjusting keepalive ping interval to minimum period of 10s
2023-06-22 18:44:19.166 UTC [grpc] Infof -> DEBU 034 parsed scheme: ""
2023-06-22 18:44:19.166 UTC [grpc] Infof -> DEBU 035 scheme "" not registered, fallback to default scheme
2023-06-22 18:44:19.166 UTC [grpc] Infof -> DEBU 036 ccResolverWrapper: sending update to cc: {[{orderer.convergenciax.com:7050  <nil> 0 <nil>}] <nil> <nil>}
2023-06-22 18:44:19.166 UTC [grpc] Infof -> DEBU 037 ClientConn switching balancer to "pick_first"
2023-06-22 18:44:19.166 UTC [grpc] Infof -> DEBU 038 Channel switches to new LB policy "pick_first"
2023-06-22 18:44:19.167 UTC [grpc] Infof -> DEBU 039 Subchannel Connectivity change to CONNECTING
2023-06-22 18:44:19.168 UTC [grpc] Infof -> DEBU 03a Subchannel picks a new address "orderer.convergenciax.com:7050" to connect
2023-06-22 18:44:19.172 UTC [grpc] UpdateSubConnState -> DEBU 03b pickfirstBalancer: HandleSubConnStateChange: 0xc0000d86e0, {CONNECTING <nil>}
2023-06-22 18:44:19.173 UTC [grpc] Infof -> DEBU 03c Channel Connectivity change to CONNECTING
2023-06-22 18:44:19.184 UTC [grpc] Infof -> DEBU 03d Subchannel Connectivity change to READY
2023-06-22 18:44:19.184 UTC [grpc] UpdateSubConnState -> DEBU 03e pickfirstBalancer: HandleSubConnStateChange: 0xc0000d86e0, {READY <nil>}
2023-06-22 18:44:19.184 UTC [grpc] Infof -> DEBU 03f Channel Connectivity change to READY
2023-06-22 18:44:19.184 UTC [msp.identity] Sign -> DEBU 040 Sign: plaintext: 0ADF070A6F08031A0B0883ADD2A40610...4A6F656C4F7267330A0650616C746173 
2023-06-22 18:44:19.185 UTC [msp.identity] Sign -> DEBU 041 Sign: digest: 7B3AF7762C67CE023B6FAE8429BC6DA66D3F7C8D1F89B7392B3F0771869F06F3 
2023-06-22 18:44:19.208 UTC [msp.identity] Sign -> DEBU 042 Sign: plaintext: 0ADF070A6F08031A0B0883ADD2A40610...205AB128C59255D8A847BB271A9242AD 
2023-06-22 18:44:19.208 UTC [msp.identity] Sign -> DEBU 043 Sign: digest: B628088F26388BAD15473468A9F51C74772CDB15120EF04F8F2BCFBA63FE8B09 
2023-06-22 18:44:19.213 UTC [chaincodeCmd] chaincodeInvokeOrQuery -> DEBU 044 ESCC invoke result: version:1 response:<status:200 > payload:"\n >ti\221b\365\3243F\246+\246\365\334\2502^ \231w\212\247\024>{\225\231e\3446\025\\\022\240\001\n\206\001\022<\n\n_lifecycle\022.\n,\n&namespaces/fields/foodcontrol/Sequence\022\002\010\004\022F\n\013foodcontrol\0227\0325\n\004id:4\032-{\"agricultor\":\"JoelOrg3\",\"variedad\":\"Paltas\"}\032\003\010\310\001\"\020\022\013foodcontrol\032\0011" endorsement:<endorser:"\n\007Org3MSP\022\302\006-----BEGIN CERTIFICATE-----\nMIICOjCCAeCgAwIBAgIQaHvrtV09OevyMfhdUnCWCDAKBggqhkjOPQQDAjB/MQsw\nCQYDVQQGEwJVUzETMBEGA1UECBMKQ2FsaWZvcm5pYTEWMBQGA1UEBxMNU2FuIEZy\nYW5jaXNjbzEfMB0GA1UEChMWb3JnMy5jb252ZXJnZW5jaWF4LmNvbTEiMCAGA1UE\nAxMZY2Eub3JnMy5jb252ZXJnZW5jaWF4LmNvbTAeFw0yMzA2MjIxNjExMDBaFw0z\nMzA2MTkxNjExMDBaMHAxCzAJBgNVBAYTAlVTMRMwEQYDVQQIEwpDYWxpZm9ybmlh\nMRYwFAYDVQQHEw1TYW4gRnJhbmNpc2NvMQ0wCwYDVQQLEwRwZWVyMSUwIwYDVQQD\nExxwZWVyMC5vcmczLmNvbnZlcmdlbmNpYXguY29tMFkwEwYHKoZIzj0CAQYIKoZI\nzj0DAQcDQgAEJbWp2dS1r5KqzPeW6r5C4XVY3UqvrlRN17Dk99F96BaX8SCmtZW4\nqjqznoJxkFfxL8bAgcRLqlgjpbmmBoHAM6NNMEswDgYDVR0PAQH/BAQDAgeAMAwG\nA1UdEwEB/wQCMAAwKwYDVR0jBCQwIoAgy2qA0l815hLuG5KkZ0hbC/Y04foCtVVh\nCA489szuI8UwCgYIKoZIzj0EAwIDSAAwRQIhAK3D7OmK1VBMFv0YusYu+K3HOm5N\nSZQuT2zJelKEN+7zAiAdg0faWhxSlZSPiXFSqWjwGkE7NCfzo8N0sFxhuZ6uvw==\n-----END CERTIFICATE-----\n" signature:"0E\002!\000\354z\265L*1x\035W\266\250\246E^\002\357\224\364{R\313\222\313\324`~8\347rs\370~\002 \003\207F\227\232Z\n\010s\350=\246p\323D\365 Z\261(\305\222U\330\250G\273'\032\222B\255" > 
2023-06-22 18:44:19.215 UTC [chaincodeCmd] chaincodeInvokeOrQuery -> INFO 045 Chaincode invoke successful. result: status:200 
bash-5.0# 
